
Optional file libmchp_peripheral.a not found

Optional file libmchp_peripheral_32MX795F512L.a not found
Archive member included because of file (symbol)

c:/program files (x86)/microchip/xc32/v1.40/bin/bin/../../lib/gcc/pic32mx/4.8.3/../../../../pic32mx/lib\libpic32.a(memcpy.o)
                              build/default/production/_ext/1092921775/queue.o (memcpy)
c:/program files (x86)/microchip/xc32/v1.40/bin/bin/../../lib/gcc/pic32mx/4.8.3/../../../../pic32mx/lib\libpic32.a(memset.o)
                              build/default/production/_ext/1092921775/tasks.o (memset)
c:/program files (x86)/microchip/xc32/v1.40/bin/bin/../../lib/gcc/pic32mx/4.8.3/../../../../pic32mx/lib\libpic32.a(default-bootstrap-exception-handler.o)
                              c:/program files (x86)/microchip/xc32/v1.40/bin/bin/../../lib/gcc/pic32mx/4.8.3/../../../../pic32mx/lib/./proc/32MX795F512L/crt0_mips32r2.o (_bootstrap_exception_handler)
c:/program files (x86)/microchip/xc32/v1.40/bin/bin/../../lib/gcc/pic32mx/4.8.3/../../../../pic32mx/lib\libpic32.a(default-on-reset.o)
                              c:/program files (x86)/microchip/xc32/v1.40/bin/bin/../../lib/gcc/pic32mx/4.8.3/../../../../pic32mx/lib/./proc/32MX795F512L/crt0_mips32r2.o (_on_reset)
c:/program files (x86)/microchip/xc32/v1.40/bin/bin/../../lib/gcc/pic32mx/4.8.3/../../../../pic32mx/lib\libpic32.a(default-on-bootstrap.o)
                              c:/program files (x86)/microchip/xc32/v1.40/bin/bin/../../lib/gcc/pic32mx/4.8.3/../../../../pic32mx/lib/./proc/32MX795F512L/crt0_mips32r2.o (_on_bootstrap)
c:/program files (x86)/microchip/xc32/v1.40/bin/bin/../../lib/gcc/pic32mx/4.8.3/../../../../pic32mx/lib\libpic32.a(default-nmi-handler.o)
                              c:/program files (x86)/microchip/xc32/v1.40/bin/bin/../../lib/gcc/pic32mx/4.8.3/../../../../pic32mx/lib/./proc/32MX795F512L/crt0_mips32r2.o (_nmi_handler)
c:/program files (x86)/microchip/xc32/v1.40/bin/bin/../../lib/gcc/pic32mx/4.8.3/../../../../pic32mx/lib\libpic32.a(general-exception.o)
                              c:/program files (x86)/microchip/xc32/v1.40/bin/bin/../../lib/gcc/pic32mx/4.8.3/../../../../pic32mx/lib/./proc/32MX795F512L/crt0_mips32r2.o (_general_exception_context)
c:/program files (x86)/microchip/xc32/v1.40/bin/bin/../../lib/gcc/pic32mx/4.8.3/../../../../pic32mx/lib\libpic32.a(vector0.o)
                              c:/program files (x86)/microchip/xc32/v1.40/bin/bin/../../lib/gcc/pic32mx/4.8.3/../../../../pic32mx/lib/./proc/32MX795F512L\default_isr_vectors.o (__vector_dispatch_0)
c:/program files (x86)/microchip/xc32/v1.40/bin/bin/../../lib/gcc/pic32mx/4.8.3/../../../../pic32mx/lib\libpic32.a(vector2.o)
                              c:/program files (x86)/microchip/xc32/v1.40/bin/bin/../../lib/gcc/pic32mx/4.8.3/../../../../pic32mx/lib/./proc/32MX795F512L\default_isr_vectors.o (__vector_dispatch_2)
c:/program files (x86)/microchip/xc32/v1.40/bin/bin/../../lib/gcc/pic32mx/4.8.3/../../../../pic32mx/lib\libpic32.a(vector3.o)
                              c:/program files (x86)/microchip/xc32/v1.40/bin/bin/../../lib/gcc/pic32mx/4.8.3/../../../../pic32mx/lib/./proc/32MX795F512L\default_isr_vectors.o (__vector_dispatch_3)
c:/program files (x86)/microchip/xc32/v1.40/bin/bin/../../lib/gcc/pic32mx/4.8.3/../../../../pic32mx/lib\libpic32.a(vector5.o)
                              c:/program files (x86)/microchip/xc32/v1.40/bin/bin/../../lib/gcc/pic32mx/4.8.3/../../../../pic32mx/lib/./proc/32MX795F512L\default_isr_vectors.o (__vector_dispatch_5)
c:/program files (x86)/microchip/xc32/v1.40/bin/bin/../../lib/gcc/pic32mx/4.8.3/../../../../pic32mx/lib\libpic32.a(vector6.o)
                              c:/program files (x86)/microchip/xc32/v1.40/bin/bin/../../lib/gcc/pic32mx/4.8.3/../../../../pic32mx/lib/./proc/32MX795F512L\default_isr_vectors.o (__vector_dispatch_6)
c:/program files (x86)/microchip/xc32/v1.40/bin/bin/../../lib/gcc/pic32mx/4.8.3/../../../../pic32mx/lib\libpic32.a(vector7.o)
                              c:/program files (x86)/microchip/xc32/v1.40/bin/bin/../../lib/gcc/pic32mx/4.8.3/../../../../pic32mx/lib/./proc/32MX795F512L\default_isr_vectors.o (__vector_dispatch_7)
c:/program files (x86)/microchip/xc32/v1.40/bin/bin/../../lib/gcc/pic32mx/4.8.3/../../../../pic32mx/lib\libpic32.a(vector8.o)
                              c:/program files (x86)/microchip/xc32/v1.40/bin/bin/../../lib/gcc/pic32mx/4.8.3/../../../../pic32mx/lib/./proc/32MX795F512L\default_isr_vectors.o (__vector_dispatch_8)
c:/program files (x86)/microchip/xc32/v1.40/bin/bin/../../lib/gcc/pic32mx/4.8.3/../../../../pic32mx/lib\libpic32.a(vector9.o)
                              c:/program files (x86)/microchip/xc32/v1.40/bin/bin/../../lib/gcc/pic32mx/4.8.3/../../../../pic32mx/lib/./proc/32MX795F512L\default_isr_vectors.o (__vector_dispatch_9)
c:/program files (x86)/microchip/xc32/v1.40/bin/bin/../../lib/gcc/pic32mx/4.8.3/../../../../pic32mx/lib\libpic32.a(vector10.o)
[...]
Memory Configuration

Name             Origin             Length             Attributes
kseg0_program_mem 0x9d000000         0x00080000         xr
kseg0_boot_mem   0x9fc00490         0x00000970
exception_mem    0x9fc01000         0x00001000
kseg1_boot_mem   0xbfc00000         0x00000490
debug_exec_mem   0xbfc02000         0x00000ff0
config3          0xbfc02ff0         0x00000004
config2          0xbfc02ff4         0x00000004
config1          0xbfc02ff8         0x00000004
config0          0xbfc02ffc         0x00000004
kseg1_data_mem   0xa0000000         0x00020000         w !x
sfrs             0xbf800000         0x00100000
configsfrs       0xbfc02ff0         0x00000010
*default*        0x00000000         0xffffffff

Linker script and memory map

LOAD c:/program files (x86)/microchip/xc32/v1.40/bin/bin/../../lib/gcc/pic32mx/4.8.3/../../../../pic32mx/lib/./proc/32MX795F512L/crt0_mips32r2.o
LOAD c:/program files (x86)/microchip/xc32/v1.40/bin/bin/../../lib/gcc/pic32mx/4.8.3/../../../../pic32mx/lib\debug-exception-return.o
LOAD build/default/production/_ext/1360937237/app.o
LOAD build/default/production/_ext/1360937237/main.o
LOAD build/default/production/_ext/1360937237/timer.o
LOAD build/default/production/_ext/1360937237/debugging_task.o
LOAD build/default/production/_ext/1360937237/debugtemp.o
LOAD build/default/production/_ext/1360937237/messaging_task.o
LOAD build/default/production/_ext/933768138/osal_freertos.o
LOAD build/default/production/_ext/1502763280/sys_devcon.o
LOAD build/default/production/_ext/1502763280/sys_devcon_pic32mx.o
LOAD build/default/production/_ext/361851466/sys_int_pic32.o
LOAD build/default/production/_ext/1967917095/sys_ports.o
LOAD build/default/production/_ext/1092921775/croutine.o
LOAD build/default/production/_ext/1092921775/list.o
LOAD build/default/production/_ext/1092921775/queue.o
LOAD build/default/production/_ext/1092921775/tasks.o
LOAD build/default/production/_ext/1092921775/timers.o
LOAD build/default/production/_ext/1092921775/event_groups.o
LOAD build/default/production/_ext/371772180/heap_1.o
LOAD build/default/production/_ext/1767308377/port.o
LOAD build/default/production/_ext/1767308377/port_asm.o
LOAD build/default/production/_ext/1360937237/sensor2.o
LOAD build/default/production/_ext/1360937237/sensor3.o
LOAD build/default/production/_ext/1360937237/sensor4.o
LOAD build/default/production/_ext/1361460060/drv_adc_static.o
LOAD build/default/production/_ext/1345626252/drv_usart_static.o
LOAD build/default/production/_ext/639803181/sys_clk_static.o
LOAD build/default/production/_ext/822048611/sys_ports_static.o
LOAD build/default/production/_ext/1688732426/system_init.o
LOAD build/default/production/_ext/1688732426/system_interrupt.o
LOAD build/default/production/_ext/1688732426/system_exceptions.o
LOAD build/default/production/_ext/1688732426/system_tasks.o
LOAD build/default/production/_ext/1688732426/system_interrupt_a.o
LOAD build/default/production/_ext/1688732426/rtos_hooks.o
LOAD ..\..\..\..\..\..\..\..\..\microchip\harmony\v1_06_02\bin\framework\peripheral\PIC32MX795F512L_peripherals.a
                0x00000001                __MPLAB_BUILD = 0x1
                0x00000000                _min_heap_size = 0x0
LOAD c:/program files (x86)/microchip/xc32/v1.40/bin/bin/../../lib/gcc/pic32mx/4.8.3/../../../../pic32mx/lib/./proc/32MX795F512L\default_isr_vectors.o
LOAD c:/program files (x86)/microchip/xc32/v1.40/bin/bin/../../lib/gcc/pic32mx/4.8.3/../../../../pic32mx/lib\pic32_software_reset.o
                0x00000400                PROVIDE (_min_stack_size, 0x400)
LOAD c:/program files (x86)/microchip/xc32/v1.40/bin/bin/../../lib/gcc/pic32mx/4.8.3/../../../../pic32mx/lib/./proc/32MX795F512L\processor.o
START GROUP
LOAD libmchp_peripheral.a
END GROUP
START GROUP
LOAD libmchp_peripheral_32MX795F512L.a
END GROUP
                0x00000001                PROVIDE (_vector_spacing, 0x1)
                0x9fc01000                _ebase_address = 0x9fc01000
                0xbfc00000                _RESET_ADDR = 0xbfc00000
                0xbfc00380                _BEV_EXCPT_ADDR = 0xbfc00380
                0xbfc00480                _DBG_EXCPT_ADDR = 0xbfc00480
                0xbfc02000                _DBG_CODE_ADDR = 0xbfc02000
                0x00000ff0                _DBG_CODE_SIZE = 0xff0
                0x9fc01180                _GEN_EXCPT_ADDR = (_ebase_address + 0x180)

.config_BFC02FF0
                0xbfc02ff0        0x4
 *(.config_BFC02FF0)
 .config_BFC02FF0
                0xbfc02ff0        0x4 build/default/production/_ext/1688732426/system_init.o

.config_BFC02FF4
                0xbfc02ff4        0x4
 *(.config_BFC02FF4)
 .config_BFC02FF4
                0xbfc02ff4        0x4 build/default/production/_ext/1688732426/system_init.o

.config_BFC02FF8
                0xbfc02ff8        0x4
 *(.config_BFC02FF8)
 .config_BFC02FF8
                0xbfc02ff8        0x4 build/default/production/_ext/1688732426/system_init.o

.config_BFC02FFC
                0xbfc02ffc        0x4
 *(.config_BFC02FFC)
 .config_BFC02FFC
                0xbfc02ffc        0x4 build/default/production/_ext/1688732426/system_init.o
                0xbfc02000                PROVIDE (_DBG_CODE_ADDR, 0xbfc02000)
                0x00000ff0                PROVIDE (_DBG_CODE_SIZE, 0xff0)

.reset          0xbfc00000      0x1f4
 *(.reset)
 .reset         0xbfc00000        0x8 c:/program files (x86)/microchip/xc32/v1.40/bin/bin/../../lib/gcc/pic32mx/4.8.3/../../../../pic32mx/lib/./proc/32MX795F512L/crt0_mips32r2.o
                0xbfc00000                _reset
 *(.reset.startup)
 .reset.startup
                0xbfc00008      0x1ec c:/program files (x86)/microchip/xc32/v1.40/bin/bin/../../lib/gcc/pic32mx/4.8.3/../../../../pic32mx/lib/./proc/32MX795F512L/crt0_mips32r2.o

.bev_excpt      0xbfc00380       0x10
 *(.bev_handler)
 .bev_handler   0xbfc00380       0x10 c:/program files (x86)/microchip/xc32/v1.40/bin/bin/../../lib/gcc/pic32mx/4.8.3/../../../../pic32mx/lib/./proc/32MX795F512L/crt0_mips32r2.o

.dbg_excpt      0xbfc00480        0x0
                0xbfc00480                . = (. + DEFINED (_DEBUGGER)?0x8:0x0)

.dbg_code       0xbfc02000        0x0
                0xbfc02000                . = (. + DEFINED (_DEBUGGER)?_DBG_CODE_SIZE:0x0)

.app_excpt      0x9fc01180       0x10
 *(.gen_handler)
 .gen_handler   0x9fc01180       0x10 c:/program files (x86)/microchip/xc32/v1.40/bin/bin/../../lib/gcc/pic32mx/4.8.3/../../../../pic32mx/lib/./proc/32MX795F512L/crt0_mips32r2.o

.vector_0       0x9fc01200        0x8
 *(.vector_0)
 .vector_0      0x9fc01200        0x8 c:/program files (x86)/microchip/xc32/v1.40/bin/bin/../../lib/gcc/pic32mx/4.8.3/../../../../pic32mx/lib\libpic32.a(vector0.o)
                0x9fc01200                __vector_dispatch_0
                0x00000001                ASSERT (((_vector_spacing == 0x0) || (SIZEOF (.vector_0) <= (_vector_spacing << 0x5))), function at exception vector 0 too large)

.vector_1       0x9fc01220        0x8
 *(.vector_1)
 .vector_1      0x9fc01220        0x8 build/default/production/_ext/1767308377/port.o
                0x9fc01220                __vector_dispatch_1
                0x00000001                ASSERT (((_vector_spacing == 0x0) || (SIZEOF (.vector_1) <= (_vector_spacing << 0x5))), function at exception vector 1 too large)

.vector_2       0x9fc01240        0x8
 *(.vector_2)
 .vector_2      0x9fc01240        0x8 c:/program files (x86)/microchip/xc32/v1.40/bin/bin/../../lib/gcc/pic32mx/4.8.3/../../../../pic32mx/lib\libpic32.a(vector2.o)
                0x9fc01240                __vector_dispatch_2
                0x00000001                ASSERT (((_vector_spacing == 0x0) || (SIZEOF (.vector_2) <= (_vector_spacing << 0x5))), function at exception vector 2 too large)

.vector_3       0x9fc01260        0x8
 *(.vector_3)
 .vector_3      0x9fc01260        0x8 c:/program files (x86)/microchip/xc32/v1.40/bin/bin/../../lib/gcc/pic32mx/4.8.3/../../../../pic32mx/lib\libpic32.a(vector3.o)
                0x9fc01260                __vector_dispatch_3
                0x00000001                ASSERT (((_vector_spacing == 0x0) || (SIZEOF (.vector_3) <= (_vector_spacing << 0x5))), function at exception vector 3 too large)

.vector_4       0x9fc01280        0x8
 *(.vector_4)
 .vector_4      0x9fc01280        0x8 build/default/production/_ext/1767308377/port.o
                0x9fc01280                __vector_dispatch_4
                0x00000001                ASSERT (((_vector_spacing == 0x0) || (SIZEOF (.vector_4) <= (_vector_spacing << 0x5))), function at exception vector 4 too large)

.vector_5       0x9fc012a0        0x8
 *(.vector_5)
 .vector_5      0x9fc012a0        0x8 c:/program files (x86)/microchip/xc32/v1.40/bin/bin/../../lib/gcc/pic32mx/4.8.3/../../../../pic32mx/lib\libpic32.a(vector5.o)
                0x9fc012a0                __vector_dispatch_5
                0x00000001                ASSERT (((_vector_spacing == 0x0) || (SIZEOF (.vector_5) <= (_vector_spacing << 0x5))), function at exception vector 5 too large)

.vector_6       0x9fc012c0        0x8
 *(.vector_6)
 .vector_6      0x9fc012c0        0x8 c:/program files (x86)/microchip/xc32/v1.40/bin/bin/../../lib/gcc/pic32mx/4.8.3/../../../../pic32mx/lib\libpic32.a(vector6.o)
                0x9fc012c0                __vector_dispatch_6
                0x00000001                ASSERT (((_vector_spacing == 0x0) || (SIZEOF (.vector_6) <= (_vector_spacing << 0x5))), function at exception vector 6 too large)

.vector_7       0x9fc012e0        0x8
 *(.vector_7)
 .vector_7      0x9fc012e0        0x8 c:/program files (x86)/microchip/xc32/v1.40/bin/bin/../../lib/gcc/pic32mx/4.8.3/../../../../pic32mx/lib\libpic32.a(vector7.o)
                0x9fc012e0                __vector_dispatch_7
                0x00000001                ASSERT (((_vector_spacing == 0x0) || (SIZEOF (.vector_7) <= (_vector_spacing << 0x5))), function at exception vector 7 too large)

.vector_8       0x9fc01300        0x8
 *(.vector_8)
 .vector_8      0x9fc01300        0x8 c:/program files (x86)/microchip/xc32/v1.40/bin/bin/../../lib/gcc/pic32mx/4.8.3/../../../../pic32mx/lib\libpic32.a(vector8.o)
                0x9fc01300                __vector_dispatch_8
                0x00000001                ASSERT (((_vector_spacing == 0x0) || (SIZEOF (.vector_8) <= (_vector_spacing << 0x5))), function at exception vector 8 too large)

.vector_9       0x9fc01320        0x8
 *(.vector_9)
 .vector_9      0x9fc01320        0x8 c:/program files (x86)/microchip/xc32/v1.40/bin/bin/../../lib/gcc/pic32mx/4.8.3/../../../../pic32mx/lib\libpic32.a(vector9.o)
                0x9fc01320                __vector_dispatch_9
                0x00000001                ASSERT (((_vector_spacing == 0x0) || (SIZEOF (.vector_9) <= (_vector_spacing << 0x5))), function at exception vector 9 too large)

.vector_10      0x9fc01340        0x8
 *(.vector_10)
 .vector_10     0x9fc01340        0x8 c:/program files (x86)/microchip/xc32/v1.40/bin/bin/../../lib/gcc/pic32mx/4.8.3/../../../../pic32mx/lib\libpic32.a(vector10.o)
                0x9fc01340                __vector_dispatch_10
                0x00000001                ASSERT (((_vector_spacing == 0x0) || (SIZEOF (.vector_10) <= (_vector_spacing << 0x5))), function at exception vector 10 too large)

.vector_11      0x9fc01360        0x8
 *(.vector_11)
 .vector_11     0x9fc01360        0x8 c:/program files (x86)/microchip/xc32/v1.40/bin/bin/../../lib/gcc/pic32mx/4.8.3/../../../../pic32mx/lib\libpic32.a(vector11.o)
                0x9fc01360                __vector_dispatch_11
                0x00000001                ASSERT (((_vector_spacing == 0x0) || (SIZEOF (.vector_11) <= (_vector_spacing << 0x5))), function at exception vector 11 too large)

.vector_12      0x9fc01380        0x8
 *(.vector_12)
 .vector_12     0x9fc01380        0x8 c:/program files (x86)/microchip/xc32/v1.40/bin/bin/../../lib/gcc/pic32mx/4.8.3/../../../../pic32mx/lib\libpic32.a(vector12.o)
                0x9fc01380                __vector_dispatch_12
                0x00000001                ASSERT (((_vector_spacing == 0x0) || (SIZEOF (.vector_12) <= (_vector_spacing << 0x5))), function at exception vector 12 too large)

.vector_13      0x9fc013a0        0x8
 *(.vector_13)
 .vector_13     0x9fc013a0        0x8 c:/program files (x86)/microchip/xc32/v1.40/bin/bin/../../lib/gcc/pic32mx/4.8.3/../../../../pic32mx/lib\libpic32.a(vector13.o)
                0x9fc013a0                __vector_dispatch_13
                0x00000001                ASSERT (((_vector_spacing == 0x0) || (SIZEOF (.vector_13) <= (_vector_spacing << 0x5))), function at exception vector 13 too large)

.vector_14      0x9fc013c0        0x8
 *(.vector_14)
 .vector_14     0x9fc013c0        0x8 c:/program files (x86)/microchip/xc32/v1.40/bin/bin/../../lib/gcc/pic32mx/4.8.3/../../../../pic32mx/lib\libpic32.a(vector14.o)
                0x9fc013c0                __vector_dispatch_14
                0x00000001                ASSERT (((_vector_spacing == 0x0) || (SIZEOF (.vector_14) <= (_vector_spacing << 0x5))), function at exception vector 14 too large)

.vector_15      0x9fc013e0        0x8
 *(.vector_15)
 .vector_15     0x9fc013e0        0x8 c:/program files (x86)/microchip/xc32/v1.40/bin/bin/../../lib/gcc/pic32mx/4.8.3/../../../../pic32mx/lib\libpic32.a(vector15.o)
                0x9fc013e0                __vector_dispatch_15
                0x00000001                ASSERT (((_vector_spacing == 0x0) || (SIZEOF (.vector_15) <= (_vector_spacing << 0x5))), function at exception vector 15 too large)

.vector_16      0x9fc01400        0x8
 *(.vector_16)
 .vector_16     0x9fc01400        0x8 c:/program files (x86)/microchip/xc32/v1.40/bin/bin/../../lib/gcc/pic32mx/4.8.3/../../../../pic32mx/lib\libpic32.a(vector16.o)
                0x9fc01400                __vector_dispatch_16
                0x00000001                ASSERT (((_vector_spacing == 0x0) || (SIZEOF (.vector_16) <= (_vector_spacing << 0x5))), function at exception vector 16 too large)

.vector_17      0x9fc01420        0x8
 *(.vector_17)
 .vector_17     0x9fc01420        0x8 c:/program files (x86)/microchip/xc32/v1.40/bin/bin/../../lib/gcc/pic32mx/4.8.3/../../../../pic32mx/lib\libpic32.a(vector17.o)
                0x9fc01420                __vector_dispatch_17
                0x00000001                ASSERT (((_vector_spacing == 0x0) || (SIZEOF (.vector_17) <= (_vector_spacing << 0x5))), function at exception vector 17 too large)

.vector_18      0x9fc01440        0x8
 *(.vector_18)
 .vector_18     0x9fc01440        0x8 c:/program files (x86)/microchip/xc32/v1.40/bin/bin/../../lib/gcc/pic32mx/4.8.3/../../../../pic32mx/lib\libpic32.a(vector18.o)
                0x9fc01440                __vector_dispatch_18
                0x00000001                ASSERT (((_vector_spacing == 0x0) || (SIZEOF (.vector_18) <= (_vector_spacing << 0x5))), function at exception vector 18 too large)

.vector_19      0x9fc01460        0x8
 *(.vector_19)
 .vector_19     0x9fc01460        0x8 c:/program files (x86)/microchip/xc32/v1.40/bin/bin/../../lib/gcc/pic32mx/4.8.3/../../../../pic32mx/lib\libpic32.a(vector19.o)
                0x9fc01460                __vector_dispatch_19
                0x00000001                ASSERT (((_vector_spacing == 0x0) || (SIZEOF (.vector_19) <= (_vector_spacing << 0x5))), function at exception vector 19 too large)

.vector_20      0x9fc01480        0x8
 *(.vector_20)
 .vector_20     0x9fc01480        0x8 c:/program files (x86)/microchip/xc32/v1.40/bin/bin/../../lib/gcc/pic32mx/4.8.3/../../../../pic32mx/lib\libpic32.a(vector20.o)
                0x9fc01480                __vector_dispatch_20
                0x00000001                ASSERT (((_vector_spacing == 0x0) || (SIZEOF (.vector_20) <= (_vector_spacing << 0x5))), function at exception vector 20 too large)

.vector_21      0x9fc014a0        0x8
 *(.vector_21)
 .vector_21     0x9fc014a0        0x8 c:/program files (x86)/microchip/xc32/v1.40/bin/bin/../../lib/gcc/pic32mx/4.8.3/../../../../pic32mx/lib\libpic32.a(vector21.o)
                0x9fc014a0                __vector_dispatch_21
                0x00000001                ASSERT (((_vector_spacing == 0x0) || (SIZEOF (.vector_21) <= (_vector_spacing << 0x5))), function at exception vector 21 too large)

.vector_22      0x9fc014c0        0x8
 *(.vector_22)
 .vector_22     0x9fc014c0        0x8 c:/program files (x86)/microchip/xc32/v1.40/bin/bin/../../lib/gcc/pic32mx/4.8.3/../../../../pic32mx/lib\libpic32.a(vector22.o)
                0x9fc014c0                __vector_dispatch_22
                0x00000001                ASSERT (((_vector_spacing == 0x0) || (SIZEOF (.vector_22) <= (_vector_spacing << 0x5))), function at exception vector 22 too large)

.vector_23      0x9fc014e0        0x8
 *(.vector_23)
 .vector_23     0x9fc014e0        0x8 c:/program files (x86)/microchip/xc32/v1.40/bin/bin/../../lib/gcc/pic32mx/4.8.3/../../../../pic32mx/lib\libpic32.a(vector23.o)
                0x9fc014e0                __vector_dispatch_23
                0x00000001                ASSERT (((_vector_spacing == 0x0) || (SIZEOF (.vector_23) <= (_vector_spacing << 0x5))), function at exception vector 23 too large)

.vector_24      0x9fc01500       0x10
 *(.vector_24)
 .vector_24     0x9fc01500       0x10 build/default/production/_ext/1688732426/system_interrupt_a.o
                0x9fc01500                __vector_dispatch_24
                0x00000001                ASSERT (((_vector_spacing == 0x0) || (SIZEOF (.vector_24) <= (_vector_spacing << 0x5))), function at exception vector 24 too large)

.vector_25      0x9fc01520        0x8
 *(.vector_25)
 .vector_25     0x9fc01520        0x8 c:/program files (x86)/microchip/xc32/v1.40/bin/bin/../../lib/gcc/pic32mx/4.8.3/../../../../pic32mx/lib\libpic32.a(vector25.o)
                0x9fc01520                __vector_dispatch_25
                0x00000001                ASSERT (((_vector_spacing == 0x0) || (SIZEOF (.vector_25) <= (_vector_spacing << 0x5))), function at exception vector 25 too large)

.vector_26      0x9fc01540        0x8
 *(.vector_26)
 .vector_26     0x9fc01540        0x8 c:/program files (x86)/microchip/xc32/v1.40/bin/bin/../../lib/gcc/pic32mx/4.8.3/../../../../pic32mx/lib\libpic32.a(vector26.o)
                0x9fc01540                __vector_dispatch_26
                0x00000001                ASSERT (((_vector_spacing == 0x0) || (SIZEOF (.vector_26) <= (_vector_spacing << 0x5))), function at exception vector 26 too large)

.vector_27      0x9fc01560       0x10
 *(.vector_27)
 .vector_27     0x9fc01560       0x10 build/default/production/_ext/1688732426/system_interrupt_a.o
                0x9fc01560                __vector_dispatch_27
                0x00000001                ASSERT (((_vector_spacing == 0x0) || (SIZEOF (.vector_27) <= (_vector_spacing << 0x5))), function at exception vector 27 too large)

.vector_28      0x9fc01580        0x8
 *(.vector_28)
 .vector_28     0x9fc01580        0x8 c:/program files (x86)/microchip/xc32/v1.40/bin/bin/../../lib/gcc/pic32mx/4.8.3/../../../../pic32mx/lib\libpic32.a(vector28.o)
                0x9fc01580                __vector_dispatch_28
                0x00000001                ASSERT (((_vector_spacing == 0x0) || (SIZEOF (.vector_28) <= (_vector_spacing << 0x5))), function at exception vector 28 too large)

.vector_29      0x9fc015a0        0x8
 *(.vector_29)
 .vector_29     0x9fc015a0        0x8 c:/program files (x86)/microchip/xc32/v1.40/bin/bin/../../lib/gcc/pic32mx/4.8.3/../../../../pic32mx/lib\libpic32.a(vector29.o)
                0x9fc015a0                __vector_dispatch_29
                0x00000001                ASSERT (((_vector_spacing == 0x0) || (SIZEOF (.vector_29) <= (_vector_spacing << 0x5))), function at exception vector 29 too large)

.vector_30      0x9fc015c0        0x8
 *(.vector_30)
 .vector_30     0x9fc015c0        0x8 c:/program files (x86)/microchip/xc32/v1.40/bin/bin/../../lib/gcc/pic32mx/4.8.3/../../../../pic32mx/lib\libpic32.a(vector30.o)
                0x9fc015c0                __vector_dispatch_30
                0x00000001                ASSERT (((_vector_spacing == 0x0) || (SIZEOF (.vector_30) <= (_vector_spacing << 0x5))), function at exception vector 30 too large)

.vector_31      0x9fc015e0        0x8
 *(.vector_31)
 .vector_31     0x9fc015e0        0x8 c:/program files (x86)/microchip/xc32/v1.40/bin/bin/../../lib/gcc/pic32mx/4.8.3/../../../../pic32mx/lib\libpic32.a(vector31.o)
                0x9fc015e0                __vector_dispatch_31
                0x00000001                ASSERT (((_vector_spacing == 0x0) || (SIZEOF (.vector_31) <= (_vector_spacing << 0x5))), function at exception vector 31 too large)

.vector_32      0x9fc01600        0x8
 *(.vector_32)
 .vector_32     0x9fc01600        0x8 c:/program files (x86)/microchip/xc32/v1.40/bin/bin/../../lib/gcc/pic32mx/4.8.3/../../../../pic32mx/lib\libpic32.a(vector32.o)
                0x9fc01600                __vector_dispatch_32
                0x00000001                ASSERT (((_vector_spacing == 0x0) || (SIZEOF (.vector_32) <= (_vector_spacing << 0x5))), function at exception vector 32 too large)

.vector_33      0x9fc01620        0x8
 *(.vector_33)
 .vector_33     0x9fc01620        0x8 c:/program files (x86)/microchip/xc32/v1.40/bin/bin/../../lib/gcc/pic32mx/4.8.3/../../../../pic32mx/lib\libpic32.a(vector33.o)
                0x9fc01620                __vector_dispatch_33
                0x00000001                ASSERT (((_vector_spacing == 0x0) || (SIZEOF (.vector_33) <= (_vector_spacing << 0x5))), function at exception vector 33 too large)

.vector_34      0x9fc01640        0x8
 *(.vector_34)
 .vector_34     0x9fc01640        0x8 c:/program files (x86)/microchip/xc32/v1.40/bin/bin/../../lib/gcc/pic32mx/4.8.3/../../../../pic32mx/lib\libpic32.a(vector34.o)
                0x9fc01640                __vector_dispatch_34
                0x00000001                ASSERT (((_vector_spacing == 0x0) || (SIZEOF (.vector_34) <= (_vector_spacing << 0x5))), function at exception vector 34 too large)

.vector_35      0x9fc01660        0x8
 *(.vector_35)
 .vector_35     0x9fc01660        0x8 c:/program files (x86)/microchip/xc32/v1.40/bin/bin/../../lib/gcc/pic32mx/4.8.3/../../../../pic32mx/lib\libpic32.a(vector35.o)
                0x9fc01660                __vector_dispatch_35
                0x00000001                ASSERT (((_vector_spacing == 0x0) || (SIZEOF (.vector_35) <= (_vector_spacing << 0x5))), function at exception vector 35 too large)

.vector_36      0x9fc01680        0x8
 *(.vector_36)
 .vector_36     0x9fc01680        0x8 c:/program files (x86)/microchip/xc32/v1.40/bin/bin/../../lib/gcc/pic32mx/4.8.3/../../../../pic32mx/lib\libpic32.a(vector36.o)
                0x9fc01680                __vector_dispatch_36
                0x00000001                ASSERT (((_vector_spacing == 0x0) || (SIZEOF (.vector_36) <= (_vector_spacing << 0x5))), function at exception vector 36 too large)

.vector_37      0x9fc016a0        0x8
 *(.vector_37)
 .vector_37     0x9fc016a0        0x8 c:/program files (x86)/microchip/xc32/v1.40/bin/bin/../../lib/gcc/pic32mx/4.8.3/../../../../pic32mx/lib\libpic32.a(vector37.o)
                0x9fc016a0                __vector_dispatch_37
                0x00000001                ASSERT (((_vector_spacing == 0x0) || (SIZEOF (.vector_37) <= (_vector_spacing << 0x5))), function at exception vector 37 too large)

.vector_38      0x9fc016c0        0x8
 *(.vector_38)
 .vector_38     0x9fc016c0        0x8 c:/program files (x86)/microchip/xc32/v1.40/bin/bin/../../lib/gcc/pic32mx/4.8.3/../../../../pic32mx/lib\libpic32.a(vector38.o)
                0x9fc016c0                __vector_dispatch_38
                0x00000001                ASSERT (((_vector_spacing == 0x0) || (SIZEOF (.vector_38) <= (_vector_spacing << 0x5))), function at exception vector 38 too large)

.vector_39      0x9fc016e0        0x8
 *(.vector_39)
 .vector_39     0x9fc016e0        0x8 c:/program files (x86)/microchip/xc32/v1.40/bin/bin/../../lib/gcc/pic32mx/4.8.3/../../../../pic32mx/lib\libpic32.a(vector39.o)
                0x9fc016e0                __vector_dispatch_39
                0x00000001                ASSERT (((_vector_spacing == 0x0) || (SIZEOF (.vector_39) <= (_vector_spacing << 0x5))), function at exception vector 39 too large)

.vector_40      0x9fc01700        0x8
 *(.vector_40)
 .vector_40     0x9fc01700        0x8 c:/program files (x86)/microchip/xc32/v1.40/bin/bin/../../lib/gcc/pic32mx/4.8.3/../../../../pic32mx/lib\libpic32.a(vector40.o)
                0x9fc01700                __vector_dispatch_40
                0x00000001                ASSERT (((_vector_spacing == 0x0) || (SIZEOF (.vector_40) <= (_vector_spacing << 0x5))), function at exception vector 40 too large)

.vector_41      0x9fc01720        0x8
 *(.vector_41)
 .vector_41     0x9fc01720        0x8 c:/program files (x86)/microchip/xc32/v1.40/bin/bin/../../lib/gcc/pic32mx/4.8.3/../../../../pic32mx/lib\libpic32.a(vector41.o)
                0x9fc01720                __vector_dispatch_41
                0x00000001                ASSERT (((_vector_spacing == 0x0) || (SIZEOF (.vector_41) <= (_vector_spacing << 0x5))), function at exception vector 41 too large)

.vector_42      0x9fc01740        0x8
 *(.vector_42)
 .vector_42     0x9fc01740        0x8 c:/program files (x86)/microchip/xc32/v1.40/bin/bin/../../lib/gcc/pic32mx/4.8.3/../../../../pic32mx/lib\libpic32.a(vector42.o)
                0x9fc01740                __vector_dispatch_42
                0x00000001                ASSERT (((_vector_spacing == 0x0) || (SIZEOF (.vector_42) <= (_vector_spacing << 0x5))), function at exception vector 42 too large)

.vector_43      0x9fc01760        0x8
 *(.vector_43)
 .vector_43     0x9fc01760        0x8 c:/program files (x86)/microchip/xc32/v1.40/bin/bin/../../lib/gcc/pic32mx/4.8.3/../../../../pic32mx/lib\libpic32.a(vector43.o)
                0x9fc01760                __vector_dispatch_43
                0x00000001                ASSERT (((_vector_spacing == 0x0) || (SIZEOF (.vector_43) <= (_vector_spacing << 0x5))), function at exception vector 43 too large)

.vector_44      0x9fc01780        0x8
 *(.vector_44)
 .vector_44     0x9fc01780        0x8 c:/program files (x86)/microchip/xc32/v1.40/bin/bin/../../lib/gcc/pic32mx/4.8.3/../../../../pic32mx/lib\libpic32.a(vector44.o)
                0x9fc01780                __vector_dispatch_44
                0x00000001                ASSERT (((_vector_spacing == 0x0) || (SIZEOF (.vector_44) <= (_vector_spacing << 0x5))), function at exception vector 44 too large)

.vector_45      0x9fc017a0        0x8
 *(.vector_45)
 .vector_45     0x9fc017a0        0x8 c:/program files (x86)/microchip/xc32/v1.40/bin/bin/../../lib/gcc/pic32mx/4.8.3/../../../../pic32mx/lib\libpic32.a(vector45.o)
                0x9fc017a0                __vector_dispatch_45
                0x00000001                ASSERT (((_vector_spacing == 0x0) || (SIZEOF (.vector_45) <= (_vector_spacing << 0x5))), function at exception vector 45 too large)

.vector_46      0x9fc017c0        0x8
 *(.vector_46)
 .vector_46     0x9fc017c0        0x8 c:/program files (x86)/microchip/xc32/v1.40/bin/bin/../../lib/gcc/pic32mx/4.8.3/../../../../pic32mx/lib\libpic32.a(vector46.o)
                0x9fc017c0                __vector_dispatch_46
                0x00000001                ASSERT (((_vector_spacing == 0x0) || (SIZEOF (.vector_46) <= (_vector_spacing << 0x5))), function at exception vector 46 too large)

.vector_47      0x9fc017e0        0x8
 *(.vector_47)
 .vector_47     0x9fc017e0        0x8 c:/program files (x86)/microchip/xc32/v1.40/bin/bin/../../lib/gcc/pic32mx/4.8.3/../../../../pic32mx/lib\libpic32.a(vector47.o)
                0x9fc017e0                __vector_dispatch_47
                0x00000001                ASSERT (((_vector_spacing == 0x0) || (SIZEOF (.vector_47) <= (_vector_spacing << 0x5))), function at exception vector 47 too large)

.vector_48      0x9fc01800        0x8
 *(.vector_48)
 .vector_48     0x9fc01800        0x8 c:/program files (x86)/microchip/xc32/v1.40/bin/bin/../../lib/gcc/pic32mx/4.8.3/../../../../pic32mx/lib\libpic32.a(vector48.o)
                0x9fc01800                __vector_dispatch_48
                0x00000001                ASSERT (((_vector_spacing == 0x0) || (SIZEOF (.vector_48) <= (_vector_spacing << 0x5))), function at exception vector 48 too large)

.vector_49      0x9fc01820        0x8
 *(.vector_49)
 .vector_49     0x9fc01820        0x8 c:/program files (x86)/microchip/xc32/v1.40/bin/bin/../../lib/gcc/pic32mx/4.8.3/../../../../pic32mx/lib\libpic32.a(vector49.o)
                0x9fc01820                __vector_dispatch_49
                0x00000001                ASSERT (((_vector_spacing == 0x0) || (SIZEOF (.vector_49) <= (_vector_spacing << 0x5))), function at exception vector 49 too large)

.vector_50      0x9fc01840        0x8
 *(.vector_50)
 .vector_50     0x9fc01840        0x8 c:/program files (x86)/microchip/xc32/v1.40/bin/bin/../../lib/gcc/pic32mx/4.8.3/../../../../pic32mx/lib\libpic32.a(vector50.o)
                0x9fc01840                __vector_dispatch_50
                0x00000001                ASSERT (((_vector_spacing == 0x0) || (SIZEOF (.vector_50) <= (_vector_spacing << 0x5))), function at exception vector 50 too large)

.vector_51      0x9fc01860        0x8
 *(.vector_51)
 .vector_51     0x9fc01860        0x8 c:/program files (x86)/microchip/xc32/v1.40/bin/bin/../../lib/gcc/pic32mx/4.8.3/../../../../pic32mx/lib\libpic32.a(vector51.o)
                0x9fc01860                __vector_dispatch_51
                0x00000001                ASSERT (((_vector_spacing == 0x0) || (SIZEOF (.vector_51) <= (_vector_spacing << 0x5))), function at exception vector 51 too large)

.vector_52      0x9fc01880        0x0
 *(.vector_52)
                0x00000001                ASSERT (((_vector_spacing == 0x0) || (SIZEOF (.vector_52) <= (_vector_spacing << 0x5))), function at exception vector 52 too large)

.vector_53      0x9fc018a0        0x0
 *(.vector_53)
                0x00000001                ASSERT (((_vector_spacing == 0x0) || (SIZEOF (.vector_53) <= (_vector_spacing << 0x5))), function at exception vector 53 too large)

.vector_54      0x9fc018c0        0x0
 *(.vector_54)
                0x00000001                ASSERT (((_vector_spacing == 0x0) || (SIZEOF (.vector_54) <= (_vector_spacing << 0x5))), function at exception vector 54 too large)

.vector_55      0x9fc018e0        0x0
 *(.vector_55)
                0x00000001                ASSERT (((_vector_spacing == 0x0) || (SIZEOF (.vector_55) <= (_vector_spacing << 0x5))), function at exception vector 55 too large)

.vector_56      0x9fc01900        0x0
 *(.vector_56)
                0x00000001                ASSERT (((_vector_spacing == 0x0) || (SIZEOF (.vector_56) <= (_vector_spacing << 0x5))), function at exception vector 56 too large)

.vector_57      0x9fc01920        0x0
 *(.vector_57)
                0x00000001                ASSERT (((_vector_spacing == 0x0) || (SIZEOF (.vector_57) <= (_vector_spacing << 0x5))), function at exception vector 57 too large)

.vector_58      0x9fc01940        0x0
 *(.vector_58)
                0x00000001                ASSERT (((_vector_spacing == 0x0) || (SIZEOF (.vector_58) <= (_vector_spacing << 0x5))), function at exception vector 58 too large)

.vector_59      0x9fc01960        0x0
 *(.vector_59)
                0x00000001                ASSERT (((_vector_spacing == 0x0) || (SIZEOF (.vector_59) <= (_vector_spacing << 0x5))), function at exception vector 59 too large)

.vector_60      0x9fc01980        0x0
 *(.vector_60)
                0x00000001                ASSERT (((_vector_spacing == 0x0) || (SIZEOF (.vector_60) <= (_vector_spacing << 0x5))), function at exception vector 60 too large)

.vector_61      0x9fc019a0        0x0
 *(.vector_61)
                0x00000001                ASSERT (((_vector_spacing == 0x0) || (SIZEOF (.vector_61) <= (_vector_spacing << 0x5))), function at exception vector 61 too large)

.vector_62      0x9fc019c0        0x0
 *(.vector_62)
                0x00000001                ASSERT (((_vector_spacing == 0x0) || (SIZEOF (.vector_62) <= (_vector_spacing << 0x5))), function at exception vector 62 too large)

.vector_63      0x9fc019e0        0x0
 *(.vector_63)
                0x00000001                ASSERT (((_vector_spacing == 0x0) || (SIZEOF (.vector_63) <= (_vector_spacing << 0x5))), function at exception vector 63 too large)

.startup
 *(.startup)

.text           0x9d000000        0x0
 *(.stub .gnu.linkonce.t.*)
 *(.text.*personality*)
 *(.mips16.fn.*)
 *(.mips16.call.*)
 *(.gnu.warning)
                0x9d000000                . = ALIGN (0x4)

.init           0x9d000000        0x0
 *crti.o(.init)
 *crtbegin.o(.init)
 *(EXCLUDE_FILE(*crtn.o *crtend?.o *crtend.o) .init)
 *crtend.o(.init)
 *crtn.o(.init)
                0x9d000000                . = ALIGN (0x4)

.fini           0x9d000000        0x0
 *(.fini)
                0x9d000000                . = ALIGN (0x4)

.preinit_array  0x9d000000        0x0
                0x9d000000                PROVIDE (__preinit_array_start, .)
 *(.preinit_array)
                0x9d000000                PROVIDE (__preinit_array_end, .)
                0x9d000000                . = ALIGN (0x4)

.init_array     0x9d000000        0x0
                0x9d000000                PROVIDE (__init_array_start, .)
 *(SORT(.init_array.*))
 *(.init_array)
                0x9d000000                PROVIDE (__init_array_end, .)
                0x9d000000                . = ALIGN (0x4)

.fini_array     0x9d000000        0x0
                0x9d000000                PROVIDE (__fini_array_start, .)
 *(SORT(.fini_array.*))
 *(.fini_array)
                0x9d000000                PROVIDE (__fini_array_end, .)
                0x9d000000                . = ALIGN (0x4)

.ctors          0x9d000000        0x0
 *crtbegin.o(.ctors)
 *crtbegin?.o(.ctors)
 *(EXCLUDE_FILE(*crtend?.o *crtend.o) .ctors)
 *(SORT(.ctors.*))
 *(.ctors)
                0x9d000000                . = ALIGN (0x4)

.dtors          0x9d000000        0x0
 *crtbegin.o(.dtors)
 *crtbegin?.o(.dtors)
 *(EXCLUDE_FILE(*crtend?.o *crtend.o) .dtors)
 *(SORT(.dtors.*))
 *(.dtors)
                0x9d000000                . = ALIGN (0x4)

.rodata         0x9d000000        0x0
 *(.gnu.linkonce.r.*)
 *(.rodata1)
                0x9d000000                . = ALIGN (0x4)

.sdata2         0x9fc00490        0x0
 *(.sdata2 .sdata2.* .gnu.linkonce.s2.*)
                0x9fc00490                . = ALIGN (0x4)

.sbss2          0x9fc00490        0x0
 *(.sbss2 .sbss2.* .gnu.linkonce.sb2.*)
                0x9fc00490                . = ALIGN (0x4)

.eh_frame_hdr
 *(.eh_frame_hdr)
                0x9fc00490                . = ALIGN (0x4)

.eh_frame
 *(.eh_frame)
                0x9fc00490                . = ALIGN (0x4)

.gcc_except_table
 *(.gcc_except_table .gcc_except_table.*)
                0x9fc00490                . = ALIGN (0x4)

.dbg_data       0xa0000000        0x0
                0xa0000000                . = (. + DEFINED (_DEBUGGER)?0x200:0x0)

.jcr            0xa0000000        0x0
 *(.jcr)
                0xa0000000                . = ALIGN (0x4)

.eh_frame
 *(.eh_frame)
                0xa0000000                . = ALIGN (0x4)

.gcc_except_table
 *(.gcc_except_table .gcc_except_table.*)
                0xa0000000                . = ALIGN (0x4)

.persist        0xa0000000        0x0
                0xa0000000                _persist_begin = .
 *(.persist .persist.*)
 *(.pbss .pbss.*)
                0xa0000000                . = ALIGN (0x4)
                0xa0000000                _persist_end = .

.data           0xa0000000        0x0
 *(.gnu.linkonce.d.*)
 *(.data1)
                0xa0000000                . = ALIGN (0x4)
                0xa0000000                . = .
                0xa0007ff0                _gp = (ALIGN (0x10) + 0x7ff0)

.got            0xa0000000        0x0
 *(.got.plt)
 *(.got)
                0xa0000000                . = ALIGN (0x4)

.sdata          0xa0000000        0x8
                0xa0000000                _sdata_begin = .
 *(.sdata .sdata.* .gnu.linkonce.s.*)
 .sdata         0xa0000000        0x4 build/default/production/_ext/1092921775/tasks.o
 .sdata         0xa0000004        0x4 build/default/production/_ext/1767308377/port.o
                0xa0000004                uxInterruptNesting
                0xa0000008                . = ALIGN (0x4)
                0xa0000008                _sdata_end = .

.lit8
 *(.lit8)

.lit4
 *(.lit4)
                0xa0000008                . = ALIGN (0x4)
                0xa0000008                _data_end = .
                0xa0000008                _bss_begin = .

.sbss           0xa0000008       0x74
                0xa0000008                _sbss_begin = .
 *(.dynsbss)
 *(.sbss .sbss.* .gnu.linkonce.sb.*)
 .sbss          0xa0000008        0x4 build/default/production/_ext/1360937237/timer.o
                0xa0000008                ticks
 .sbss          0xa000000c       0x34 build/default/production/_ext/1092921775/tasks.o
                0xa000000c                pxCurrentTCB
 .sbss          0xa0000040       0x10 build/default/production/_ext/1092921775/timers.o
 .sbss          0xa0000050        0x8 build/default/production/_ext/371772180/heap_1.o
 .sbss          0xa0000058        0x4 build/default/production/_ext/1767308377/port.o
                0xa0000058                uxSavedTaskStackPointer
 .sbss          0xa000005c        0xc build/default/production/_ext/1688732426/system_exceptions.o
 *(.scommon)
 .scommon       0xa0000068        0x8 build/default/production/_ext/1360937237/debugging_task.o
                0xa0000068                debugging_taskData
 .scommon       0xa0000070        0x8 build/default/production/_ext/1502763280/sys_devcon.o
                0xa0000070                sysDevconObj
 .scommon       0xa0000078        0x4 build/default/production/_ext/1688732426/system_init.o
                0xa0000078                sysObj
                0xa000007c                _sbss_end = .
                0xa000007c                . = ALIGN (0x4)

.bss            0xa000007c       0x74
 *(.dynbss)
 *(COMMON)
 COMMON         0xa000007c       0x20 build/default/production/_ext/1360937237/app.o
                0xa000007c                msgFormat
                0xa0000088                sensor1Data
 COMMON         0xa000009c       0x24 build/default/production/_ext/1360937237/messaging_task.o
                0xa000009c                msg_taskData
                0xa00000a8                msg_Format
 COMMON         0xa00000c0       0x10 build/default/production/_ext/1360937237/sensor2.o
                0xa00000c0                sensor2Data
 COMMON         0xa00000d0       0x10 build/default/production/_ext/1360937237/sensor3.o
                0xa00000d0                sensor3Data
 COMMON         0xa00000e0       0x10 build/default/production/_ext/1360937237/sensor4.o
                0xa00000e0                sensor4Data
                0xa00000f0                . = ALIGN ((. != 0x0)?0x4:0x1)
                0xa00000f0                . = ALIGN (0x4)
                0xa00000f0                _end = .
                0xa00000f0                _bss_end = .
                0x00020000                _bmxdudba_address = 0x20000
                0x00020000                _bmxdupba_address = 0x20000

/DISCARD/
 *(.pdr)
 *(.rel.dyn)
 *(.note.GNU-stack)
 *(.note.GNU-stack)
 *(.gnu_debuglink)
 *(.gnu.lto_*)
 *(.discard)

.gptab.sdata
 *(.gptab.data)
 *(.gptab.sdata)

.gptab.sbss
 *(.gptab.bss)
 *(.gptab.sbss)

.mdebug.abi32   0xa00000f0        0x0
 *(.mdebug.abi32)
 .mdebug.abi32  0xa00000f0        0x0 build/default/production/_ext/1360937237/app.o
 .mdebug.abi32  0xa00000f0        0x0 build/default/production/_ext/1360937237/main.o
 .mdebug.abi32  0xa00000f0        0x0 build/default/production/_ext/1360937237/timer.o
 .mdebug.abi32  0xa00000f0        0x0 build/default/production/_ext/1360937237/debugging_task.o
 .mdebug.abi32  0xa00000f0        0x0 build/default/production/_ext/1360937237/debugtemp.o
 .mdebug.abi32  0xa00000f0        0x0 build/default/production/_ext/1360937237/messaging_task.o
 .mdebug.abi32  0xa00000f0        0x0 build/default/production/_ext/933768138/osal_freertos.o
 .mdebug.abi32  0xa00000f0        0x0 build/default/production/_ext/1502763280/sys_devcon.o
 .mdebug.abi32  0xa00000f0        0x0 build/default/production/_ext/1502763280/sys_devcon_pic32mx.o
 .mdebug.abi32  0xa00000f0        0x0 build/default/production/_ext/361851466/sys_int_pic32.o
 .mdebug.abi32  0xa00000f0        0x0 build/default/production/_ext/1967917095/sys_ports.o
 .mdebug.abi32  0xa00000f0        0x0 build/default/production/_ext/1092921775/croutine.o
 .mdebug.abi32  0xa00000f0        0x0 build/default/production/_ext/1092921775/list.o
 .mdebug.abi32  0xa00000f0        0x0 build/default/production/_ext/1092921775/queue.o
 .mdebug.abi32  0xa00000f0        0x0 build/default/production/_ext/1092921775/tasks.o
 .mdebug.abi32  0xa00000f0        0x0 build/default/production/_ext/1092921775/timers.o
 .mdebug.abi32  0xa00000f0        0x0 build/default/production/_ext/1092921775/event_groups.o
 .mdebug.abi32  0xa00000f0        0x0 build/default/production/_ext/371772180/heap_1.o
 .mdebug.abi32  0xa00000f0        0x0 build/default/production/_ext/1767308377/port.o
 .mdebug.abi32  0xa00000f0        0x0 build/default/production/_ext/1360937237/sensor2.o
 .mdebug.abi32  0xa00000f0        0x0 build/default/production/_ext/1360937237/sensor3.o
 .mdebug.abi32  0xa00000f0        0x0 build/default/production/_ext/1360937237/sensor4.o
 .mdebug.abi32  0xa00000f0        0x0 build/default/production/_ext/1361460060/drv_adc_static.o
 .mdebug.abi32  0xa00000f0        0x0 build/default/production/_ext/1345626252/drv_usart_static.o
 .mdebug.abi32  0xa00000f0        0x0 build/default/production/_ext/639803181/sys_clk_static.o
 .mdebug.abi32  0xa00000f0        0x0 build/default/production/_ext/822048611/sys_ports_static.o
 .mdebug.abi32  0xa00000f0        0x0 build/default/production/_ext/1688732426/system_init.o
 .mdebug.abi32  0xa00000f0        0x0 build/default/production/_ext/1688732426/system_interrupt.o
 .mdebug.abi32  0xa00000f0        0x0 build/default/production/_ext/1688732426/system_exceptions.o
 .mdebug.abi32  0xa00000f0        0x0 build/default/production/_ext/1688732426/system_tasks.o
 .mdebug.abi32  0xa00000f0        0x0 build/default/production/_ext/1688732426/rtos_hooks.o
 .mdebug.abi32  0xa00000f0        0x0 c:/program files (x86)/microchip/xc32/v1.40/bin/bin/../../lib/gcc/pic32mx/4.8.3/../../../../pic32mx/lib\libpic32.a(default-bootstrap-exception-handler.o)
 .mdebug.abi32  0xa00000f0        0x0 c:/program files (x86)/microchip/xc32/v1.40/bin/bin/../../lib/gcc/pic32mx/4.8.3/../../../../pic32mx/lib\libpic32.a(default-on-reset.o)
 .mdebug.abi32  0xa00000f0        0x0 c:/program files (x86)/microchip/xc32/v1.40/bin/bin/../../lib/gcc/pic32mx/4.8.3/../../../../pic32mx/lib\libpic32.a(default-on-bootstrap.o)
 .mdebug.abi32  0xa00000f0        0x0 c:/program files (x86)/microchip/xc32/v1.40/bin/bin/../../lib/gcc/pic32mx/4.8.3/../../../../pic32mx/lib\libpic32.a(defaultinterrupt.o)

.mdebug.abiN32
 *(.mdebug.abiN32)

.mdebug.abi64
 *(.mdebug.abi64)

.mdebug.abiO64
 *(.mdebug.abiO64)

.mdebug.eabi32
 *(.mdebug.eabi32)

.mdebug.eabi64
 *(.mdebug.eabi64)

.gcc_compiled_long32
 *(.gcc_compiled_long32)

.gcc_compiled_long64
 *(.gcc_compiled_long64)

.stab
 *(.stab)

.stabstr
 *(.stabstr)

.stab.excl
 *(.stab.excl)

.stab.exclstr
 *(.stab.exclstr)

.stab.index
 *(.stab.index)

.stab.indexstr
 *(.stab.indexstr)

.comment        0x00000000       0x6c
 *(.comment)
 .comment       0x00000000       0x3c build/default/production/_ext/1360937237/app.o
                                 0x3d (size before relaxing)
 .comment       0x00000000       0x3d build/default/production/_ext/1360937237/main.o
 .comment       0x00000000       0x3d build/default/production/_ext/1360937237/timer.o
 .comment       0x00000000       0x3d build/default/production/_ext/1360937237/debugging_task.o
 .comment       0x00000000       0x3d build/default/production/_ext/1360937237/debugtemp.o
 .comment       0x00000000       0x3d build/default/production/_ext/1360937237/messaging_task.o
 .comment       0x00000000       0x3d build/default/production/_ext/933768138/osal_freertos.o
 .comment       0x00000000       0x3d build/default/production/_ext/1502763280/sys_devcon.o
 .comment       0x00000000       0x3d build/default/production/_ext/1502763280/sys_devcon_pic32mx.o
 .comment       0x00000000       0x3d build/default/production/_ext/361851466/sys_int_pic32.o
 .comment       0x00000000       0x3d build/default/production/_ext/1967917095/sys_ports.o
 .comment       0x00000000       0x3d build/default/production/_ext/1092921775/croutine.o
 .comment       0x00000000       0x3d build/default/production/_ext/1092921775/list.o
 .comment       0x00000000       0x3d build/default/production/_ext/1092921775/queue.o
 .comment       0x00000000       0x3d build/default/production/_ext/1092921775/tasks.o
 .comment       0x00000000       0x3d build/default/production/_ext/1092921775/timers.o
 .comment       0x00000000       0x3d build/default/production/_ext/1092921775/event_groups.o
 .comment       0x00000000       0x3d build/default/production/_ext/371772180/heap_1.o
 .comment       0x00000000       0x3d build/default/production/_ext/1767308377/port.o
 .comment       0x00000000       0x3d build/default/production/_ext/1360937237/sensor2.o
 .comment       0x00000000       0x3d build/default/production/_ext/1360937237/sensor3.o
 .comment       0x00000000       0x3d build/default/production/_ext/1360937237/sensor4.o
 .comment       0x00000000       0x3d build/default/production/_ext/1361460060/drv_adc_static.o
 .comment       0x00000000       0x3d build/default/production/_ext/1345626252/drv_usart_static.o
 .comment       0x00000000       0x3d build/default/production/_ext/639803181/sys_clk_static.o
 .comment       0x00000000       0x3d build/default/production/_ext/822048611/sys_ports_static.o
 .comment       0x00000000       0x3d build/default/production/_ext/1688732426/system_init.o
 .comment       0x00000000       0x3d build/default/production/_ext/1688732426/system_interrupt.o
 .comment       0x00000000       0x3d build/default/production/_ext/1688732426/system_exceptions.o
 .comment       0x00000000       0x3d build/default/production/_ext/1688732426/system_tasks.o
 .comment       0x00000000       0x3d build/default/production/_ext/1688732426/rtos_hooks.o
 .comment       0x0000003c       0x18 c:/program files (x86)/microchip/xc32/v1.40/bin/bin/../../lib/gcc/pic32mx/4.8.3/../../../../pic32mx/lib\libpic32.a(memset.o)
                                 0x19 (size before relaxing)
 .comment       0x00000000       0x3d c:/program files (x86)/microchip/xc32/v1.40/bin/bin/../../lib/gcc/pic32mx/4.8.3/../../../../pic32mx/lib\libpic32.a(default-bootstrap-exception-handler.o)
 .comment       0x00000000       0x3d c:/program files (x86)/microchip/xc32/v1.40/bin/bin/../../lib/gcc/pic32mx/4.8.3/../../../../pic32mx/lib\libpic32.a(default-on-reset.o)
 .comment       0x00000000       0x3d c:/program files (x86)/microchip/xc32/v1.40/bin/bin/../../lib/gcc/pic32mx/4.8.3/../../../../pic32mx/lib\libpic32.a(default-on-bootstrap.o)
 .comment       0x00000054       0x18 c:/program files (x86)/microchip/xc32/v1.40/bin/bin/../../lib/gcc/pic32mx/4.8.3/../../../../pic32mx/lib\libpic32.a(memcmp.o)
                                 0x19 (size before relaxing)
 .comment       0x00000000       0x3d c:/program files (x86)/microchip/xc32/v1.40/bin/bin/../../lib/gcc/pic32mx/4.8.3/../../../../pic32mx/lib\libpic32.a(defaultinterrupt.o)

.debug
 *(.debug)

.line
 *(.line)

.debug_srcinfo
 *(.debug_srcinfo)

.debug_sfnames
 *(.debug_sfnames)

.debug_aranges  0x00000000      0xaf0
 *(.debug_aranges)
 .debug_aranges
                0x00000000       0x48 build/default/production/_ext/1360937237/app.o
 .debug_aranges
                0x00000048       0x20 build/default/production/_ext/1360937237/main.o
 .debug_aranges
                0x00000068       0x20 build/default/production/_ext/1360937237/timer.o
 .debug_aranges
                0x00000088       0x48 build/default/production/_ext/1360937237/debugging_task.o
 .debug_aranges
                0x000000d0       0x50 build/default/production/_ext/1360937237/messaging_task.o
 .debug_aranges
                0x00000120       0x88 build/default/production/_ext/933768138/osal_freertos.o
 .debug_aranges
                0x000001a8       0x78 build/default/production/_ext/1502763280/sys_devcon.o
 .debug_aranges
                0x00000220       0x20 build/default/production/_ext/1502763280/sys_devcon_pic32mx.o
 .debug_aranges
                0x00000240       0x48 build/default/production/_ext/361851466/sys_int_pic32.o
 .debug_aranges
                0x00000288       0xf8 build/default/production/_ext/1967917095/sys_ports.o
 .debug_aranges
                0x00000380       0x18 build/default/production/_ext/1092921775/croutine.o
 .debug_aranges
                0x00000398       0x40 build/default/production/_ext/1092921775/list.o
 .debug_aranges
                0x000003d8       0xb8 build/default/production/_ext/1092921775/queue.o
 .debug_aranges
                0x00000490      0x178 build/default/production/_ext/1092921775/tasks.o
 .debug_aranges
                0x00000608       0x70 build/default/production/_ext/1092921775/timers.o
 .debug_aranges
                0x00000678       0x60 build/default/production/_ext/1092921775/event_groups.o
 .debug_aranges
                0x000006d8       0x38 build/default/production/_ext/371772180/heap_1.o
 .debug_aranges
                0x00000710       0x58 build/default/production/_ext/1767308377/port.o
 .debug_aranges
                0x00000768       0x20 build/default/production/_ext/1767308377/port_asm.o
 .debug_aranges
                0x00000788       0x40 build/default/production/_ext/1360937237/sensor2.o
 .debug_aranges
                0x000007c8       0x40 build/default/production/_ext/1360937237/sensor3.o
 .debug_aranges
                0x00000808       0x40 build/default/production/_ext/1360937237/sensor4.o
 .debug_aranges
                0x00000848       0x78 build/default/production/_ext/1361460060/drv_adc_static.o
 .debug_aranges
                0x000008c0       0x38 build/default/production/_ext/1345626252/drv_usart_static.o
 .debug_aranges
                0x000008f8       0x38 build/default/production/_ext/639803181/sys_clk_static.o
 .debug_aranges
                0x00000930       0x20 build/default/production/_ext/822048611/sys_ports_static.o
 .debug_aranges
                0x00000950       0x20 build/default/production/_ext/1688732426/system_init.o
 .debug_aranges
                0x00000970       0x28 build/default/production/_ext/1688732426/system_interrupt.o
 .debug_aranges
                0x00000998       0x20 build/default/production/_ext/1688732426/system_exceptions.o
 .debug_aranges
                0x000009b8       0x58 build/default/production/_ext/1688732426/system_tasks.o
 .debug_aranges
                0x00000a10       0x38 build/default/production/_ext/1688732426/system_interrupt_a.o
 .debug_aranges
                0x00000a48       0x28 build/default/production/_ext/1688732426/rtos_hooks.o
 .debug_aranges
                0x00000a70       0x20 c:/program files (x86)/microchip/xc32/v1.40/bin/bin/../../lib/gcc/pic32mx/4.8.3/../../../../pic32mx/lib\libpic32.a(default-bootstrap-exception-handler.o)
 .debug_aranges
                0x00000a90       0x20 c:/program files (x86)/microchip/xc32/v1.40/bin/bin/../../lib/gcc/pic32mx/4.8.3/../../../../pic32mx/lib\libpic32.a(default-on-reset.o)
 .debug_aranges
                0x00000ab0       0x20 c:/program files (x86)/microchip/xc32/v1.40/bin/bin/../../lib/gcc/pic32mx/4.8.3/../../../../pic32mx/lib\libpic32.a(default-on-bootstrap.o)
 .debug_aranges
                0x00000ad0       0x20 c:/program files (x86)/microchip/xc32/v1.40/bin/bin/../../lib/gcc/pic32mx/4.8.3/../../../../pic32mx/lib\libpic32.a(defaultinterrupt.o)

.debug_pubnames
 *(.debug_pubnames)

.debug_info     0x00000000    0x29914
 *(.debug_info .gnu.linkonce.wi.*)
 .debug_info    0x00000000     0x27f1 build/default/production/_ext/1360937237/app.o
 .debug_info    0x000027f1      0x1cd build/default/production/_ext/1360937237/main.o
 .debug_info    0x000029be     0x1052 build/default/production/_ext/1360937237/timer.o
 .debug_info    0x00003a10     0x1665 build/default/production/_ext/1360937237/debugging_task.o
 .debug_info    0x00005075     0x2221 build/default/production/_ext/1360937237/messaging_task.o
 .debug_info    0x00007296      0xadb build/default/production/_ext/933768138/osal_freertos.o
 .debug_info    0x00007d71     0x10c9 build/default/production/_ext/1502763280/sys_devcon.o
 .debug_info    0x00008e3a      0xda0 build/default/production/_ext/1502763280/sys_devcon_pic32mx.o
 .debug_info    0x00009bda     0x1607 build/default/production/_ext/361851466/sys_int_pic32.o
 .debug_info    0x0000b1e1     0x328a build/default/production/_ext/1967917095/sys_ports.o
 .debug_info    0x0000e46b      0x1bc build/default/production/_ext/1092921775/croutine.o
 .debug_info    0x0000e627      0x4c0 build/default/production/_ext/1092921775/list.o
 .debug_info    0x0000eae7     0x1871 build/default/production/_ext/1092921775/queue.o
 .debug_info    0x00010358     0x29f9 build/default/production/_ext/1092921775/tasks.o
 .debug_info    0x00012d51     0x1544 build/default/production/_ext/1092921775/timers.o
 .debug_info    0x00014295      0xd8e build/default/production/_ext/1092921775/event_groups.o
 .debug_info    0x00015023      0x3c0 build/default/production/_ext/371772180/heap_1.o
 .debug_info    0x000153e3     0x11eb build/default/production/_ext/1767308377/port.o
 .debug_info    0x000165ce      0x10a build/default/production/_ext/1767308377/port_asm.o
 .debug_info    0x000166d8     0x157c build/default/production/_ext/1360937237/sensor2.o
 .debug_info    0x00017c54     0x157c build/default/production/_ext/1360937237/sensor3.o
 .debug_info    0x000191d0     0x15e6 build/default/production/_ext/1360937237/sensor4.o
 .debug_info    0x0001a7b6     0x4117 build/default/production/_ext/1361460060/drv_adc_static.o
 .debug_info    0x0001e8cd     0x3498 build/default/production/_ext/1345626252/drv_usart_static.o
 .debug_info    0x00021d65     0x1186 build/default/production/_ext/639803181/sys_clk_static.o
 .debug_info    0x00022eeb     0x1293 build/default/production/_ext/822048611/sys_ports_static.o
 .debug_info    0x0002417e     0x15a1 build/default/production/_ext/1688732426/system_init.o
 .debug_info    0x0002571f     0x1d91 build/default/production/_ext/1688732426/system_interrupt.o
 .debug_info    0x000274b0      0xff8 build/default/production/_ext/1688732426/system_exceptions.o
 .debug_info    0x000284a8      0xdfc build/default/production/_ext/1688732426/system_tasks.o
 .debug_info    0x000292a4       0xbf build/default/production/_ext/1688732426/system_interrupt_a.o
 .debug_info    0x00029363      0x275 build/default/production/_ext/1688732426/rtos_hooks.o
 .debug_info    0x000295d8       0xe3 c:/program files (x86)/microchip/xc32/v1.40/bin/bin/../../lib/gcc/pic32mx/4.8.3/../../../../pic32mx/lib\libpic32.a(default-bootstrap-exception-handler.o)
 .debug_info    0x000296bb       0xbd c:/program files (x86)/microchip/xc32/v1.40/bin/bin/../../lib/gcc/pic32mx/4.8.3/../../../../pic32mx/lib\libpic32.a(default-on-reset.o)
 .debug_info    0x00029778       0xc5 c:/program files (x86)/microchip/xc32/v1.40/bin/bin/../../lib/gcc/pic32mx/4.8.3/../../../../pic32mx/lib\libpic32.a(default-on-bootstrap.o)
 .debug_info    0x0002983d       0xd7 c:/program files (x86)/microchip/xc32/v1.40/bin/bin/../../lib/gcc/pic32mx/4.8.3/../../../../pic32mx/lib\libpic32.a(defaultinterrupt.o)

.debug_abbrev   0x00000000     0x36ca
 *(.debug_abbrev)
 .debug_abbrev  0x00000000      0x312 build/default/production/_ext/1360937237/app.o
 .debug_abbrev  0x00000312       0x93 build/default/production/_ext/1360937237/main.o
 .debug_abbrev  0x000003a5       0xd1 build/default/production/_ext/1360937237/timer.o
 .debug_abbrev  0x00000476      0x1d8 build/default/production/_ext/1360937237/debugging_task.o
 .debug_abbrev  0x0000064e      0x207 build/default/production/_ext/1360937237/messaging_task.o
 .debug_abbrev  0x00000855      0x1fe build/default/production/_ext/933768138/osal_freertos.o
 .debug_abbrev  0x00000a53      0x26d build/default/production/_ext/1502763280/sys_devcon.o
 .debug_abbrev  0x00000cc0      0x16d build/default/production/_ext/1502763280/sys_devcon_pic32mx.o
 .debug_abbrev  0x00000e2d      0x1d0 build/default/production/_ext/361851466/sys_int_pic32.o
 .debug_abbrev  0x00000ffd      0x219 build/default/production/_ext/1967917095/sys_ports.o
 .debug_abbrev  0x00001216       0x1b build/default/production/_ext/1092921775/croutine.o
 .debug_abbrev  0x00001231       0xf1 build/default/production/_ext/1092921775/list.o
 .debug_abbrev  0x00001322      0x2c4 build/default/production/_ext/1092921775/queue.o
 .debug_abbrev  0x000015e6      0x383 build/default/production/_ext/1092921775/tasks.o
 .debug_abbrev  0x00001969      0x337 build/default/production/_ext/1092921775/timers.o
 .debug_abbrev  0x00001ca0      0x29a build/default/production/_ext/1092921775/event_groups.o
 .debug_abbrev  0x00001f3a      0x13f build/default/production/_ext/371772180/heap_1.o
 .debug_abbrev  0x00002079      0x2cf build/default/production/_ext/1767308377/port.o
 .debug_abbrev  0x00002348       0x14 build/default/production/_ext/1767308377/port_asm.o
 .debug_abbrev  0x0000235c      0x1d4 build/default/production/_ext/1360937237/sensor2.o
 .debug_abbrev  0x00002530      0x1d4 build/default/production/_ext/1360937237/sensor3.o
 .debug_abbrev  0x00002704      0x1d4 build/default/production/_ext/1360937237/sensor4.o
 .debug_abbrev  0x000028d8      0x1e4 build/default/production/_ext/1361460060/drv_adc_static.o
 .debug_abbrev  0x00002abc      0x1f5 build/default/production/_ext/1345626252/drv_usart_static.o
 .debug_abbrev  0x00002cb1      0x1f8 build/default/production/_ext/639803181/sys_clk_static.o
 .debug_abbrev  0x00002ea9      0x138 build/default/production/_ext/822048611/sys_ports_static.o
 .debug_abbrev  0x00002fe1      0x1dd build/default/production/_ext/1688732426/system_init.o
 .debug_abbrev  0x000031be      0x1e9 build/default/production/_ext/1688732426/system_interrupt.o
 .debug_abbrev  0x000033a7       0x91 build/default/production/_ext/1688732426/system_exceptions.o
 .debug_abbrev  0x00003438      0x149 build/default/production/_ext/1688732426/system_tasks.o
 .debug_abbrev  0x00003581       0x12 build/default/production/_ext/1688732426/system_interrupt_a.o
 .debug_abbrev  0x00003593       0x97 build/default/production/_ext/1688732426/rtos_hooks.o
 .debug_abbrev  0x0000362a       0x28 c:/program files (x86)/microchip/xc32/v1.40/bin/bin/../../lib/gcc/pic32mx/4.8.3/../../../../pic32mx/lib\libpic32.a(default-bootstrap-exception-handler.o)
 .debug_abbrev  0x00003652       0x28 c:/program files (x86)/microchip/xc32/v1.40/bin/bin/../../lib/gcc/pic32mx/4.8.3/../../../../pic32mx/lib\libpic32.a(default-on-reset.o)
 .debug_abbrev  0x0000367a       0x28 c:/program files (x86)/microchip/xc32/v1.40/bin/bin/../../lib/gcc/pic32mx/4.8.3/../../../../pic32mx/lib\libpic32.a(default-on-bootstrap.o)
 .debug_abbrev  0x000036a2       0x28 c:/program files (x86)/microchip/xc32/v1.40/bin/bin/../../lib/gcc/pic32mx/4.8.3/../../../../pic32mx/lib\libpic32.a(defaultinterrupt.o)

.debug_line     0x00000000     0x7940
 *(.debug_line)
 .debug_line    0x00000000      0x594 build/default/production/_ext/1360937237/app.o
 .debug_line    0x00000594       0xde build/default/production/_ext/1360937237/main.o
 .debug_line    0x00000672      0x19f build/default/production/_ext/1360937237/timer.o
 .debug_line    0x00000811      0x44a build/default/production/_ext/1360937237/debugging_task.o
 .debug_line    0x00000c5b        0x0 build/default/production/_ext/1360937237/debugtemp.o
 .debug_line    0x00000c5b      0x46c build/default/production/_ext/1360937237/messaging_task.o
 .debug_line    0x000010c7      0x2c4 build/default/production/_ext/933768138/osal_freertos.o
 .debug_line    0x0000138b      0x5e7 build/default/production/_ext/1502763280/sys_devcon.o
 .debug_line    0x00001972      0x48f build/default/production/_ext/1502763280/sys_devcon_pic32mx.o
 .debug_line    0x00001e01      0x39e build/default/production/_ext/361851466/sys_int_pic32.o
 .debug_line    0x0000219f      0x88b build/default/production/_ext/1967917095/sys_ports.o
 .debug_line    0x00002a2a       0x1d build/default/production/_ext/1092921775/croutine.o
 .debug_line    0x00002a47      0x1e5 build/default/production/_ext/1092921775/list.o
 .debug_line    0x00002c2c      0x4ab build/default/production/_ext/1092921775/queue.o
 .debug_line    0x000030d7      0x7ff build/default/production/_ext/1092921775/tasks.o
 .debug_line    0x000038d6      0x396 build/default/production/_ext/1092921775/timers.o
 .debug_line    0x00003c6c      0x32a build/default/production/_ext/1092921775/event_groups.o
 .debug_line    0x00003f96      0x21f build/default/production/_ext/371772180/heap_1.o
 .debug_line    0x000041b5      0x240 build/default/production/_ext/1767308377/port.o
 .debug_line    0x000043f5      0x12c build/default/production/_ext/1767308377/port_asm.o
 .debug_line    0x00004521      0x300 build/default/production/_ext/1360937237/sensor2.o
 .debug_line    0x00004821      0x300 build/default/production/_ext/1360937237/sensor3.o
 .debug_line    0x00004b21      0x316 build/default/production/_ext/1360937237/sensor4.o
 .debug_line    0x00004e37      0x7fb build/default/production/_ext/1361460060/drv_adc_static.o
 .debug_line    0x00005632      0x671 build/default/production/_ext/1345626252/drv_usart_static.o
 .debug_line    0x00005ca3      0x3ad build/default/production/_ext/639803181/sys_clk_static.o
 .debug_line    0x00006050      0x3d3 build/default/production/_ext/822048611/sys_ports_static.o
 .debug_line    0x00006423      0x578 build/default/production/_ext/1688732426/system_init.o
 .debug_line    0x0000699b      0x5ee build/default/production/_ext/1688732426/system_interrupt.o
 .debug_line    0x00006f89      0x168 build/default/production/_ext/1688732426/system_exceptions.o
 .debug_line    0x000070f1      0x408 build/default/production/_ext/1688732426/system_tasks.o
 .debug_line    0x000074f9       0xa5 build/default/production/_ext/1688732426/system_interrupt_a.o
 .debug_line    0x0000759e      0x169 build/default/production/_ext/1688732426/rtos_hooks.o
 .debug_line    0x00007707       0x97 c:/program files (x86)/microchip/xc32/v1.40/bin/bin/../../lib/gcc/pic32mx/4.8.3/../../../../pic32mx/lib\libpic32.a(default-bootstrap-exception-handler.o)
 .debug_line    0x0000779e       0x84 c:/program files (x86)/microchip/xc32/v1.40/bin/bin/../../lib/gcc/pic32mx/4.8.3/../../../../pic32mx/lib\libpic32.a(default-on-reset.o)
 .debug_line    0x00007822       0x88 c:/program files (x86)/microchip/xc32/v1.40/bin/bin/../../lib/gcc/pic32mx/4.8.3/../../../../pic32mx/lib\libpic32.a(default-on-bootstrap.o)
 .debug_line    0x000078aa       0x96 c:/program files (x86)/microchip/xc32/v1.40/bin/bin/../../lib/gcc/pic32mx/4.8.3/../../../../pic32mx/lib\libpic32.a(defaultinterrupt.o)

.debug_frame    0x00000000     0x16c4
 *(.debug_frame)
 .debug_frame   0x00000000       0xa8 build/default/production/_ext/1360937237/app.o
 .debug_frame   0x000000a8       0x28 build/default/production/_ext/1360937237/main.o
 .debug_frame   0x000000d0       0x28 build/default/production/_ext/1360937237/timer.o
 .debug_frame   0x000000f8       0xa8 build/default/production/_ext/1360937237/debugging_task.o
 .debug_frame   0x000001a0       0xbc build/default/production/_ext/1360937237/messaging_task.o
 .debug_frame   0x0000025c      0x150 build/default/production/_ext/933768138/osal_freertos.o
 .debug_frame   0x000003ac       0xe8 build/default/production/_ext/1502763280/sys_devcon.o
 .debug_frame   0x00000494       0x28 build/default/production/_ext/1502763280/sys_devcon_pic32mx.o
 .debug_frame   0x000004bc       0x90 build/default/production/_ext/361851466/sys_int_pic32.o
 .debug_frame   0x0000054c      0x1d0 build/default/production/_ext/1967917095/sys_ports.o
 .debug_frame   0x0000071c       0x60 build/default/production/_ext/1092921775/list.o
 .debug_frame   0x0000077c      0x230 build/default/production/_ext/1092921775/queue.o
 .debug_frame   0x000009ac      0x450 build/default/production/_ext/1092921775/tasks.o
 .debug_frame   0x00000dfc      0x134 build/default/production/_ext/1092921775/timers.o
 .debug_frame   0x00000f30      0x108 build/default/production/_ext/1092921775/event_groups.o
 .debug_frame   0x00001038       0x5c build/default/production/_ext/371772180/heap_1.o
 .debug_frame   0x00001094       0xc0 build/default/production/_ext/1767308377/port.o
 .debug_frame   0x00001154       0x8c build/default/production/_ext/1360937237/sensor2.o
 .debug_frame   0x000011e0       0x8c build/default/production/_ext/1360937237/sensor3.o
 .debug_frame   0x0000126c       0x8c build/default/production/_ext/1360937237/sensor4.o
 .debug_frame   0x000012f8       0xd0 build/default/production/_ext/1361460060/drv_adc_static.o
 .debug_frame   0x000013c8       0x58 build/default/production/_ext/1345626252/drv_usart_static.o
 .debug_frame   0x00001420       0x58 build/default/production/_ext/639803181/sys_clk_static.o
 .debug_frame   0x00001478       0x20 build/default/production/_ext/822048611/sys_ports_static.o
 .debug_frame   0x00001498       0x28 build/default/production/_ext/1688732426/system_init.o
 .debug_frame   0x000014c0       0x40 build/default/production/_ext/1688732426/system_interrupt.o
 .debug_frame   0x00001500       0x28 build/default/production/_ext/1688732426/system_exceptions.o
 .debug_frame   0x00001528       0xd0 build/default/production/_ext/1688732426/system_tasks.o
 .debug_frame   0x000015f8       0x40 build/default/production/_ext/1688732426/rtos_hooks.o
 .debug_frame   0x00001638       0x2c c:/program files (x86)/microchip/xc32/v1.40/bin/bin/../../lib/gcc/pic32mx/4.8.3/../../../../pic32mx/lib\libpic32.a(default-bootstrap-exception-handler.o)
 .debug_frame   0x00001664       0x20 c:/program files (x86)/microchip/xc32/v1.40/bin/bin/../../lib/gcc/pic32mx/4.8.3/../../../../pic32mx/lib\libpic32.a(default-on-reset.o)
 .debug_frame   0x00001684       0x20 c:/program files (x86)/microchip/xc32/v1.40/bin/bin/../../lib/gcc/pic32mx/4.8.3/../../../../pic32mx/lib\libpic32.a(default-on-bootstrap.o)
 .debug_frame   0x000016a4       0x20 c:/program files (x86)/microchip/xc32/v1.40/bin/bin/../../lib/gcc/pic32mx/4.8.3/../../../../pic32mx/lib\libpic32.a(defaultinterrupt.o)

.debug_str      0x00000000      0x8da
 *(.debug_str)
 .debug_str     0x00000000       0x65 build/default/production/_ext/1360937237/app.o
 .debug_str     0x00000065        0x0 build/default/production/_ext/1360937237/main.o
 .debug_str     0x00000065       0x68 build/default/production/_ext/1360937237/timer.o
 .debug_str     0x000000cd        0x0 build/default/production/_ext/1360937237/debugging_task.o
 .debug_str     0x000000cd        0x0 build/default/production/_ext/1360937237/debugtemp.o
 .debug_str     0x000000cd        0x0 build/default/production/_ext/1360937237/messaging_task.o
 .debug_str     0x000000cd       0x40 build/default/production/_ext/933768138/osal_freertos.o
 .debug_str     0x0000010d       0x16 build/default/production/_ext/1502763280/sys_devcon.o
 .debug_str     0x00000123        0x6 build/default/production/_ext/1502763280/sys_devcon_pic32mx.o
 .debug_str     0x00000129       0x2d build/default/production/_ext/361851466/sys_int_pic32.o
 .debug_str     0x00000156       0x98 build/default/production/_ext/1967917095/sys_ports.o
 .debug_str     0x000001ee        0x0 build/default/production/_ext/1092921775/croutine.o
 .debug_str     0x000001ee       0x2b build/default/production/_ext/1092921775/list.o
 .debug_str     0x00000219       0xf1 build/default/production/_ext/1092921775/queue.o
 .debug_str     0x0000030a      0x174 build/default/production/_ext/1092921775/tasks.o
 .debug_str     0x0000047e       0xbf build/default/production/_ext/1092921775/timers.o
 .debug_str     0x0000053d       0xe6 build/default/production/_ext/1092921775/event_groups.o
 .debug_str     0x00000623       0x1d build/default/production/_ext/371772180/heap_1.o
 .debug_str     0x00000640       0x37 build/default/production/_ext/1767308377/port.o
 .debug_str     0x00000677       0x1a build/default/production/_ext/1360937237/sensor2.o
 .debug_str     0x00000691       0x1a build/default/production/_ext/1360937237/sensor3.o
 .debug_str     0x000006ab       0x1a build/default/production/_ext/1360937237/sensor4.o
 .debug_str     0x000006c5       0x8e build/default/production/_ext/1361460060/drv_adc_static.o
 .debug_str     0x00000753       0x88 build/default/production/_ext/1345626252/drv_usart_static.o
 .debug_str     0x000007db       0x39 build/default/production/_ext/639803181/sys_clk_static.o
 .debug_str     0x00000814       0x15 build/default/production/_ext/822048611/sys_ports_static.o
 .debug_str     0x00000829        0xb build/default/production/_ext/1688732426/system_init.o
 .debug_str     0x00000834       0x9d build/default/production/_ext/1688732426/system_interrupt.o
 .debug_str     0x000008d1        0x0 build/default/production/_ext/1688732426/system_exceptions.o
 .debug_str     0x000008d1        0x0 build/default/production/_ext/1688732426/system_tasks.o
 .debug_str     0x000008d1        0x9 build/default/production/_ext/1688732426/rtos_hooks.o
 .debug_str     0x000008da        0x0 c:/program files (x86)/microchip/xc32/v1.40/bin/bin/../../lib/gcc/pic32mx/4.8.3/../../../../pic32mx/lib\libpic32.a(default-bootstrap-exception-handler.o)
 .debug_str     0x000008da        0x0 c:/program files (x86)/microchip/xc32/v1.40/bin/bin/../../lib/gcc/pic32mx/4.8.3/../../../../pic32mx/lib\libpic32.a(default-on-reset.o)
 .debug_str     0x000008da        0x0 c:/program files (x86)/microchip/xc32/v1.40/bin/bin/../../lib/gcc/pic32mx/4.8.3/../../../../pic32mx/lib\libpic32.a(default-on-bootstrap.o)
 .debug_str     0x000008da        0x0 c:/program files (x86)/microchip/xc32/v1.40/bin/bin/../../lib/gcc/pic32mx/4.8.3/../../../../pic32mx/lib\libpic32.a(defaultinterrupt.o)

.debug_loc      0x00000000     0x52f5
 *(.debug_loc)
 .debug_loc     0x00000000      0x1c5 build/default/production/_ext/1360937237/app.o
 .debug_loc     0x000001c5       0x21 build/default/production/_ext/1360937237/timer.o
 .debug_loc     0x000001e6      0x188 build/default/production/_ext/1360937237/debugging_task.o
 .debug_loc     0x0000036e       0xdc build/default/production/_ext/1360937237/messaging_task.o
 .debug_loc     0x0000044a      0x40c build/default/production/_ext/933768138/osal_freertos.o
 .debug_loc     0x00000856       0xf0 build/default/production/_ext/1502763280/sys_devcon.o
 .debug_loc     0x00000946       0xe0 build/default/production/_ext/1502763280/sys_devcon_pic32mx.o
 .debug_loc     0x00000a26       0x8d build/default/production/_ext/361851466/sys_int_pic32.o
 .debug_loc     0x00000ab3      0xee1 build/default/production/_ext/1967917095/sys_ports.o
 .debug_loc     0x00001994       0x31 build/default/production/_ext/1092921775/list.o
 .debug_loc     0x000019c5      0xd35 build/default/production/_ext/1092921775/queue.o
 .debug_loc     0x000026fa     0x1505 build/default/production/_ext/1092921775/tasks.o
 .debug_loc     0x00003bff      0x7c0 build/default/production/_ext/1092921775/timers.o
 .debug_loc     0x000043bf      0x8ea build/default/production/_ext/1092921775/event_groups.o
 .debug_loc     0x00004ca9       0x49 build/default/production/_ext/371772180/heap_1.o
 .debug_loc     0x00004cf2       0xea build/default/production/_ext/1767308377/port.o
 .debug_loc     0x00004ddc       0xe5 build/default/production/_ext/1360937237/sensor2.o
 .debug_loc     0x00004ec1       0xe5 build/default/production/_ext/1360937237/sensor3.o
 .debug_loc     0x00004fa6       0xe5 build/default/production/_ext/1360937237/sensor4.o
 .debug_loc     0x0000508b      0x111 build/default/production/_ext/1361460060/drv_adc_static.o
 .debug_loc     0x0000519c       0x3a build/default/production/_ext/1345626252/drv_usart_static.o
 .debug_loc     0x000051d6       0x21 build/default/production/_ext/639803181/sys_clk_static.o
 .debug_loc     0x000051f7       0x21 build/default/production/_ext/1688732426/system_init.o
 .debug_loc     0x00005218       0xa9 build/default/production/_ext/1688732426/system_interrupt.o
 .debug_loc     0x000052c1       0x34 build/default/production/_ext/1688732426/rtos_hooks.o

.debug_macinfo
 *(.debug_macinfo)

.debug_weaknames
 *(.debug_weaknames)

.debug_funcnames
 *(.debug_funcnames)

.debug_typenames
 *(.debug_typenames)

.debug_varnames
 *(.debug_varnames)

.debug_pubtypes
 *(.debug_pubtypes)

.debug_ranges   0x00000000      0x9e8
 *(.debug_ranges)
 .debug_ranges  0x00000000       0x38 build/default/production/_ext/1360937237/app.o
 .debug_ranges  0x00000038       0x10 build/default/production/_ext/1360937237/main.o
 .debug_ranges  0x00000048       0x10 build/default/production/_ext/1360937237/timer.o
 .debug_ranges  0x00000058       0x38 build/default/production/_ext/1360937237/debugging_task.o
 .debug_ranges  0x00000090       0x58 build/default/production/_ext/1360937237/messaging_task.o
 .debug_ranges  0x000000e8       0x78 build/default/production/_ext/933768138/osal_freertos.o
 .debug_ranges  0x00000160       0x68 build/default/production/_ext/1502763280/sys_devcon.o
 .debug_ranges  0x000001c8       0x10 build/default/production/_ext/1502763280/sys_devcon_pic32mx.o
 .debug_ranges  0x000001d8       0x50 build/default/production/_ext/361851466/sys_int_pic32.o
 .debug_ranges  0x00000228       0xe8 build/default/production/_ext/1967917095/sys_ports.o
 .debug_ranges  0x00000310       0x30 build/default/production/_ext/1092921775/list.o
 .debug_ranges  0x00000340       0xa8 build/default/production/_ext/1092921775/queue.o
 .debug_ranges  0x000003e8      0x1b0 build/default/production/_ext/1092921775/tasks.o
 .debug_ranges  0x00000598       0xe8 build/default/production/_ext/1092921775/timers.o
 .debug_ranges  0x00000680       0x98 build/default/production/_ext/1092921775/event_groups.o
 .debug_ranges  0x00000718       0x28 build/default/production/_ext/371772180/heap_1.o
 .debug_ranges  0x00000740       0x48 build/default/production/_ext/1767308377/port.o
 .debug_ranges  0x00000788       0x30 build/default/production/_ext/1360937237/sensor2.o
 .debug_ranges  0x000007b8       0x30 build/default/production/_ext/1360937237/sensor3.o
 .debug_ranges  0x000007e8       0x30 build/default/production/_ext/1360937237/sensor4.o
 .debug_ranges  0x00000818       0x68 build/default/production/_ext/1361460060/drv_adc_static.o
 .debug_ranges  0x00000880       0x28 build/default/production/_ext/1345626252/drv_usart_static.o
 .debug_ranges  0x000008a8       0x28 build/default/production/_ext/639803181/sys_clk_static.o
 .debug_ranges  0x000008d0       0x10 build/default/production/_ext/822048611/sys_ports_static.o
 .debug_ranges  0x000008e0       0x10 build/default/production/_ext/1688732426/system_init.o
 .debug_ranges  0x000008f0       0x18 build/default/production/_ext/1688732426/system_interrupt.o
 .debug_ranges  0x00000908       0x10 build/default/production/_ext/1688732426/system_exceptions.o
 .debug_ranges  0x00000918       0x48 build/default/production/_ext/1688732426/system_tasks.o
 .debug_ranges  0x00000960       0x30 build/default/production/_ext/1688732426/system_interrupt_a.o
 .debug_ranges  0x00000990       0x18 build/default/production/_ext/1688732426/rtos_hooks.o
 .debug_ranges  0x000009a8       0x10 c:/program files (x86)/microchip/xc32/v1.40/bin/bin/../../lib/gcc/pic32mx/4.8.3/../../../../pic32mx/lib\libpic32.a(default-bootstrap-exception-handler.o)
 .debug_ranges  0x000009b8       0x10 c:/program files (x86)/microchip/xc32/v1.40/bin/bin/../../lib/gcc/pic32mx/4.8.3/../../../../pic32mx/lib\libpic32.a(default-on-reset.o)
 .debug_ranges  0x000009c8       0x10 c:/program files (x86)/microchip/xc32/v1.40/bin/bin/../../lib/gcc/pic32mx/4.8.3/../../../../pic32mx/lib\libpic32.a(default-on-bootstrap.o)
 .debug_ranges  0x000009d8       0x10 c:/program files (x86)/microchip/xc32/v1.40/bin/bin/../../lib/gcc/pic32mx/4.8.3/../../../../pic32mx/lib\libpic32.a(defaultinterrupt.o)

.gnu.attributes
                0x00000000       0x10
 *(.gnu.attributes)
 .gnu.attributes
                0x00000000       0x10 build/default/production/_ext/1360937237/app.o
 .gnu.attributes
                0x00000010       0x10 build/default/production/_ext/1360937237/main.o
 .gnu.attributes
                0x00000020       0x10 build/default/production/_ext/1360937237/timer.o
 .gnu.attributes
                0x00000030       0x10 build/default/production/_ext/1360937237/debugging_task.o
 .gnu.attributes
                0x00000040       0x10 build/default/production/_ext/1360937237/debugtemp.o
 .gnu.attributes
                0x00000050       0x10 build/default/production/_ext/1360937237/messaging_task.o
 .gnu.attributes
                0x00000060       0x10 build/default/production/_ext/933768138/osal_freertos.o
 .gnu.attributes
                0x00000070       0x10 build/default/production/_ext/1502763280/sys_devcon.o
 .gnu.attributes
                0x00000080       0x10 build/default/production/_ext/1502763280/sys_devcon_pic32mx.o
 .gnu.attributes
                0x00000090       0x10 build/default/production/_ext/361851466/sys_int_pic32.o
 .gnu.attributes
                0x000000a0       0x10 build/default/production/_ext/1967917095/sys_ports.o
 .gnu.attributes
                0x000000b0       0x10 build/default/production/_ext/1092921775/croutine.o
 .gnu.attributes
                0x000000c0       0x10 build/default/production/_ext/1092921775/list.o
 .gnu.attributes
                0x000000d0       0x10 build/default/production/_ext/1092921775/queue.o
 .gnu.attributes
                0x000000e0       0x10 build/default/production/_ext/1092921775/tasks.o
 .gnu.attributes
                0x000000f0       0x10 build/default/production/_ext/1092921775/timers.o
 .gnu.attributes
                0x00000100       0x10 build/default/production/_ext/1092921775/event_groups.o
 .gnu.attributes
                0x00000110       0x10 build/default/production/_ext/371772180/heap_1.o
 .gnu.attributes
                0x00000120       0x10 build/default/production/_ext/1767308377/port.o
 .gnu.attributes
                0x00000130       0x10 build/default/production/_ext/1360937237/sensor2.o
 .gnu.attributes
                0x00000140       0x10 build/default/production/_ext/1360937237/sensor3.o
 .gnu.attributes
                0x00000150       0x10 build/default/production/_ext/1360937237/sensor4.o
 .gnu.attributes
                0x00000160       0x10 build/default/production/_ext/1361460060/drv_adc_static.o
 .gnu.attributes
                0x00000170       0x10 build/default/production/_ext/1345626252/drv_usart_static.o
 .gnu.attributes
                0x00000180       0x10 build/default/production/_ext/639803181/sys_clk_static.o
 .gnu.attributes
                0x00000190       0x10 build/default/production/_ext/822048611/sys_ports_static.o
 .gnu.attributes
                0x000001a0       0x10 build/default/production/_ext/1688732426/system_init.o
 .gnu.attributes
                0x000001b0       0x10 build/default/production/_ext/1688732426/system_interrupt.o
 .gnu.attributes
                0x000001c0       0x10 build/default/production/_ext/1688732426/system_exceptions.o
 .gnu.attributes
                0x000001d0       0x10 build/default/production/_ext/1688732426/system_tasks.o
 .gnu.attributes
                0x000001e0       0x10 build/default/production/_ext/1688732426/rtos_hooks.o
 .gnu.attributes
                0x000001f0       0x10 c:/program files (x86)/microchip/xc32/v1.40/bin/bin/../../lib/gcc/pic32mx/4.8.3/../../../../pic32mx/lib\libpic32.a(default-bootstrap-exception-handler.o)
 .gnu.attributes
                0x00000200       0x10 c:/program files (x86)/microchip/xc32/v1.40/bin/bin/../../lib/gcc/pic32mx/4.8.3/../../../../pic32mx/lib\libpic32.a(default-on-reset.o)
 .gnu.attributes
                0x00000210       0x10 c:/program files (x86)/microchip/xc32/v1.40/bin/bin/../../lib/gcc/pic32mx/4.8.3/../../../../pic32mx/lib\libpic32.a(default-on-bootstrap.o)
 .gnu.attributes
                0x00000220       0x10 c:/program files (x86)/microchip/xc32/v1.40/bin/bin/../../lib/gcc/pic32mx/4.8.3/../../../../pic32mx/lib\libpic32.a(defaultinterrupt.o)
LOAD c:/program files (x86)/microchip/xc32/v1.40/bin/bin/../../lib/gcc/pic32mx/4.8.3\libgcc.a
START GROUP
LOAD c:/program files (x86)/microchip/xc32/v1.40/bin/bin/../../lib/gcc/pic32mx/4.8.3/../../../../pic32mx/lib\libpic32.a
LOAD c:/program files (x86)/microchip/xc32/v1.40/bin/bin/../../lib/gcc/pic32mx/4.8.3/../../../../pic32mx/lib\libdebug.a
LOAD c:/program files (x86)/microchip/xc32/v1.40/bin/bin/../../lib/gcc/pic32mx/4.8.3/../../../../pic32mx/lib\libpic32.a
LOAD c:/program files (x86)/microchip/xc32/v1.40/bin/bin/../../lib/gcc/pic32mx/4.8.3/../../../../pic32mx/lib\libm.a
LOAD c:/program files (x86)/microchip/xc32/v1.40/bin/bin/../../lib/gcc/pic32mx/4.8.3/../../../../pic32mx/lib\libe.a
LOAD c:/program files (x86)/microchip/xc32/v1.40/bin/bin/../../lib/gcc/pic32mx/4.8.3/../../../../pic32mx/lib\libdsp.a
LOAD c:/program files (x86)/microchip/xc32/v1.40/bin/bin/../../lib/gcc/pic32mx/4.8.3\libgcc.a
LOAD c:/program files (x86)/microchip/xc32/v1.40/bin/bin/../../lib/gcc/pic32mx/4.8.3/../../../../pic32mx/lib\libc.a
LOAD c:/program files (x86)/microchip/xc32/v1.40/bin/bin/../../lib/gcc/pic32mx/4.8.3/../../../../pic32mx/lib\libpic32.a
END GROUP
LOAD c:/program files (x86)/microchip/xc32/v1.40/bin/bin/../../lib/gcc/pic32mx/4.8.3\libgcc.a
OUTPUT(dist/default/production/Milestone2.X.production.elf elf32-tradlittlemips)
LOAD stack
LOAD data_init

.reginfo        0x00000000       0x18
 .reginfo       0x00000000       0x18 c:/program files (x86)/microchip/xc32/v1.40/bin/bin/../../lib/gcc/pic32mx/4.8.3/../../../../pic32mx/lib/./proc/32MX795F512L/crt0_mips32r2.o

.stack          0xa000aec8      0x400
 .stack         0xa000aec8      0x400 stack

.bss            0xa00000f0     0xad48
 .bss           0xa00000f0     0xa000 build/default/production/_ext/371772180/heap_1.o
 .bss           0xa000a0f0      0xc80 build/default/production/_ext/1767308377/port.o
                0xa000a0f0                xISRStack
 .bss           0xa000ad70       0xc8 build/default/production/_ext/1092921775/tasks.o

.data           0xa000ae38       0x4c
 .data          0xa000ae38       0x4c build/default/production/_ext/1688732426/system_exceptions.o

.bss            0xa000ae84       0x28
 .bss           0xa000ae84       0x28 build/default/production/_ext/1092921775/timers.o

._debug_exception
                0xbfc00480       0x2c
 ._debug_exception
                0xbfc00480       0x2c c:/program files (x86)/microchip/xc32/v1.40/bin/bin/../../lib/gcc/pic32mx/4.8.3/../../../../pic32mx/lib\debug-exception-return.o
                0xbfc00480                __DbgExecReturn

.text           0x9d000000      0x454
 .text          0x9d000000      0x454 build/default/production/_ext/1767308377/port_asm.o
                0x9d000000                vPortTickInterruptHandler
                0x9d0001ac                vPortStartFirstTask
                0x9d000274                vPortYieldISR

.text.MESSAGING_TASK_Tasks
                0x9d000454      0x35c
 .text.MESSAGING_TASK_Tasks
                0x9d000454      0x35c build/default/production/_ext/1360937237/messaging_task.o
                0x9d000454                MESSAGING_TASK_Tasks

.text.xTaskGenericCreate
                0x9d0007b0      0x2e0
 .text.xTaskGenericCreate
                0x9d0007b0      0x2e0 build/default/production/_ext/1092921775/tasks.o
                0x9d0007b0                xTaskGenericCreate

.text.prvTimerTask
                0x9d000a90      0x264
 .text.prvTimerTask
                0x9d000a90      0x264 build/default/production/_ext/1092921775/timers.o

.text.xQueueGenericReceive
                0x9d000cf4      0x24c
 .text.xQueueGenericReceive
                0x9d000cf4      0x24c build/default/production/_ext/1092921775/queue.o
                0x9d000cf4                xQueueGenericReceive

.text.xQueueGenericSend
                0x9d000f40      0x208
 .text.xQueueGenericSend
                0x9d000f40      0x208 build/default/production/_ext/1092921775/queue.o
                0x9d000f40                xQueueGenericSend

.DrvAdc_vector_text
                0x9d001148      0x1b4
 .DrvAdc_vector_text
                0x9d001148      0x1b4 build/default/production/_ext/1688732426/system_interrupt_a.o

.DrvUsartInstance0_vector_text
                0x9d0012fc      0x1b4
 .DrvUsartInstance0_vector_text
                0x9d0012fc      0x1b4 build/default/production/_ext/1688732426/system_interrupt_a.o

.text.xTaskIncrementTick
                0x9d0014b0      0x19c
 .text.xTaskIncrementTick
                0x9d0014b0      0x19c build/default/production/_ext/1092921775/tasks.o
                0x9d0014b0                xTaskIncrementTick

.text           0x9d00164c      0x168
 .text          0x9d00164c      0x168 c:/program files (x86)/microchip/xc32/v1.40/bin/bin/../../lib/gcc/pic32mx/4.8.3/../../../../pic32mx/lib\libpic32.a(memcpy.o)
                0x9d00164c                memcpy

.text.SYS_Tasks
                0x9d0017b4      0x15c
 .text.SYS_Tasks
                0x9d0017b4      0x15c build/default/production/_ext/1688732426/system_tasks.o
                0x9d0017b4                SYS_Tasks

.text.xTaskResumeAll
                0x9d001910      0x154
 .text.xTaskResumeAll
                0x9d001910      0x154 build/default/production/_ext/1092921775/tasks.o
                0x9d001910                xTaskResumeAll

.text.SENSOR1_Tasks
                0x9d001a64      0x140
 .text.SENSOR1_Tasks
                0x9d001a64      0x140 build/default/production/_ext/1360937237/app.o
                0x9d001a64                SENSOR1_Tasks

.dinit          0x9d001ba4      0x130
 .dinit         0x9d001ba4      0x130 data_init

.text.vTaskPriorityInherit
                0x9d001cd4      0x12c
 .text.vTaskPriorityInherit
                0x9d001cd4      0x12c build/default/production/_ext/1092921775/tasks.o
                0x9d001cd4                vTaskPriorityInherit

.text.DRV_ADC_Initialize
                0x9d001e00      0x12c
 .text.DRV_ADC_Initialize
                0x9d001e00      0x12c build/default/production/_ext/1361460060/drv_adc_static.o
                0x9d001e00                DRV_ADC_Initialize

.text.SENSOR1_Initialize
                0x9d001f2c      0x124
 .text.SENSOR1_Initialize
                0x9d001f2c      0x124 build/default/production/_ext/1360937237/app.o
                0x9d001f2c                SENSOR1_Initialize

.text.DRV_USART0_Initialize
                0x9d002050      0x10c
 .text.DRV_USART0_Initialize
                0x9d002050      0x10c build/default/production/_ext/1345626252/drv_usart_static.o
                0x9d002050                DRV_USART0_Initialize

.text.prvUnlockQueue
                0x9d00215c      0x104
 .text.prvUnlockQueue
                0x9d00215c      0x104 build/default/production/_ext/1092921775/queue.o

.text.prvSampleTimeNow
                0x9d002260      0x104
 .text.prvSampleTimeNow
                0x9d002260      0x104 build/default/production/_ext/1092921775/timers.o

.text.prvCopyDataToQueue
                0x9d002364       0xfc
 .text.prvCopyDataToQueue
                0x9d002364       0xfc build/default/production/_ext/1092921775/queue.o

.text.xTaskPriorityDisinherit
                0x9d002460       0xf8
 .text.xTaskPriorityDisinherit
                0x9d002460       0xf8 build/default/production/_ext/1092921775/tasks.o
                0x9d002460                xTaskPriorityDisinherit

.text.xQueueGenericSendFromISR
                0x9d002558       0xe8
 .text.xQueueGenericSendFromISR
                0x9d002558       0xe8 build/default/production/_ext/1092921775/queue.o
                0x9d002558                xQueueGenericSendFromISR

.text.SENSOR2_Initialize
                0x9d002640       0xe4
 .text.SENSOR2_Initialize
                0x9d002640       0xe4 build/default/production/_ext/1360937237/sensor2.o
                0x9d002640                SENSOR2_Initialize

.text.SENSOR3_Initialize
                0x9d002724       0xe4
 .text.SENSOR3_Initialize
                0x9d002724       0xe4 build/default/production/_ext/1360937237/sensor3.o
                0x9d002724                SENSOR3_Initialize

.text.SENSOR4_Initialize
                0x9d002808       0xe4
 .text.SENSOR4_Initialize
                0x9d002808       0xe4 build/default/production/_ext/1360937237/sensor4.o
                0x9d002808                SENSOR4_Initialize

.text.SYS_DEVCON_PerformanceConfig
                0x9d0028ec       0xdc
 .text.SYS_DEVCON_PerformanceConfig
                0x9d0028ec       0xdc build/default/production/_ext/1502763280/sys_devcon_pic32mx.o
                0x9d0028ec                SYS_DEVCON_PerformanceConfig

.text.vTaskSwitchContext
                0x9d0029c8       0xdc
 .text.vTaskSwitchContext
                0x9d0029c8       0xdc build/default/production/_ext/1092921775/tasks.o
                0x9d0029c8                vTaskSwitchContext

.rodata         0x9d002aa4       0xdc
 .rodata        0x9d002aa4       0xdc build/default/production/_ext/1688732426/system_exceptions.o

.text.general_exception
                0x9d002b80       0xdc
 .text.general_exception
                0x9d002b80       0xdc c:/program files (x86)/microchip/xc32/v1.40/bin/bin/../../lib/gcc/pic32mx/4.8.3/../../../../pic32mx/lib\libpic32.a(general-exception.o)
                0x9d002b80                _general_exception_context

.text.xQueueReceiveFromISR
                0x9d002c5c       0xd4
 .text.xQueueReceiveFromISR
                0x9d002c5c       0xd4 build/default/production/_ext/1092921775/queue.o
                0x9d002c5c                xQueueReceiveFromISR

.text.xQueueGenericReset
                0x9d002d30       0xc4
 .text.xQueueGenericReset
                0x9d002d30       0xc4 build/default/production/_ext/1092921775/queue.o
                0x9d002d30                xQueueGenericReset

.text.xTaskRemoveFromEventList
                0x9d002df4       0xbc
 .text.xTaskRemoveFromEventList
                0x9d002df4       0xbc build/default/production/_ext/1092921775/tasks.o
                0x9d002df4                xTaskRemoveFromEventList

.text.pvPortMalloc
                0x9d002eb0       0xbc
 .text.pvPortMalloc
                0x9d002eb0       0xbc build/default/production/_ext/371772180/heap_1.o
                0x9d002eb0                pvPortMalloc

.text.prvIdleTask
                0x9d002f6c       0xb4
 .text.prvIdleTask
                0x9d002f6c       0xb4 build/default/production/_ext/1092921775/tasks.o

.text           0x9d003020       0xa8
 .text          0x9d003020       0xa8 c:/program files (x86)/microchip/xc32/v1.40/bin/bin/../../lib/gcc/pic32mx/4.8.3/../../../../pic32mx/lib\libpic32.a(memset.o)
                0x9d003020                memset

.text.xTaskCheckForTimeOut
                0x9d0030c8       0xa0
 .text.xTaskCheckForTimeOut
                0x9d0030c8       0xa0 build/default/production/_ext/1092921775/tasks.o
                0x9d0030c8                xTaskCheckForTimeOut

.text.MESSAGING_TASK_Initialize
                0x9d003168       0x98
 .text.MESSAGING_TASK_Initialize
                0x9d003168       0x98 build/default/production/_ext/1360937237/messaging_task.o
                0x9d003168                MESSAGING_TASK_Initialize

.text.xTimerCreate
                0x9d003200       0x98
 .text.xTimerCreate
                0x9d003200       0x98 build/default/production/_ext/1092921775/timers.o
                0x9d003200                xTimerCreate

.text           0x9d003298       0x98
 .text          0x9d003298       0x98 c:/program files (x86)/microchip/xc32/v1.40/bin/bin/../../lib/gcc/pic32mx/4.8.3/../../../../pic32mx/lib\libpic32.a(memcmp.o)
                0x9d003298                memcmp

.text.xQueueGenericCreate
                0x9d003330       0x94
 .text.xQueueGenericCreate
                0x9d003330       0x94 build/default/production/_ext/1092921775/queue.o
                0x9d003330                xQueueGenericCreate

.text.vTaskPlaceOnEventList
                0x9d0033c4       0x94
 .text.vTaskPlaceOnEventList
                0x9d0033c4       0x94 build/default/production/_ext/1092921775/tasks.o
                0x9d0033c4                vTaskPlaceOnEventList

.text.xTimerGenericCommand
                0x9d003458       0x94
 .text.xTimerGenericCommand
                0x9d003458       0x94 build/default/production/_ext/1092921775/timers.o