
Optional file libmchp_peripheral.a not found

Optional file libmchp_peripheral_32MX795F512L.a not found
Archive member included because of file (symbol)

c:/program files (x86)/microchip/xc32/v1.40/bin/bin/../../lib/gcc/pic32mx/4.8.3/../../../../pic32mx/lib\libpic32.a(memcpy.o)
                              build/default/debug/_ext/1159356593/queue.o (memcpy)
c:/program files (x86)/microchip/xc32/v1.40/bin/bin/../../lib/gcc/pic32mx/4.8.3/../../../../pic32mx/lib\libpic32.a(memset.o)
                              build/default/debug/_ext/1159356593/tasks.o (memset)
c:/program files (x86)/microchip/xc32/v1.40/bin/bin/../../lib/gcc/pic32mx/4.8.3/../../../../pic32mx/lib\libpic32.a(default-bootstrap-exception-handler.o)
                              c:/program files (x86)/microchip/xc32/v1.40/bin/bin/../../lib/gcc/pic32mx/4.8.3/../../../../pic32mx/lib/./proc/32MX795F512L/crt0_mips32r2.o (_bootstrap_exception_handler)
c:/program files (x86)/microchip/xc32/v1.40/bin/bin/../../lib/gcc/pic32mx/4.8.3/../../../../pic32mx/lib\libpic32.a(default-on-reset.o)
                              c:/program files (x86)/microchip/xc32/v1.40/bin/bin/../../lib/gcc/pic32mx/4.8.3/../../../../pic32mx/lib/./proc/32MX795F512L/crt0_mips32r2.o (_on_reset)
c:/program files (x86)/microchip/xc32/v1.40/bin/bin/../../lib/gcc/pic32mx/4.8.3/../../../../pic32mx/lib\libpic32.a(default-on-bootstrap.o)
                              c:/program files (x86)/microchip/xc32/v1.40/bin/bin/../../lib/gcc/pic32mx/4.8.3/../../../../pic32mx/lib/./proc/32MX795F512L/crt0_mips32r2.o (_on_bootstrap)
c:/program files (x86)/microchip/xc32/v1.40/bin/bin/../../lib/gcc/pic32mx/4.8.3/../../../../pic32mx/lib\libpic32.a(default-nmi-handler.o)
                              c:/program files (x86)/microchip/xc32/v1.40/bin/bin/../../lib/gcc/pic32mx/4.8.3/../../../../pic32mx/lib/./proc/32MX795F512L/crt0_mips32r2.o (_nmi_handler)
c:/program files (x86)/microchip/xc32/v1.40/bin/bin/../../lib/gcc/pic32mx/4.8.3/../../../../pic32mx/lib\libpic32.a(general-exception.o)
                              c:/program files (x86)/microchip/xc32/v1.40/bin/bin/../../lib/gcc/pic32mx/4.8.3/../../../../pic32mx/lib/./proc/32MX795F512L/crt0_mips32r2.o (_general_exception_context)
c:/program files (x86)/microchip/xc32/v1.40/bin/bin/../../lib/gcc/pic32mx/4.8.3/../../../../pic32mx/lib\libpic32.a(vector0.o)
                              c:/program files (x86)/microchip/xc32/v1.40/bin/bin/../../lib/gcc/pic32mx/4.8.3/../../../../pic32mx/lib/./proc/32MX795F512L\default_isr_vectors.o (__vector_dispatch_0)
c:/program files (x86)/microchip/xc32/v1.40/bin/bin/../../lib/gcc/pic32mx/4.8.3/../../../../pic32mx/lib\libpic32.a(vector2.o)
                              c:/program files (x86)/microchip/xc32/v1.40/bin/bin/../../lib/gcc/pic32mx/4.8.3/../../../../pic32mx/lib/./proc/32MX795F512L\default_isr_vectors.o (__vector_dispatch_2)
c:/program files (x86)/microchip/xc32/v1.40/bin/bin/../../lib/gcc/pic32mx/4.8.3/../../../../pic32mx/lib\libpic32.a(vector3.o)
                              c:/program files (x86)/microchip/xc32/v1.40/bin/bin/../../lib/gcc/pic32mx/4.8.3/../../../../pic32mx/lib/./proc/32MX795F512L\default_isr_vectors.o (__vector_dispatch_3)
c:/program files (x86)/microchip/xc32/v1.40/bin/bin/../../lib/gcc/pic32mx/4.8.3/../../../../pic32mx/lib\libpic32.a(vector5.o)
                              c:/program files (x86)/microchip/xc32/v1.40/bin/bin/../../lib/gcc/pic32mx/4.8.3/../../../../pic32mx/lib/./proc/32MX795F512L\default_isr_vectors.o (__vector_dispatch_5)
c:/program files (x86)/microchip/xc32/v1.40/bin/bin/../../lib/gcc/pic32mx/4.8.3/../../../../pic32mx/lib\libpic32.a(vector6.o)
                              c:/program files (x86)/microchip/xc32/v1.40/bin/bin/../../lib/gcc/pic32mx/4.8.3/../../../../pic32mx/lib/./proc/32MX795F512L\default_isr_vectors.o (__vector_dispatch_6)
c:/program files (x86)/microchip/xc32/v1.40/bin/bin/../../lib/gcc/pic32mx/4.8.3/../../../../pic32mx/lib\libpic32.a(vector7.o)
                              c:/program files (x86)/microchip/xc32/v1.40/bin/bin/../../lib/gcc/pic32mx/4.8.3/../../../../pic32mx/lib/./proc/32MX795F512L\default_isr_vectors.o (__vector_dispatch_7)
c:/program files (x86)/microchip/xc32/v1.40/bin/bin/../../lib/gcc/pic32mx/4.8.3/../../../../pic32mx/lib\libpic32.a(vector9.o)
                              c:/program files (x86)/microchip/xc32/v1.40/bin/bin/../../lib/gcc/pic32mx/4.8.3/../../../../pic32mx/lib/./proc/32MX795F512L\default_isr_vectors.o (__vector_dispatch_9)
c:/program files (x86)/microchip/xc32/v1.40/bin/bin/../../lib/gcc/pic32mx/4.8.3/../../../../pic32mx/lib\libpic32.a(vector10.o)
                              c:/program files (x86)/microchip/xc32/v1.40/bin/bin/../../lib/gcc/pic32mx/4.8.3/../../../../pic32mx/lib/./proc/32MX795F512L\default_isr_vectors.o (__vector_dispatch_10)
c:/program files (x86)/microchip/xc32/v1.40/bin/bin/../../lib/gcc/pic32mx/4.8.3/../../../../pic32mx/lib\libpic32.a(vector11.o)
[...]
Memory Configuration

Name             Origin             Length             Attributes
kseg0_boot_mem   0x9fc00490         0x00000970
kseg1_boot_mem   0xbfc00000         0x00000490
kseg0_program_mem 0x9d000000         0x00080000         xr
exception_mem    0x9fc01000         0x00001000
debug_exec_mem   0xbfc02000         0x00000ff0
config3          0xbfc02ff0         0x00000004
config2          0xbfc02ff4         0x00000004
config1          0xbfc02ff8         0x00000004
config0          0xbfc02ffc         0x00000004
kseg1_data_mem   0xa0000000         0x00020000         w !x
sfrs             0xbf800000         0x00100000
configsfrs       0xbfc02ff0         0x00000010
*default*        0x00000000         0xffffffff

Linker script and memory map


reserve_boot_0x1fc02000_kseg0
                0x9fc02000      0xff0
                0x9fc02000        0x2 SHORT 0x0
                0x00000500                . = 0x500
 *fill*         0x9fc02002      0x4fe 
                0x9fc02500                . = ALIGN (0x4)
                0x9fc02500        0x2 SHORT 0x0
                0x00000ff0                . = 0xff0
 *fill*         0x9fc02502      0xaee 
                0x9fc02ff0                . = ALIGN (0x4)

reserve_boot_0x1fc02000_kseg1
                0xbfc02000      0xff0
                0xbfc02000        0x2 SHORT 0x0
                0x00000500                . = 0x500
 *fill*         0xbfc02002      0x4fe 
                0xbfc02500                . = ALIGN (0x4)
                0xbfc02500        0x2 SHORT 0x0
                0x00000ff0                . = 0xff0
 *fill*         0xbfc02502      0xaee 
                0xbfc02ff0                . = ALIGN (0x4)
LOAD c:/program files (x86)/microchip/xc32/v1.40/bin/bin/../../lib/gcc/pic32mx/4.8.3/../../../../pic32mx/lib/./proc/32MX795F512L/crt0_mips32r2.o
LOAD c:/program files (x86)/microchip/xc32/v1.40/bin/bin/../../lib/gcc/pic32mx/4.8.3/../../../../pic32mx/lib\software-debug-break.o
                0x00000001                _DEBUGGER = 0x1
LOAD build/default/debug/_ext/1360937237/app.o
LOAD build/default/debug/_ext/1360937237/main.o
LOAD build/default/debug/_ext/1360937237/debugging_task.o
LOAD build/default/debug/_ext/1360937237/messaging_task.o
LOAD build/default/debug/_ext/1360937237/sensor_read.o
LOAD build/default/debug/_ext/1360937237/simulation.o
LOAD build/default/debug/_ext/1360937237/timer.o
LOAD build/default/debug/_ext/1257146006/osal_freertos.o
LOAD build/default/debug/_ext/1489608848/sys_devcon.o
LOAD build/default/debug/_ext/1489608848/sys_devcon_pic32mx.o
LOAD build/default/debug/_ext/1878130666/sys_int_pic32.o
LOAD build/default/debug/_ext/1176652345/sys_ports.o
LOAD build/default/debug/_ext/1159356593/croutine.o
LOAD build/default/debug/_ext/1159356593/list.o
LOAD build/default/debug/_ext/1159356593/queue.o
LOAD build/default/debug/_ext/1159356593/tasks.o
LOAD build/default/debug/_ext/1159356593/timers.o
LOAD build/default/debug/_ext/1159356593/event_groups.o
LOAD build/default/debug/_ext/855783052/heap_1.o
LOAD build/default/debug/_ext/597539335/port.o
LOAD build/default/debug/_ext/597539335/port_asm.o
LOAD build/default/debug/_ext/1360937237/motor_control.o
LOAD build/default/debug/_ext/1047219354/drv_oc_static.o
LOAD build/default/debug/_ext/1407244131/drv_tmr_static.o
LOAD build/default/debug/_ext/1345626252/drv_usart_static.o
LOAD build/default/debug/_ext/639803181/sys_clk_static.o
LOAD build/default/debug/_ext/822048611/sys_ports_static.o
LOAD build/default/debug/_ext/1688732426/system_init.o
LOAD build/default/debug/_ext/1688732426/system_interrupt.o
LOAD build/default/debug/_ext/1688732426/system_exceptions.o
LOAD build/default/debug/_ext/1688732426/system_tasks.o
LOAD build/default/debug/_ext/1688732426/system_interrupt_a.o
LOAD build/default/debug/_ext/1688732426/rtos_hooks.o
LOAD ..\..\..\..\..\..\..\microchip\harmony\v1_06_02\bin\framework\peripheral\PIC32MX795F512L_peripherals.a
                0x00000001                __MPLAB_BUILD = 0x1
                0x00000001                __MPLAB_DEBUG = 0x1
                0x00000001                __DEBUG = 0x1
                0x00000001                __MPLAB_DEBUGGER_PK3 = 0x1
                0x00000000                _min_heap_size = 0x0
LOAD c:/program files (x86)/microchip/xc32/v1.40/bin/bin/../../lib/gcc/pic32mx/4.8.3/../../../../pic32mx/lib/./proc/32MX795F512L\default_isr_vectors.o
LOAD c:/program files (x86)/microchip/xc32/v1.40/bin/bin/../../lib/gcc/pic32mx/4.8.3/../../../../pic32mx/lib\pic32_software_reset.o
                0x00000400                PROVIDE (_min_stack_size, 0x400)
LOAD c:/program files (x86)/microchip/xc32/v1.40/bin/bin/../../lib/gcc/pic32mx/4.8.3/../../../../pic32mx/lib/./proc/32MX795F512L\processor.o
START GROUP
LOAD libmchp_peripheral.a
END GROUP
START GROUP
LOAD libmchp_peripheral_32MX795F512L.a
END GROUP
                0x00000001                PROVIDE (_vector_spacing, 0x1)
                0x9fc01000                _ebase_address = 0x9fc01000
                0xbfc00000                _RESET_ADDR = 0xbfc00000
                0xbfc00380                _BEV_EXCPT_ADDR = 0xbfc00380
                0xbfc00480                _DBG_EXCPT_ADDR = 0xbfc00480
                0xbfc02000                _DBG_CODE_ADDR = 0xbfc02000
                0x00000ff0                _DBG_CODE_SIZE = 0xff0
                0x9fc01180                _GEN_EXCPT_ADDR = (_ebase_address + 0x180)

.config_BFC02FF0
                0xbfc02ff0        0x4
 *(.config_BFC02FF0)
 .config_BFC02FF0
                0xbfc02ff0        0x4 build/default/debug/_ext/1688732426/system_init.o

.config_BFC02FF4
                0xbfc02ff4        0x4
 *(.config_BFC02FF4)
 .config_BFC02FF4
                0xbfc02ff4        0x4 build/default/debug/_ext/1688732426/system_init.o

.config_BFC02FF8
                0xbfc02ff8        0x4
 *(.config_BFC02FF8)
 .config_BFC02FF8
                0xbfc02ff8        0x4 build/default/debug/_ext/1688732426/system_init.o

.config_BFC02FFC
                0xbfc02ffc        0x4
 *(.config_BFC02FFC)
 .config_BFC02FFC
                0xbfc02ffc        0x4 build/default/debug/_ext/1688732426/system_init.o
                0xbfc02000                PROVIDE (_DBG_CODE_ADDR, 0xbfc02000)
                0x00000ff0                PROVIDE (_DBG_CODE_SIZE, 0xff0)

.reset          0xbfc00000      0x1f4
 *(.reset)
 .reset         0xbfc00000        0x8 c:/program files (x86)/microchip/xc32/v1.40/bin/bin/../../lib/gcc/pic32mx/4.8.3/../../../../pic32mx/lib/./proc/32MX795F512L/crt0_mips32r2.o
                0xbfc00000                _reset
 *(.reset.startup)
 .reset.startup
                0xbfc00008      0x1ec c:/program files (x86)/microchip/xc32/v1.40/bin/bin/../../lib/gcc/pic32mx/4.8.3/../../../../pic32mx/lib/./proc/32MX795F512L/crt0_mips32r2.o

.bev_excpt      0xbfc00380       0x10
 *(.bev_handler)
 .bev_handler   0xbfc00380       0x10 c:/program files (x86)/microchip/xc32/v1.40/bin/bin/../../lib/gcc/pic32mx/4.8.3/../../../../pic32mx/lib/./proc/32MX795F512L/crt0_mips32r2.o

.dbg_excpt      0xbfc00480        0x8
                0xbfc00480                . = (. + DEFINED (_DEBUGGER)?0x8:0x0)
 *fill*         0xbfc00480        0x8 

.dbg_code       0xbfc02000      0xff0
                0xbfc02000                . = (. + DEFINED (_DEBUGGER)?_DBG_CODE_SIZE:0x0)
 *fill*         0xbfc02000      0xff0 

.app_excpt      0x9fc01180       0x10
 *(.gen_handler)
 .gen_handler   0x9fc01180       0x10 c:/program files (x86)/microchip/xc32/v1.40/bin/bin/../../lib/gcc/pic32mx/4.8.3/../../../../pic32mx/lib/./proc/32MX795F512L/crt0_mips32r2.o

.vector_0       0x9fc01200        0x8
 *(.vector_0)
 .vector_0      0x9fc01200        0x8 c:/program files (x86)/microchip/xc32/v1.40/bin/bin/../../lib/gcc/pic32mx/4.8.3/../../../../pic32mx/lib\libpic32.a(vector0.o)
                0x9fc01200                __vector_dispatch_0
                0x00000001                ASSERT (((_vector_spacing == 0x0) || (SIZEOF (.vector_0) <= (_vector_spacing << 0x5))), function at exception vector 0 too large)

.vector_1       0x9fc01220        0x8
 *(.vector_1)
 .vector_1      0x9fc01220        0x8 build/default/debug/_ext/597539335/port.o
                0x9fc01220                __vector_dispatch_1
                0x00000001                ASSERT (((_vector_spacing == 0x0) || (SIZEOF (.vector_1) <= (_vector_spacing << 0x5))), function at exception vector 1 too large)

.vector_2       0x9fc01240        0x8
 *(.vector_2)
 .vector_2      0x9fc01240        0x8 c:/program files (x86)/microchip/xc32/v1.40/bin/bin/../../lib/gcc/pic32mx/4.8.3/../../../../pic32mx/lib\libpic32.a(vector2.o)
                0x9fc01240                __vector_dispatch_2
                0x00000001                ASSERT (((_vector_spacing == 0x0) || (SIZEOF (.vector_2) <= (_vector_spacing << 0x5))), function at exception vector 2 too large)

.vector_3       0x9fc01260        0x8
 *(.vector_3)
 .vector_3      0x9fc01260        0x8 c:/program files (x86)/microchip/xc32/v1.40/bin/bin/../../lib/gcc/pic32mx/4.8.3/../../../../pic32mx/lib\libpic32.a(vector3.o)
                0x9fc01260                __vector_dispatch_3
                0x00000001                ASSERT (((_vector_spacing == 0x0) || (SIZEOF (.vector_3) <= (_vector_spacing << 0x5))), function at exception vector 3 too large)

.vector_4       0x9fc01280        0x8
 *(.vector_4)
 .vector_4      0x9fc01280        0x8 build/default/debug/_ext/597539335/port.o
                0x9fc01280                __vector_dispatch_4
                0x00000001                ASSERT (((_vector_spacing == 0x0) || (SIZEOF (.vector_4) <= (_vector_spacing << 0x5))), function at exception vector 4 too large)

.vector_5       0x9fc012a0        0x8
 *(.vector_5)
 .vector_5      0x9fc012a0        0x8 c:/program files (x86)/microchip/xc32/v1.40/bin/bin/../../lib/gcc/pic32mx/4.8.3/../../../../pic32mx/lib\libpic32.a(vector5.o)
                0x9fc012a0                __vector_dispatch_5
                0x00000001                ASSERT (((_vector_spacing == 0x0) || (SIZEOF (.vector_5) <= (_vector_spacing << 0x5))), function at exception vector 5 too large)

.vector_6       0x9fc012c0        0x8
 *(.vector_6)
 .vector_6      0x9fc012c0        0x8 c:/program files (x86)/microchip/xc32/v1.40/bin/bin/../../lib/gcc/pic32mx/4.8.3/../../../../pic32mx/lib\libpic32.a(vector6.o)
                0x9fc012c0                __vector_dispatch_6
                0x00000001                ASSERT (((_vector_spacing == 0x0) || (SIZEOF (.vector_6) <= (_vector_spacing << 0x5))), function at exception vector 6 too large)

.vector_7       0x9fc012e0        0x8
 *(.vector_7)
 .vector_7      0x9fc012e0        0x8 c:/program files (x86)/microchip/xc32/v1.40/bin/bin/../../lib/gcc/pic32mx/4.8.3/../../../../pic32mx/lib\libpic32.a(vector7.o)
                0x9fc012e0                __vector_dispatch_7
                0x00000001                ASSERT (((_vector_spacing == 0x0) || (SIZEOF (.vector_7) <= (_vector_spacing << 0x5))), function at exception vector 7 too large)

.vector_8       0x9fc01300       0x10
 *(.vector_8)
 .vector_8      0x9fc01300       0x10 build/default/debug/_ext/1688732426/system_interrupt_a.o
                0x9fc01300                __vector_dispatch_8
                0x00000001                ASSERT (((_vector_spacing == 0x0) || (SIZEOF (.vector_8) <= (_vector_spacing << 0x5))), function at exception vector 8 too large)

.vector_9       0x9fc01320        0x8
 *(.vector_9)
 .vector_9      0x9fc01320        0x8 c:/program files (x86)/microchip/xc32/v1.40/bin/bin/../../lib/gcc/pic32mx/4.8.3/../../../../pic32mx/lib\libpic32.a(vector9.o)
                0x9fc01320                __vector_dispatch_9
                0x00000001                ASSERT (((_vector_spacing == 0x0) || (SIZEOF (.vector_9) <= (_vector_spacing << 0x5))), function at exception vector 9 too large)

.vector_10      0x9fc01340        0x8
 *(.vector_10)
 .vector_10     0x9fc01340        0x8 c:/program files (x86)/microchip/xc32/v1.40/bin/bin/../../lib/gcc/pic32mx/4.8.3/../../../../pic32mx/lib\libpic32.a(vector10.o)
                0x9fc01340                __vector_dispatch_10
                0x00000001                ASSERT (((_vector_spacing == 0x0) || (SIZEOF (.vector_10) <= (_vector_spacing << 0x5))), function at exception vector 10 too large)

.vector_11      0x9fc01360        0x8
 *(.vector_11)
 .vector_11     0x9fc01360        0x8 c:/program files (x86)/microchip/xc32/v1.40/bin/bin/../../lib/gcc/pic32mx/4.8.3/../../../../pic32mx/lib\libpic32.a(vector11.o)
                0x9fc01360                __vector_dispatch_11
                0x00000001                ASSERT (((_vector_spacing == 0x0) || (SIZEOF (.vector_11) <= (_vector_spacing << 0x5))), function at exception vector 11 too large)

.vector_12      0x9fc01380       0x10
 *(.vector_12)
 .vector_12     0x9fc01380       0x10 build/default/debug/_ext/1688732426/system_interrupt_a.o
                0x9fc01380                __vector_dispatch_12
                0x00000001                ASSERT (((_vector_spacing == 0x0) || (SIZEOF (.vector_12) <= (_vector_spacing << 0x5))), function at exception vector 12 too large)

.vector_13      0x9fc013a0        0x8
 *(.vector_13)
 .vector_13     0x9fc013a0        0x8 c:/program files (x86)/microchip/xc32/v1.40/bin/bin/../../lib/gcc/pic32mx/4.8.3/../../../../pic32mx/lib\libpic32.a(vector13.o)
                0x9fc013a0                __vector_dispatch_13
                0x00000001                ASSERT (((_vector_spacing == 0x0) || (SIZEOF (.vector_13) <= (_vector_spacing << 0x5))), function at exception vector 13 too large)

.vector_14      0x9fc013c0        0x8
 *(.vector_14)
 .vector_14     0x9fc013c0        0x8 c:/program files (x86)/microchip/xc32/v1.40/bin/bin/../../lib/gcc/pic32mx/4.8.3/../../../../pic32mx/lib\libpic32.a(vector14.o)
                0x9fc013c0                __vector_dispatch_14
                0x00000001                ASSERT (((_vector_spacing == 0x0) || (SIZEOF (.vector_14) <= (_vector_spacing << 0x5))), function at exception vector 14 too large)

.vector_15      0x9fc013e0        0x8
 *(.vector_15)
 .vector_15     0x9fc013e0        0x8 c:/program files (x86)/microchip/xc32/v1.40/bin/bin/../../lib/gcc/pic32mx/4.8.3/../../../../pic32mx/lib\libpic32.a(vector15.o)
                0x9fc013e0                __vector_dispatch_15
                0x00000001                ASSERT (((_vector_spacing == 0x0) || (SIZEOF (.vector_15) <= (_vector_spacing << 0x5))), function at exception vector 15 too large)

.vector_16      0x9fc01400       0x10
 *(.vector_16)
 .vector_16     0x9fc01400       0x10 build/default/debug/_ext/1688732426/system_interrupt_a.o
                0x9fc01400                __vector_dispatch_16
                0x00000001                ASSERT (((_vector_spacing == 0x0) || (SIZEOF (.vector_16) <= (_vector_spacing << 0x5))), function at exception vector 16 too large)

.vector_17      0x9fc01420        0x8
 *(.vector_17)
 .vector_17     0x9fc01420        0x8 c:/program files (x86)/microchip/xc32/v1.40/bin/bin/../../lib/gcc/pic32mx/4.8.3/../../../../pic32mx/lib\libpic32.a(vector17.o)
                0x9fc01420                __vector_dispatch_17
                0x00000001                ASSERT (((_vector_spacing == 0x0) || (SIZEOF (.vector_17) <= (_vector_spacing << 0x5))), function at exception vector 17 too large)

.vector_18      0x9fc01440        0x8
 *(.vector_18)
 .vector_18     0x9fc01440        0x8 c:/program files (x86)/microchip/xc32/v1.40/bin/bin/../../lib/gcc/pic32mx/4.8.3/../../../../pic32mx/lib\libpic32.a(vector18.o)
                0x9fc01440                __vector_dispatch_18
                0x00000001                ASSERT (((_vector_spacing == 0x0) || (SIZEOF (.vector_18) <= (_vector_spacing << 0x5))), function at exception vector 18 too large)

.vector_19      0x9fc01460        0x8
 *(.vector_19)
 .vector_19     0x9fc01460        0x8 c:/program files (x86)/microchip/xc32/v1.40/bin/bin/../../lib/gcc/pic32mx/4.8.3/../../../../pic32mx/lib\libpic32.a(vector19.o)
                0x9fc01460                __vector_dispatch_19
                0x00000001                ASSERT (((_vector_spacing == 0x0) || (SIZEOF (.vector_19) <= (_vector_spacing << 0x5))), function at exception vector 19 too large)

.vector_20      0x9fc01480        0x8
 *(.vector_20)
 .vector_20     0x9fc01480        0x8 c:/program files (x86)/microchip/xc32/v1.40/bin/bin/../../lib/gcc/pic32mx/4.8.3/../../../../pic32mx/lib\libpic32.a(vector20.o)
                0x9fc01480                __vector_dispatch_20
                0x00000001                ASSERT (((_vector_spacing == 0x0) || (SIZEOF (.vector_20) <= (_vector_spacing << 0x5))), function at exception vector 20 too large)

.vector_21      0x9fc014a0        0x8
 *(.vector_21)
 .vector_21     0x9fc014a0        0x8 c:/program files (x86)/microchip/xc32/v1.40/bin/bin/../../lib/gcc/pic32mx/4.8.3/../../../../pic32mx/lib\libpic32.a(vector21.o)
                0x9fc014a0                __vector_dispatch_21
                0x00000001                ASSERT (((_vector_spacing == 0x0) || (SIZEOF (.vector_21) <= (_vector_spacing << 0x5))), function at exception vector 21 too large)

.vector_22      0x9fc014c0        0x8
 *(.vector_22)
 .vector_22     0x9fc014c0        0x8 c:/program files (x86)/microchip/xc32/v1.40/bin/bin/../../lib/gcc/pic32mx/4.8.3/../../../../pic32mx/lib\libpic32.a(vector22.o)
                0x9fc014c0                __vector_dispatch_22
                0x00000001                ASSERT (((_vector_spacing == 0x0) || (SIZEOF (.vector_22) <= (_vector_spacing << 0x5))), function at exception vector 22 too large)

.vector_23      0x9fc014e0        0x8
 *(.vector_23)
 .vector_23     0x9fc014e0        0x8 c:/program files (x86)/microchip/xc32/v1.40/bin/bin/../../lib/gcc/pic32mx/4.8.3/../../../../pic32mx/lib\libpic32.a(vector23.o)
                0x9fc014e0                __vector_dispatch_23
                0x00000001                ASSERT (((_vector_spacing == 0x0) || (SIZEOF (.vector_23) <= (_vector_spacing << 0x5))), function at exception vector 23 too large)

.vector_24      0x9fc01500       0x10
 *(.vector_24)
 .vector_24     0x9fc01500       0x10 build/default/debug/_ext/1688732426/system_interrupt_a.o
                0x9fc01500                __vector_dispatch_24
                0x00000001                ASSERT (((_vector_spacing == 0x0) || (SIZEOF (.vector_24) <= (_vector_spacing << 0x5))), function at exception vector 24 too large)

.vector_25      0x9fc01520        0x8
 *(.vector_25)
 .vector_25     0x9fc01520        0x8 c:/program files (x86)/microchip/xc32/v1.40/bin/bin/../../lib/gcc/pic32mx/4.8.3/../../../../pic32mx/lib\libpic32.a(vector25.o)
                0x9fc01520                __vector_dispatch_25
                0x00000001                ASSERT (((_vector_spacing == 0x0) || (SIZEOF (.vector_25) <= (_vector_spacing << 0x5))), function at exception vector 25 too large)

.vector_26      0x9fc01540        0x8
 *(.vector_26)
 .vector_26     0x9fc01540        0x8 c:/program files (x86)/microchip/xc32/v1.40/bin/bin/../../lib/gcc/pic32mx/4.8.3/../../../../pic32mx/lib\libpic32.a(vector26.o)
                0x9fc01540                __vector_dispatch_26
                0x00000001                ASSERT (((_vector_spacing == 0x0) || (SIZEOF (.vector_26) <= (_vector_spacing << 0x5))), function at exception vector 26 too large)

.vector_27      0x9fc01560        0x8
 *(.vector_27)
 .vector_27     0x9fc01560        0x8 c:/program files (x86)/microchip/xc32/v1.40/bin/bin/../../lib/gcc/pic32mx/4.8.3/../../../../pic32mx/lib\libpic32.a(vector27.o)
                0x9fc01560                __vector_dispatch_27
                0x00000001                ASSERT (((_vector_spacing == 0x0) || (SIZEOF (.vector_27) <= (_vector_spacing << 0x5))), function at exception vector 27 too large)

.vector_28      0x9fc01580        0x8
 *(.vector_28)
 .vector_28     0x9fc01580        0x8 c:/program files (x86)/microchip/xc32/v1.40/bin/bin/../../lib/gcc/pic32mx/4.8.3/../../../../pic32mx/lib\libpic32.a(vector28.o)
                0x9fc01580                __vector_dispatch_28
                0x00000001                ASSERT (((_vector_spacing == 0x0) || (SIZEOF (.vector_28) <= (_vector_spacing << 0x5))), function at exception vector 28 too large)

.vector_29      0x9fc015a0        0x8
 *(.vector_29)
 .vector_29     0x9fc015a0        0x8 c:/program files (x86)/microchip/xc32/v1.40/bin/bin/../../lib/gcc/pic32mx/4.8.3/../../../../pic32mx/lib\libpic32.a(vector29.o)
                0x9fc015a0                __vector_dispatch_29
                0x00000001                ASSERT (((_vector_spacing == 0x0) || (SIZEOF (.vector_29) <= (_vector_spacing << 0x5))), function at exception vector 29 too large)

.vector_30      0x9fc015c0        0x8
 *(.vector_30)
 .vector_30     0x9fc015c0        0x8 c:/program files (x86)/microchip/xc32/v1.40/bin/bin/../../lib/gcc/pic32mx/4.8.3/../../../../pic32mx/lib\libpic32.a(vector30.o)
                0x9fc015c0                __vector_dispatch_30
                0x00000001                ASSERT (((_vector_spacing == 0x0) || (SIZEOF (.vector_30) <= (_vector_spacing << 0x5))), function at exception vector 30 too large)

.vector_31      0x9fc015e0        0x8
 *(.vector_31)
 .vector_31     0x9fc015e0        0x8 c:/program files (x86)/microchip/xc32/v1.40/bin/bin/../../lib/gcc/pic32mx/4.8.3/../../../../pic32mx/lib\libpic32.a(vector31.o)
                0x9fc015e0                __vector_dispatch_31
                0x00000001                ASSERT (((_vector_spacing == 0x0) || (SIZEOF (.vector_31) <= (_vector_spacing << 0x5))), function at exception vector 31 too large)

.vector_32      0x9fc01600        0x8
 *(.vector_32)
 .vector_32     0x9fc01600        0x8 c:/program files (x86)/microchip/xc32/v1.40/bin/bin/../../lib/gcc/pic32mx/4.8.3/../../../../pic32mx/lib\libpic32.a(vector32.o)
                0x9fc01600                __vector_dispatch_32
                0x00000001                ASSERT (((_vector_spacing == 0x0) || (SIZEOF (.vector_32) <= (_vector_spacing << 0x5))), function at exception vector 32 too large)

.vector_33      0x9fc01620        0x8
 *(.vector_33)
 .vector_33     0x9fc01620        0x8 c:/program files (x86)/microchip/xc32/v1.40/bin/bin/../../lib/gcc/pic32mx/4.8.3/../../../../pic32mx/lib\libpic32.a(vector33.o)
                0x9fc01620                __vector_dispatch_33
                0x00000001                ASSERT (((_vector_spacing == 0x0) || (SIZEOF (.vector_33) <= (_vector_spacing << 0x5))), function at exception vector 33 too large)

.vector_34      0x9fc01640        0x8
 *(.vector_34)
 .vector_34     0x9fc01640        0x8 c:/program files (x86)/microchip/xc32/v1.40/bin/bin/../../lib/gcc/pic32mx/4.8.3/../../../../pic32mx/lib\libpic32.a(vector34.o)
                0x9fc01640                __vector_dispatch_34
                0x00000001                ASSERT (((_vector_spacing == 0x0) || (SIZEOF (.vector_34) <= (_vector_spacing << 0x5))), function at exception vector 34 too large)

.vector_35      0x9fc01660        0x8
 *(.vector_35)
 .vector_35     0x9fc01660        0x8 c:/program files (x86)/microchip/xc32/v1.40/bin/bin/../../lib/gcc/pic32mx/4.8.3/../../../../pic32mx/lib\libpic32.a(vector35.o)
                0x9fc01660                __vector_dispatch_35
                0x00000001                ASSERT (((_vector_spacing == 0x0) || (SIZEOF (.vector_35) <= (_vector_spacing << 0x5))), function at exception vector 35 too large)

.vector_36      0x9fc01680        0x8
 *(.vector_36)
 .vector_36     0x9fc01680        0x8 c:/program files (x86)/microchip/xc32/v1.40/bin/bin/../../lib/gcc/pic32mx/4.8.3/../../../../pic32mx/lib\libpic32.a(vector36.o)
                0x9fc01680                __vector_dispatch_36
                0x00000001                ASSERT (((_vector_spacing == 0x0) || (SIZEOF (.vector_36) <= (_vector_spacing << 0x5))), function at exception vector 36 too large)

.vector_37      0x9fc016a0        0x8
 *(.vector_37)
 .vector_37     0x9fc016a0        0x8 c:/program files (x86)/microchip/xc32/v1.40/bin/bin/../../lib/gcc/pic32mx/4.8.3/../../../../pic32mx/lib\libpic32.a(vector37.o)
                0x9fc016a0                __vector_dispatch_37
                0x00000001                ASSERT (((_vector_spacing == 0x0) || (SIZEOF (.vector_37) <= (_vector_spacing << 0x5))), function at exception vector 37 too large)

.vector_38      0x9fc016c0        0x8
 *(.vector_38)
 .vector_38     0x9fc016c0        0x8 c:/program files (x86)/microchip/xc32/v1.40/bin/bin/../../lib/gcc/pic32mx/4.8.3/../../../../pic32mx/lib\libpic32.a(vector38.o)
                0x9fc016c0                __vector_dispatch_38
                0x00000001                ASSERT (((_vector_spacing == 0x0) || (SIZEOF (.vector_38) <= (_vector_spacing << 0x5))), function at exception vector 38 too large)

.vector_39      0x9fc016e0        0x8
 *(.vector_39)
 .vector_39     0x9fc016e0        0x8 c:/program files (x86)/microchip/xc32/v1.40/bin/bin/../../lib/gcc/pic32mx/4.8.3/../../../../pic32mx/lib\libpic32.a(vector39.o)
                0x9fc016e0                __vector_dispatch_39
                0x00000001                ASSERT (((_vector_spacing == 0x0) || (SIZEOF (.vector_39) <= (_vector_spacing << 0x5))), function at exception vector 39 too large)

.vector_40      0x9fc01700        0x8
 *(.vector_40)
 .vector_40     0x9fc01700        0x8 c:/program files (x86)/microchip/xc32/v1.40/bin/bin/../../lib/gcc/pic32mx/4.8.3/../../../../pic32mx/lib\libpic32.a(vector40.o)
                0x9fc01700                __vector_dispatch_40
                0x00000001                ASSERT (((_vector_spacing == 0x0) || (SIZEOF (.vector_40) <= (_vector_spacing << 0x5))), function at exception vector 40 too large)

.vector_41      0x9fc01720        0x8
 *(.vector_41)
 .vector_41     0x9fc01720        0x8 c:/program files (x86)/microchip/xc32/v1.40/bin/bin/../../lib/gcc/pic32mx/4.8.3/../../../../pic32mx/lib\libpic32.a(vector41.o)
                0x9fc01720                __vector_dispatch_41
                0x00000001                ASSERT (((_vector_spacing == 0x0) || (SIZEOF (.vector_41) <= (_vector_spacing << 0x5))), function at exception vector 41 too large)

.vector_42      0x9fc01740        0x8
 *(.vector_42)
 .vector_42     0x9fc01740        0x8 c:/program files (x86)/microchip/xc32/v1.40/bin/bin/../../lib/gcc/pic32mx/4.8.3/../../../../pic32mx/lib\libpic32.a(vector42.o)
                0x9fc01740                __vector_dispatch_42
                0x00000001                ASSERT (((_vector_spacing == 0x0) || (SIZEOF (.vector_42) <= (_vector_spacing << 0x5))), function at exception vector 42 too large)

.vector_43      0x9fc01760        0x8
 *(.vector_43)
 .vector_43     0x9fc01760        0x8 c:/program files (x86)/microchip/xc32/v1.40/bin/bin/../../lib/gcc/pic32mx/4.8.3/../../../../pic32mx/lib\libpic32.a(vector43.o)
                0x9fc01760                __vector_dispatch_43
                0x00000001                ASSERT (((_vector_spacing == 0x0) || (SIZEOF (.vector_43) <= (_vector_spacing << 0x5))), function at exception vector 43 too large)

.vector_44      0x9fc01780        0x8
 *(.vector_44)
 .vector_44     0x9fc01780        0x8 c:/program files (x86)/microchip/xc32/v1.40/bin/bin/../../lib/gcc/pic32mx/4.8.3/../../../../pic32mx/lib\libpic32.a(vector44.o)
                0x9fc01780                __vector_dispatch_44
                0x00000001                ASSERT (((_vector_spacing == 0x0) || (SIZEOF (.vector_44) <= (_vector_spacing << 0x5))), function at exception vector 44 too large)

.vector_45      0x9fc017a0        0x8
 *(.vector_45)
 .vector_45     0x9fc017a0        0x8 c:/program files (x86)/microchip/xc32/v1.40/bin/bin/../../lib/gcc/pic32mx/4.8.3/../../../../pic32mx/lib\libpic32.a(vector45.o)
                0x9fc017a0                __vector_dispatch_45
                0x00000001                ASSERT (((_vector_spacing == 0x0) || (SIZEOF (.vector_45) <= (_vector_spacing << 0x5))), function at exception vector 45 too large)

.vector_46      0x9fc017c0        0x8
 *(.vector_46)
 .vector_46     0x9fc017c0        0x8 c:/program files (x86)/microchip/xc32/v1.40/bin/bin/../../lib/gcc/pic32mx/4.8.3/../../../../pic32mx/lib\libpic32.a(vector46.o)
                0x9fc017c0                __vector_dispatch_46
                0x00000001                ASSERT (((_vector_spacing == 0x0) || (SIZEOF (.vector_46) <= (_vector_spacing << 0x5))), function at exception vector 46 too large)

.vector_47      0x9fc017e0        0x8
 *(.vector_47)
 .vector_47     0x9fc017e0        0x8 c:/program files (x86)/microchip/xc32/v1.40/bin/bin/../../lib/gcc/pic32mx/4.8.3/../../../../pic32mx/lib\libpic32.a(vector47.o)
                0x9fc017e0                __vector_dispatch_47
                0x00000001                ASSERT (((_vector_spacing == 0x0) || (SIZEOF (.vector_47) <= (_vector_spacing << 0x5))), function at exception vector 47 too large)

.vector_48      0x9fc01800        0x8
 *(.vector_48)
 .vector_48     0x9fc01800        0x8 c:/program files (x86)/microchip/xc32/v1.40/bin/bin/../../lib/gcc/pic32mx/4.8.3/../../../../pic32mx/lib\libpic32.a(vector48.o)
                0x9fc01800                __vector_dispatch_48
                0x00000001                ASSERT (((_vector_spacing == 0x0) || (SIZEOF (.vector_48) <= (_vector_spacing << 0x5))), function at exception vector 48 too large)

.vector_49      0x9fc01820        0x8
 *(.vector_49)
 .vector_49     0x9fc01820        0x8 c:/program files (x86)/microchip/xc32/v1.40/bin/bin/../../lib/gcc/pic32mx/4.8.3/../../../../pic32mx/lib\libpic32.a(vector49.o)
                0x9fc01820                __vector_dispatch_49
                0x00000001                ASSERT (((_vector_spacing == 0x0) || (SIZEOF (.vector_49) <= (_vector_spacing << 0x5))), function at exception vector 49 too large)

.vector_50      0x9fc01840        0x8
 *(.vector_50)
 .vector_50     0x9fc01840        0x8 c:/program files (x86)/microchip/xc32/v1.40/bin/bin/../../lib/gcc/pic32mx/4.8.3/../../../../pic32mx/lib\libpic32.a(vector50.o)
                0x9fc01840                __vector_dispatch_50
                0x00000001                ASSERT (((_vector_spacing == 0x0) || (SIZEOF (.vector_50) <= (_vector_spacing << 0x5))), function at exception vector 50 too large)

.vector_51      0x9fc01860        0x8
 *(.vector_51)
 .vector_51     0x9fc01860        0x8 c:/program files (x86)/microchip/xc32/v1.40/bin/bin/../../lib/gcc/pic32mx/4.8.3/../../../../pic32mx/lib\libpic32.a(vector51.o)
                0x9fc01860                __vector_dispatch_51
                0x00000001                ASSERT (((_vector_spacing == 0x0) || (SIZEOF (.vector_51) <= (_vector_spacing << 0x5))), function at exception vector 51 too large)

.vector_52      0x9fc01880        0x0
 *(.vector_52)
                0x00000001                ASSERT (((_vector_spacing == 0x0) || (SIZEOF (.vector_52) <= (_vector_spacing << 0x5))), function at exception vector 52 too large)

.vector_53      0x9fc018a0        0x0
 *(.vector_53)
                0x00000001                ASSERT (((_vector_spacing == 0x0) || (SIZEOF (.vector_53) <= (_vector_spacing << 0x5))), function at exception vector 53 too large)

.vector_54      0x9fc018c0        0x0
 *(.vector_54)
                0x00000001                ASSERT (((_vector_spacing == 0x0) || (SIZEOF (.vector_54) <= (_vector_spacing << 0x5))), function at exception vector 54 too large)

.vector_55      0x9fc018e0        0x0
 *(.vector_55)
                0x00000001                ASSERT (((_vector_spacing == 0x0) || (SIZEOF (.vector_55) <= (_vector_spacing << 0x5))), function at exception vector 55 too large)

.vector_56      0x9fc01900        0x0
 *(.vector_56)
                0x00000001                ASSERT (((_vector_spacing == 0x0) || (SIZEOF (.vector_56) <= (_vector_spacing << 0x5))), function at exception vector 56 too large)

.vector_57      0x9fc01920        0x0
 *(.vector_57)
                0x00000001                ASSERT (((_vector_spacing == 0x0) || (SIZEOF (.vector_57) <= (_vector_spacing << 0x5))), function at exception vector 57 too large)

.vector_58      0x9fc01940        0x0
 *(.vector_58)
                0x00000001                ASSERT (((_vector_spacing == 0x0) || (SIZEOF (.vector_58) <= (_vector_spacing << 0x5))), function at exception vector 58 too large)

.vector_59      0x9fc01960        0x0
 *(.vector_59)
                0x00000001                ASSERT (((_vector_spacing == 0x0) || (SIZEOF (.vector_59) <= (_vector_spacing << 0x5))), function at exception vector 59 too large)

.vector_60      0x9fc01980        0x0
 *(.vector_60)
                0x00000001                ASSERT (((_vector_spacing == 0x0) || (SIZEOF (.vector_60) <= (_vector_spacing << 0x5))), function at exception vector 60 too large)

.vector_61      0x9fc019a0        0x0
 *(.vector_61)
                0x00000001                ASSERT (((_vector_spacing == 0x0) || (SIZEOF (.vector_61) <= (_vector_spacing << 0x5))), function at exception vector 61 too large)

.vector_62      0x9fc019c0        0x0
 *(.vector_62)
                0x00000001                ASSERT (((_vector_spacing == 0x0) || (SIZEOF (.vector_62) <= (_vector_spacing << 0x5))), function at exception vector 62 too large)

.vector_63      0x9fc019e0        0x0
 *(.vector_63)
                0x00000001                ASSERT (((_vector_spacing == 0x0) || (SIZEOF (.vector_63) <= (_vector_spacing << 0x5))), function at exception vector 63 too large)

.startup
 *(.startup)

.text           0x9d000000        0x0
 *(.stub .gnu.linkonce.t.*)
 *(.text.*personality*)
 *(.mips16.fn.*)
 *(.mips16.call.*)
 *(.gnu.warning)
                0x9d000000                . = ALIGN (0x4)

.init           0x9d000000        0x0
 *crti.o(.init)
 *crtbegin.o(.init)
 *(EXCLUDE_FILE(*crtn.o *crtend?.o *crtend.o) .init)
 *crtend.o(.init)
 *crtn.o(.init)
                0x9d000000                . = ALIGN (0x4)

.fini           0x9d000000        0x0
 *(.fini)
                0x9d000000                . = ALIGN (0x4)

.preinit_array  0x9d000000        0x0
                0x9d000000                PROVIDE (__preinit_array_start, .)
 *(.preinit_array)
                0x9d000000                PROVIDE (__preinit_array_end, .)
                0x9d000000                . = ALIGN (0x4)

.init_array     0x9d000000        0x0
                0x9d000000                PROVIDE (__init_array_start, .)
 *(SORT(.init_array.*))
 *(.init_array)
                0x9d000000                PROVIDE (__init_array_end, .)
                0x9d000000                . = ALIGN (0x4)

.fini_array     0x9d000000        0x0
                0x9d000000                PROVIDE (__fini_array_start, .)
 *(SORT(.fini_array.*))
 *(.fini_array)
                0x9d000000                PROVIDE (__fini_array_end, .)
                0x9d000000                . = ALIGN (0x4)

.ctors          0x9d000000        0x0
 *crtbegin.o(.ctors)
 *crtbegin?.o(.ctors)
 *(EXCLUDE_FILE(*crtend?.o *crtend.o) .ctors)
 *(SORT(.ctors.*))
 *(.ctors)
                0x9d000000                . = ALIGN (0x4)

.dtors          0x9d000000        0x0
 *crtbegin.o(.dtors)
 *crtbegin?.o(.dtors)
 *(EXCLUDE_FILE(*crtend?.o *crtend.o) .dtors)
 *(SORT(.dtors.*))
 *(.dtors)
                0x9d000000                . = ALIGN (0x4)

.rodata         0x9d000000        0x0
 *(.gnu.linkonce.r.*)
 *(.rodata1)
                0x9d000000                . = ALIGN (0x4)

.sdata2         0x9fc00490        0x0
 *(.sdata2 .sdata2.* .gnu.linkonce.s2.*)
                0x9fc00490                . = ALIGN (0x4)

.sbss2          0x9fc00490        0x0
 *(.sbss2 .sbss2.* .gnu.linkonce.sb2.*)
                0x9fc00490                . = ALIGN (0x4)

.eh_frame_hdr
 *(.eh_frame_hdr)
                0x9fc00490                . = ALIGN (0x4)

.eh_frame
 *(.eh_frame)
                0x9fc00490                . = ALIGN (0x4)

.gcc_except_table
 *(.gcc_except_table .gcc_except_table.*)
                0x9fc00490                . = ALIGN (0x4)

.dbg_data       0xa0000000      0x200
                0xa0000000                . = (. + DEFINED (_DEBUGGER)?0x200:0x0)
 *fill*         0xa0000000      0x200 

.jcr            0xa0000200        0x0
 *(.jcr)
                0xa0000200                . = ALIGN (0x4)

.eh_frame
 *(.eh_frame)
                0xa0000200                . = ALIGN (0x4)

.gcc_except_table
 *(.gcc_except_table .gcc_except_table.*)
                0xa0000200                . = ALIGN (0x4)

.persist        0xa0000200        0x0
                0xa0000200                _persist_begin = .
 *(.persist .persist.*)
 *(.pbss .pbss.*)
                0xa0000200                . = ALIGN (0x4)
                0xa0000200                _persist_end = .

.data           0xa0000200        0x0
 *(.gnu.linkonce.d.*)
 *(.data1)
                0xa0000200                . = ALIGN (0x4)
                0xa0000200                . = .
                0xa00081f0                _gp = (ALIGN (0x10) + 0x7ff0)

.got            0xa0000200        0x0
 *(.got.plt)
 *(.got)
                0xa0000200                . = ALIGN (0x4)

.sdata          0xa0000200        0x8
                0xa0000200                _sdata_begin = .
 *(.sdata .sdata.* .gnu.linkonce.s.*)
 .sdata         0xa0000200        0x4 build/default/debug/_ext/1159356593/tasks.o
                0xa0000200                xNextTaskUnblockTime
 .sdata         0xa0000204        0x4 build/default/debug/_ext/597539335/port.o
                0xa0000204                uxInterruptNesting
                0xa0000208                . = ALIGN (0x4)
                0xa0000208                _sdata_end = .

.lit8
 *(.lit8)

.lit4
 *(.lit4)
                0xa0000208                . = ALIGN (0x4)
                0xa0000208                _data_end = .
                0xa0000208                _bss_begin = .

.sbss           0xa0000208       0x84
                0xa0000208                _sbss_begin = .
 *(.dynsbss)
 *(.sbss .sbss.* .gnu.linkonce.sb.*)
 .sbss          0xa0000208        0x4 build/default/debug/_ext/1360937237/timer.o
                0xa0000208                ticks
 .sbss          0xa000020c       0x2c build/default/debug/_ext/1159356593/tasks.o
                0xa000020c                pxCurrentTCB
                0xa0000210                uxTasksDeleted
                0xa0000214                uxCurrentNumberOfTasks
                0xa0000218                xTickCount
                0xa000021c                uxTopReadyPriority
                0xa0000220                xSchedulerRunning
                0xa0000224                uxPendedTicks
                0xa0000228                xYieldPending
                0xa000022c                xNumOfOverflows
                0xa0000230                uxTaskNumber
                0xa0000234                uxSchedulerSuspended
 .sbss          0xa0000238       0x10 build/default/debug/_ext/1159356593/timers.o
 .sbss          0xa0000248        0x8 build/default/debug/_ext/855783052/heap_1.o
 .sbss          0xa0000250        0x4 build/default/debug/_ext/597539335/port.o
                0xa0000250                uxSavedTaskStackPointer
 .sbss          0xa0000254        0x8 build/default/debug/_ext/1688732426/system_interrupt.o
                0xa0000254                lwheelint
                0xa0000258                rwheelint
 .sbss          0xa000025c        0xc build/default/debug/_ext/1688732426/system_exceptions.o
 *(.scommon)
 .scommon       0xa0000268        0x8 build/default/debug/_ext/1360937237/debugging_task.o
                0xa0000268                debugging_taskData
 .scommon       0xa0000270        0x8 build/default/debug/_ext/1360937237/sensor_read.o
                0xa0000270                sensor_readData
 .scommon       0xa0000278        0x4 build/default/debug/_ext/1360937237/simulation.o
                0xa0000278                simulationData
 .scommon       0xa000027c        0x8 build/default/debug/_ext/1489608848/sys_devcon.o
                0xa000027c                sysDevconObj
 .scommon       0xa0000284        0x8 build/default/debug/_ext/1159356593/tasks.o
                0xa0000284                pxDelayedTaskList
                0xa0000288                pxOverflowDelayedTaskList
                0xa000028c                _sbss_end = .
                0xa000028c                . = ALIGN (0x4)

.bss            0xa000028c      0x148
 *(.dynbss)
 *(COMMON)
 COMMON         0xa000028c       0x26 build/default/debug/_ext/1360937237/app.o
                0xa000028c                appData
                0xa00002a8                msgFormat
 *fill*         0xa00002b2        0x2 
 COMMON         0xa00002b4       0x34 build/default/debug/_ext/1360937237/messaging_task.o
                0xa00002b4                msg_taskData
                0xa00002c0                msg_Format
 COMMON         0xa00002e8       0xc8 build/default/debug/_ext/1159356593/tasks.o
                0xa00002e8                pxReadyTasksLists
                0xa000034c                xPendingReadyList
                0xa0000360                xTasksWaitingTermination
                0xa0000374                xSuspendedTaskList
                0xa0000388                xDelayedTaskList2
                0xa000039c                xDelayedTaskList1
 COMMON         0xa00003b0       0x14 build/default/debug/_ext/1360937237/motor_control.o
                0xa00003b0                motor_controlData
 COMMON         0xa00003c4       0x10 build/default/debug/_ext/1688732426/system_init.o
                0xa00003c4                sysObj
                0xa00003d4                . = ALIGN ((. != 0x0)?0x4:0x1)
                0xa00003d4                . = ALIGN (0x4)
                0xa00003d4                _end = .
                0xa00003d4                _bss_end = .
                0x00020000                _bmxdudba_address = 0x20000
                0x00020000                _bmxdupba_address = 0x20000

/DISCARD/
 *(.pdr)
 *(.rel.dyn)
 *(.note.GNU-stack)
 *(.note.GNU-stack)
 *(.gnu_debuglink)
 *(.gnu.lto_*)
 *(.discard)

.gptab.sdata
 *(.gptab.data)
 *(.gptab.sdata)

.gptab.sbss
 *(.gptab.bss)
 *(.gptab.sbss)

.mdebug.abi32   0xa00003d4        0x0
 *(.mdebug.abi32)
 .mdebug.abi32  0xa00003d4        0x0 c:/program files (x86)/microchip/xc32/v1.40/bin/bin/../../lib/gcc/pic32mx/4.8.3/../../../../pic32mx/lib\software-debug-break.o
 .mdebug.abi32  0xa00003d4        0x0 build/default/debug/_ext/1360937237/app.o
 .mdebug.abi32  0xa00003d4        0x0 build/default/debug/_ext/1360937237/main.o
 .mdebug.abi32  0xa00003d4        0x0 build/default/debug/_ext/1360937237/debugging_task.o
 .mdebug.abi32  0xa00003d4        0x0 build/default/debug/_ext/1360937237/messaging_task.o
 .mdebug.abi32  0xa00003d4        0x0 build/default/debug/_ext/1360937237/sensor_read.o
 .mdebug.abi32  0xa00003d4        0x0 build/default/debug/_ext/1360937237/simulation.o
 .mdebug.abi32  0xa00003d4        0x0 build/default/debug/_ext/1360937237/timer.o
 .mdebug.abi32  0xa00003d4        0x0 build/default/debug/_ext/1257146006/osal_freertos.o
 .mdebug.abi32  0xa00003d4        0x0 build/default/debug/_ext/1489608848/sys_devcon.o
 .mdebug.abi32  0xa00003d4        0x0 build/default/debug/_ext/1489608848/sys_devcon_pic32mx.o
 .mdebug.abi32  0xa00003d4        0x0 build/default/debug/_ext/1878130666/sys_int_pic32.o
 .mdebug.abi32  0xa00003d4        0x0 build/default/debug/_ext/1176652345/sys_ports.o
 .mdebug.abi32  0xa00003d4        0x0 build/default/debug/_ext/1159356593/croutine.o
 .mdebug.abi32  0xa00003d4        0x0 build/default/debug/_ext/1159356593/list.o
 .mdebug.abi32  0xa00003d4        0x0 build/default/debug/_ext/1159356593/queue.o
 .mdebug.abi32  0xa00003d4        0x0 build/default/debug/_ext/1159356593/tasks.o
 .mdebug.abi32  0xa00003d4        0x0 build/default/debug/_ext/1159356593/timers.o
 .mdebug.abi32  0xa00003d4        0x0 build/default/debug/_ext/1159356593/event_groups.o
 .mdebug.abi32  0xa00003d4        0x0 build/default/debug/_ext/855783052/heap_1.o
 .mdebug.abi32  0xa00003d4        0x0 build/default/debug/_ext/597539335/port.o
 .mdebug.abi32  0xa00003d4        0x0 build/default/debug/_ext/1360937237/motor_control.o
 .mdebug.abi32  0xa00003d4        0x0 build/default/debug/_ext/1047219354/drv_oc_static.o
 .mdebug.abi32  0xa00003d4        0x0 build/default/debug/_ext/1407244131/drv_tmr_static.o
 .mdebug.abi32  0xa00003d4        0x0 build/default/debug/_ext/1345626252/drv_usart_static.o
 .mdebug.abi32  0xa00003d4        0x0 build/default/debug/_ext/639803181/sys_clk_static.o
 .mdebug.abi32  0xa00003d4        0x0 build/default/debug/_ext/822048611/sys_ports_static.o
 .mdebug.abi32  0xa00003d4        0x0 build/default/debug/_ext/1688732426/system_init.o
 .mdebug.abi32  0xa00003d4        0x0 build/default/debug/_ext/1688732426/system_interrupt.o
 .mdebug.abi32  0xa00003d4        0x0 build/default/debug/_ext/1688732426/system_exceptions.o
 .mdebug.abi32  0xa00003d4        0x0 build/default/debug/_ext/1688732426/system_tasks.o
 .mdebug.abi32  0xa00003d4        0x0 build/default/debug/_ext/1688732426/rtos_hooks.o
 .mdebug.abi32  0xa00003d4        0x0 c:/program files (x86)/microchip/xc32/v1.40/bin/bin/../../lib/gcc/pic32mx/4.8.3/../../../../pic32mx/lib\libpic32.a(default-bootstrap-exception-handler.o)
 .mdebug.abi32  0xa00003d4        0x0 c:/program files (x86)/microchip/xc32/v1.40/bin/bin/../../lib/gcc/pic32mx/4.8.3/../../../../pic32mx/lib\libpic32.a(default-on-reset.o)
 .mdebug.abi32  0xa00003d4        0x0 c:/program files (x86)/microchip/xc32/v1.40/bin/bin/../../lib/gcc/pic32mx/4.8.3/../../../../pic32mx/lib\libpic32.a(default-on-bootstrap.o)
 .mdebug.abi32  0xa00003d4        0x0 c:/program files (x86)/microchip/xc32/v1.40/bin/bin/../../lib/gcc/pic32mx/4.8.3/../../../../pic32mx/lib\libpic32.a(defaultinterrupt.o)

.mdebug.abiN32
 *(.mdebug.abiN32)

.mdebug.abi64
 *(.mdebug.abi64)

.mdebug.abiO64
 *(.mdebug.abiO64)

.mdebug.eabi32
 *(.mdebug.eabi32)

.mdebug.eabi64
 *(.mdebug.eabi64)

.gcc_compiled_long32
 *(.gcc_compiled_long32)

.gcc_compiled_long64
 *(.gcc_compiled_long64)

.stab
 *(.stab)

.stabstr
 *(.stabstr)

.stab.excl
 *(.stab.excl)

.stab.exclstr
 *(.stab.exclstr)

.stab.index
 *(.stab.index)

.stab.indexstr
 *(.stab.indexstr)

.comment        0x00000000       0x6c
 *(.comment)
 .comment       0x00000000       0x3c c:/program files (x86)/microchip/xc32/v1.40/bin/bin/../../lib/gcc/pic32mx/4.8.3/../../../../pic32mx/lib\software-debug-break.o
                                 0x3d (size before relaxing)
 .comment       0x00000000       0x3d build/default/debug/_ext/1360937237/app.o
 .comment       0x00000000       0x3d build/default/debug/_ext/1360937237/main.o
 .comment       0x00000000       0x3d build/default/debug/_ext/1360937237/debugging_task.o
 .comment       0x00000000       0x3d build/default/debug/_ext/1360937237/messaging_task.o
 .comment       0x00000000       0x3d build/default/debug/_ext/1360937237/sensor_read.o
 .comment       0x00000000       0x3d build/default/debug/_ext/1360937237/simulation.o
 .comment       0x00000000       0x3d build/default/debug/_ext/1360937237/timer.o
 .comment       0x00000000       0x3d build/default/debug/_ext/1257146006/osal_freertos.o
 .comment       0x00000000       0x3d build/default/debug/_ext/1489608848/sys_devcon.o
 .comment       0x00000000       0x3d build/default/debug/_ext/1489608848/sys_devcon_pic32mx.o
 .comment       0x00000000       0x3d build/default/debug/_ext/1878130666/sys_int_pic32.o
 .comment       0x00000000       0x3d build/default/debug/_ext/1176652345/sys_ports.o
 .comment       0x00000000       0x3d build/default/debug/_ext/1159356593/croutine.o
 .comment       0x00000000       0x3d build/default/debug/_ext/1159356593/list.o
 .comment       0x00000000       0x3d build/default/debug/_ext/1159356593/queue.o
 .comment       0x00000000       0x3d build/default/debug/_ext/1159356593/tasks.o
 .comment       0x00000000       0x3d build/default/debug/_ext/1159356593/timers.o
 .comment       0x00000000       0x3d build/default/debug/_ext/1159356593/event_groups.o
 .comment       0x00000000       0x3d build/default/debug/_ext/855783052/heap_1.o
 .comment       0x00000000       0x3d build/default/debug/_ext/597539335/port.o
 .comment       0x00000000       0x3d build/default/debug/_ext/1360937237/motor_control.o
 .comment       0x00000000       0x3d build/default/debug/_ext/1047219354/drv_oc_static.o
 .comment       0x00000000       0x3d build/default/debug/_ext/1407244131/drv_tmr_static.o
 .comment       0x00000000       0x3d build/default/debug/_ext/1345626252/drv_usart_static.o
 .comment       0x00000000       0x3d build/default/debug/_ext/639803181/sys_clk_static.o
 .comment       0x00000000       0x3d build/default/debug/_ext/822048611/sys_ports_static.o
 .comment       0x00000000       0x3d build/default/debug/_ext/1688732426/system_init.o
 .comment       0x00000000       0x3d build/default/debug/_ext/1688732426/system_interrupt.o
 .comment       0x00000000       0x3d build/default/debug/_ext/1688732426/system_exceptions.o
 .comment       0x00000000       0x3d build/default/debug/_ext/1688732426/system_tasks.o
 .comment       0x00000000       0x3d build/default/debug/_ext/1688732426/rtos_hooks.o
 .comment       0x0000003c       0x18 c:/program files (x86)/microchip/xc32/v1.40/bin/bin/../../lib/gcc/pic32mx/4.8.3/../../../../pic32mx/lib\libpic32.a(memset.o)
                                 0x19 (size before relaxing)
 .comment       0x00000000       0x3d c:/program files (x86)/microchip/xc32/v1.40/bin/bin/../../lib/gcc/pic32mx/4.8.3/../../../../pic32mx/lib\libpic32.a(default-bootstrap-exception-handler.o)
 .comment       0x00000000       0x3d c:/program files (x86)/microchip/xc32/v1.40/bin/bin/../../lib/gcc/pic32mx/4.8.3/../../../../pic32mx/lib\libpic32.a(default-on-reset.o)
 .comment       0x00000000       0x3d c:/program files (x86)/microchip/xc32/v1.40/bin/bin/../../lib/gcc/pic32mx/4.8.3/../../../../pic32mx/lib\libpic32.a(default-on-bootstrap.o)
 .comment       0x00000054       0x18 c:/program files (x86)/microchip/xc32/v1.40/bin/bin/../../lib/gcc/pic32mx/4.8.3/../../../../pic32mx/lib\libpic32.a(memcmp.o)
                                 0x19 (size before relaxing)
 .comment       0x00000000       0x3d c:/program files (x86)/microchip/xc32/v1.40/bin/bin/../../lib/gcc/pic32mx/4.8.3/../../../../pic32mx/lib\libpic32.a(defaultinterrupt.o)

.debug
 *(.debug)

.line
 *(.line)

.debug_srcinfo
 *(.debug_srcinfo)

.debug_sfnames
 *(.debug_sfnames)

.debug_aranges  0x00000000      0xbf0
 *(.debug_aranges)
 .debug_aranges
                0x00000000       0x20 c:/program files (x86)/microchip/xc32/v1.40/bin/bin/../../lib/gcc/pic32mx/4.8.3/../../../../pic32mx/lib\software-debug-break.o
 .debug_aranges
                0x00000020       0x68 build/default/debug/_ext/1360937237/app.o
 .debug_aranges
                0x00000088       0x20 build/default/debug/_ext/1360937237/main.o
 .debug_aranges
                0x000000a8       0x48 build/default/debug/_ext/1360937237/debugging_task.o
 .debug_aranges
                0x000000f0       0x50 build/default/debug/_ext/1360937237/messaging_task.o
 .debug_aranges
                0x00000140       0x28 build/default/debug/_ext/1360937237/sensor_read.o
 .debug_aranges
                0x00000168       0x28 build/default/debug/_ext/1360937237/simulation.o
 .debug_aranges
                0x00000190       0x20 build/default/debug/_ext/1360937237/timer.o
 .debug_aranges
                0x000001b0       0x88 build/default/debug/_ext/1257146006/osal_freertos.o
 .debug_aranges
                0x00000238       0x78 build/default/debug/_ext/1489608848/sys_devcon.o
 .debug_aranges
                0x000002b0       0x20 build/default/debug/_ext/1489608848/sys_devcon_pic32mx.o
 .debug_aranges
                0x000002d0       0x48 build/default/debug/_ext/1878130666/sys_int_pic32.o
 .debug_aranges
                0x00000318       0xf8 build/default/debug/_ext/1176652345/sys_ports.o
 .debug_aranges
                0x00000410       0x18 build/default/debug/_ext/1159356593/croutine.o
 .debug_aranges
                0x00000428       0x40 build/default/debug/_ext/1159356593/list.o
 .debug_aranges
                0x00000468       0xb8 build/default/debug/_ext/1159356593/queue.o
 .debug_aranges
                0x00000520      0x1a0 build/default/debug/_ext/1159356593/tasks.o
 .debug_aranges
                0x000006c0       0x70 build/default/debug/_ext/1159356593/timers.o
 .debug_aranges
                0x00000730       0x60 build/default/debug/_ext/1159356593/event_groups.o
 .debug_aranges
                0x00000790       0x38 build/default/debug/_ext/855783052/heap_1.o
 .debug_aranges
                0x000007c8       0x58 build/default/debug/_ext/597539335/port.o
 .debug_aranges
                0x00000820       0x20 build/default/debug/_ext/597539335/port_asm.o
 .debug_aranges
                0x00000840       0x30 build/default/debug/_ext/1360937237/motor_control.o
 .debug_aranges
                0x00000870       0x78 build/default/debug/_ext/1047219354/drv_oc_static.o
 .debug_aranges
                0x000008e8       0xa8 build/default/debug/_ext/1407244131/drv_tmr_static.o
 .debug_aranges
                0x00000990       0x38 build/default/debug/_ext/1345626252/drv_usart_static.o
 .debug_aranges
                0x000009c8       0x38 build/default/debug/_ext/639803181/sys_clk_static.o
 .debug_aranges
                0x00000a00       0x20 build/default/debug/_ext/822048611/sys_ports_static.o
 .debug_aranges
                0x00000a20       0x20 build/default/debug/_ext/1688732426/system_init.o
 .debug_aranges
                0x00000a40       0x38 build/default/debug/_ext/1688732426/system_interrupt.o
 .debug_aranges
                0x00000a78       0x20 build/default/debug/_ext/1688732426/system_exceptions.o
 .debug_aranges
                0x00000a98       0x58 build/default/debug/_ext/1688732426/system_tasks.o
 .debug_aranges
                0x00000af0       0x58 build/default/debug/_ext/1688732426/system_interrupt_a.o
 .debug_aranges
                0x00000b48       0x28 build/default/debug/_ext/1688732426/rtos_hooks.o
 .debug_aranges
                0x00000b70       0x20 c:/program files (x86)/microchip/xc32/v1.40/bin/bin/../../lib/gcc/pic32mx/4.8.3/../../../../pic32mx/lib\libpic32.a(default-bootstrap-exception-handler.o)
 .debug_aranges
                0x00000b90       0x20 c:/program files (x86)/microchip/xc32/v1.40/bin/bin/../../lib/gcc/pic32mx/4.8.3/../../../../pic32mx/lib\libpic32.a(default-on-reset.o)
 .debug_aranges
                0x00000bb0       0x20 c:/program files (x86)/microchip/xc32/v1.40/bin/bin/../../lib/gcc/pic32mx/4.8.3/../../../../pic32mx/lib\libpic32.a(default-on-bootstrap.o)
 .debug_aranges
                0x00000bd0       0x20 c:/program files (x86)/microchip/xc32/v1.40/bin/bin/../../lib/gcc/pic32mx/4.8.3/../../../../pic32mx/lib\libpic32.a(defaultinterrupt.o)

.debug_pubnames
 *(.debug_pubnames)

.debug_info     0x00000000    0x24aa5
 *(.debug_info .gnu.linkonce.wi.*)
 .debug_info    0x00000000       0xd3 c:/program files (x86)/microchip/xc32/v1.40/bin/bin/../../lib/gcc/pic32mx/4.8.3/../../../../pic32mx/lib\software-debug-break.o
 .debug_info    0x000000d3     0x1882 build/default/debug/_ext/1360937237/app.o
 .debug_info    0x00001955      0x1b6 build/default/debug/_ext/1360937237/main.o
 .debug_info    0x00001b0b      0xe40 build/default/debug/_ext/1360937237/debugging_task.o
 .debug_info    0x0000294b     0x19e9 build/default/debug/_ext/1360937237/messaging_task.o
 .debug_info    0x00004334     0x17af build/default/debug/_ext/1360937237/sensor_read.o
 .debug_info    0x00005ae3      0x9f8 build/default/debug/_ext/1360937237/simulation.o
 .debug_info    0x000064db      0x768 build/default/debug/_ext/1360937237/timer.o
 .debug_info    0x00006c43      0xad2 build/default/debug/_ext/1257146006/osal_freertos.o
 .debug_info    0x00007715     0x10b9 build/default/debug/_ext/1489608848/sys_devcon.o
 .debug_info    0x000087ce      0xd83 build/default/debug/_ext/1489608848/sys_devcon_pic32mx.o
 .debug_info    0x00009551     0x15f2 build/default/debug/_ext/1878130666/sys_int_pic32.o
 .debug_info    0x0000ab43     0x3287 build/default/debug/_ext/1176652345/sys_ports.o
 .debug_info    0x0000ddca      0x19d build/default/debug/_ext/1159356593/croutine.o
 .debug_info    0x0000df67      0x4a6 build/default/debug/_ext/1159356593/list.o
 .debug_info    0x0000e40d     0x1875 build/default/debug/_ext/1159356593/queue.o
 .debug_info    0x0000fc82     0x2a23 build/default/debug/_ext/1159356593/tasks.o
 .debug_info    0x000126a5     0x153a build/default/debug/_ext/1159356593/timers.o
 .debug_info    0x00013bdf      0xd81 build/default/debug/_ext/1159356593/event_groups.o
 .debug_info    0x00014960      0x3a6 build/default/debug/_ext/855783052/heap_1.o
 .debug_info    0x00014d06     0x11da build/default/debug/_ext/597539335/port.o
 .debug_info    0x00015ee0       0xeb build/default/debug/_ext/597539335/port_asm.o
 .debug_info    0x00015fcb      0xd91 build/default/debug/_ext/1360937237/motor_control.o
 .debug_info    0x00016d5c     0x12b5 build/default/debug/_ext/1047219354/drv_oc_static.o
 .debug_info    0x00018011     0x29d9 build/default/debug/_ext/1407244131/drv_tmr_static.o
 .debug_info    0x0001a9ea     0x33d8 build/default/debug/_ext/1345626252/drv_usart_static.o
 .debug_info    0x0001ddc2     0x10c6 build/default/debug/_ext/639803181/sys_clk_static.o
 .debug_info    0x0001ee88     0x15f1 build/default/debug/_ext/822048611/sys_ports_static.o
 .debug_info    0x00020479      0xe3c build/default/debug/_ext/1688732426/system_init.o
 .debug_info    0x000212b5     0x1c56 build/default/debug/_ext/1688732426/system_interrupt.o
 .debug_info    0x00022f0b      0x7c9 build/default/debug/_ext/1688732426/system_exceptions.o
 .debug_info    0x000236d4      0xd8f build/default/debug/_ext/1688732426/system_tasks.o
 .debug_info    0x00024463       0xa6 build/default/debug/_ext/1688732426/system_interrupt_a.o
 .debug_info    0x00024509      0x260 build/default/debug/_ext/1688732426/rtos_hooks.o
 .debug_info    0x00024769       0xe3 c:/program files (x86)/microchip/xc32/v1.40/bin/bin/../../lib/gcc/pic32mx/4.8.3/../../../../pic32mx/lib\libpic32.a(default-bootstrap-exception-handler.o)
 .debug_info    0x0002484c       0xbd c:/program files (x86)/microchip/xc32/v1.40/bin/bin/../../lib/gcc/pic32mx/4.8.3/../../../../pic32mx/lib\libpic32.a(default-on-reset.o)
 .debug_info    0x00024909       0xc5 c:/program files (x86)/microchip/xc32/v1.40/bin/bin/../../lib/gcc/pic32mx/4.8.3/../../../../pic32mx/lib\libpic32.a(default-on-bootstrap.o)
 .debug_info    0x000249ce       0xd7 c:/program files (x86)/microchip/xc32/v1.40/bin/bin/../../lib/gcc/pic32mx/4.8.3/../../../../pic32mx/lib\libpic32.a(defaultinterrupt.o)

.debug_abbrev   0x00000000     0x38a2
 *(.debug_abbrev)
 .debug_abbrev  0x00000000       0x28 c:/program files (x86)/microchip/xc32/v1.40/bin/bin/../../lib/gcc/pic32mx/4.8.3/../../../../pic32mx/lib\software-debug-break.o
 .debug_abbrev  0x00000028      0x26d build/default/debug/_ext/1360937237/app.o
 .debug_abbrev  0x00000295       0x93 build/default/debug/_ext/1360937237/main.o
 .debug_abbrev  0x00000328      0x1e9 build/default/debug/_ext/1360937237/debugging_task.o
 .debug_abbrev  0x00000511      0x287 build/default/debug/_ext/1360937237/messaging_task.o
 .debug_abbrev  0x00000798      0x221 build/default/debug/_ext/1360937237/sensor_read.o
 .debug_abbrev  0x000009b9      0x18d build/default/debug/_ext/1360937237/simulation.o
 .debug_abbrev  0x00000b46       0x98 build/default/debug/_ext/1360937237/timer.o
 .debug_abbrev  0x00000bde      0x1fe build/default/debug/_ext/1257146006/osal_freertos.o
 .debug_abbrev  0x00000ddc      0x2a1 build/default/debug/_ext/1489608848/sys_devcon.o
 .debug_abbrev  0x0000107d      0x16d build/default/debug/_ext/1489608848/sys_devcon_pic32mx.o
 .debug_abbrev  0x000011ea      0x1ea build/default/debug/_ext/1878130666/sys_int_pic32.o
 .debug_abbrev  0x000013d4      0x219 build/default/debug/_ext/1176652345/sys_ports.o
 .debug_abbrev  0x000015ed       0x1b build/default/debug/_ext/1159356593/croutine.o
 .debug_abbrev  0x00001608       0xf1 build/default/debug/_ext/1159356593/list.o
 .debug_abbrev  0x000016f9      0x2e0 build/default/debug/_ext/1159356593/queue.o
 .debug_abbrev  0x000019d9      0x2f9 build/default/debug/_ext/1159356593/tasks.o
 .debug_abbrev  0x00001cd2      0x353 build/default/debug/_ext/1159356593/timers.o
 .debug_abbrev  0x00002025      0x29a build/default/debug/_ext/1159356593/event_groups.o
 .debug_abbrev  0x000022bf      0x13f build/default/debug/_ext/855783052/heap_1.o
 .debug_abbrev  0x000023fe      0x2cf build/default/debug/_ext/597539335/port.o
 .debug_abbrev  0x000026cd       0x14 build/default/debug/_ext/597539335/port_asm.o
 .debug_abbrev  0x000026e1      0x1ed build/default/debug/_ext/1360937237/motor_control.o
 .debug_abbrev  0x000028ce      0x157 build/default/debug/_ext/1047219354/drv_oc_static.o
 .debug_abbrev  0x00002a25      0x1b3 build/default/debug/_ext/1407244131/drv_tmr_static.o
 .debug_abbrev  0x00002bd8      0x220 build/default/debug/_ext/1345626252/drv_usart_static.o
 .debug_abbrev  0x00002df8      0x209 build/default/debug/_ext/639803181/sys_clk_static.o
 .debug_abbrev  0x00003001      0x138 build/default/debug/_ext/822048611/sys_ports_static.o
 .debug_abbrev  0x00003139      0x1ee build/default/debug/_ext/1688732426/system_init.o
 .debug_abbrev  0x00003327      0x25d build/default/debug/_ext/1688732426/system_interrupt.o
 .debug_abbrev  0x00003584       0x8c build/default/debug/_ext/1688732426/system_exceptions.o
 .debug_abbrev  0x00003610      0x149 build/default/debug/_ext/1688732426/system_tasks.o
 .debug_abbrev  0x00003759       0x12 build/default/debug/_ext/1688732426/system_interrupt_a.o
 .debug_abbrev  0x0000376b       0x97 build/default/debug/_ext/1688732426/rtos_hooks.o
 .debug_abbrev  0x00003802       0x28 c:/program files (x86)/microchip/xc32/v1.40/bin/bin/../../lib/gcc/pic32mx/4.8.3/../../../../pic32mx/lib\libpic32.a(default-bootstrap-exception-handler.o)
 .debug_abbrev  0x0000382a       0x28 c:/program files (x86)/microchip/xc32/v1.40/bin/bin/../../lib/gcc/pic32mx/4.8.3/../../../../pic32mx/lib\libpic32.a(default-on-reset.o)
 .debug_abbrev  0x00003852       0x28 c:/program files (x86)/microchip/xc32/v1.40/bin/bin/../../lib/gcc/pic32mx/4.8.3/../../../../pic32mx/lib\libpic32.a(default-on-bootstrap.o)
 .debug_abbrev  0x0000387a       0x28 c:/program files (x86)/microchip/xc32/v1.40/bin/bin/../../lib/gcc/pic32mx/4.8.3/../../../../pic32mx/lib\libpic32.a(defaultinterrupt.o)

.debug_line     0x00000000     0x78eb
 *(.debug_line)
 .debug_line    0x00000000       0x8a c:/program files (x86)/microchip/xc32/v1.40/bin/bin/../../lib/gcc/pic32mx/4.8.3/../../../../pic32mx/lib\software-debug-break.o
 .debug_line    0x0000008a      0x514 build/default/debug/_ext/1360937237/app.o
 .debug_line    0x0000059e       0xc5 build/default/debug/_ext/1360937237/main.o
 .debug_line    0x00000663      0x3d9 build/default/debug/_ext/1360937237/debugging_task.o
 .debug_line    0x00000a3c      0x418 build/default/debug/_ext/1360937237/messaging_task.o
 .debug_line    0x00000e54      0x3ea build/default/debug/_ext/1360937237/sensor_read.o
 .debug_line    0x0000123e      0x21d build/default/debug/_ext/1360937237/simulation.o
 .debug_line    0x0000145b      0x125 build/default/debug/_ext/1360937237/timer.o
 .debug_line    0x00001580      0x2c2 build/default/debug/_ext/1257146006/osal_freertos.o
 .debug_line    0x00001842      0x5e7 build/default/debug/_ext/1489608848/sys_devcon.o
 .debug_line    0x00001e29      0x48f build/default/debug/_ext/1489608848/sys_devcon_pic32mx.o
 .debug_line    0x000022b8      0x39e build/default/debug/_ext/1878130666/sys_int_pic32.o
 .debug_line    0x00002656      0x88b build/default/debug/_ext/1176652345/sys_ports.o
 .debug_line    0x00002ee1       0x1d build/default/debug/_ext/1159356593/croutine.o
 .debug_line    0x00002efe      0x1e5 build/default/debug/_ext/1159356593/list.o
 .debug_line    0x000030e3      0x4ab build/default/debug/_ext/1159356593/queue.o
 .debug_line    0x0000358e      0x84f build/default/debug/_ext/1159356593/tasks.o
 .debug_line    0x00003ddd      0x396 build/default/debug/_ext/1159356593/timers.o
 .debug_line    0x00004173      0x32a build/default/debug/_ext/1159356593/event_groups.o
 .debug_line    0x0000449d      0x21f build/default/debug/_ext/855783052/heap_1.o
 .debug_line    0x000046bc      0x240 build/default/debug/_ext/597539335/port.o
 .debug_line    0x000048fc      0x126 build/default/debug/_ext/597539335/port_asm.o
 .debug_line    0x00004a22      0x372 build/default/debug/_ext/1360937237/motor_control.o
 .debug_line    0x00004d94      0x444 build/default/debug/_ext/1047219354/drv_oc_static.o
 .debug_line    0x000051d8      0x5d6 build/default/debug/_ext/1407244131/drv_tmr_static.o
 .debug_line    0x000057ae      0x658 build/default/debug/_ext/1345626252/drv_usart_static.o
 .debug_line    0x00005e06      0x394 build/default/debug/_ext/639803181/sys_clk_static.o
 .debug_line    0x0000619a      0x3f6 build/default/debug/_ext/822048611/sys_ports_static.o
 .debug_line    0x00006590      0x551 build/default/debug/_ext/1688732426/system_init.o
 .debug_line    0x00006ae1      0x4ac build/default/debug/_ext/1688732426/system_interrupt.o
 .debug_line    0x00006f8d       0xf9 build/default/debug/_ext/1688732426/system_exceptions.o
 .debug_line    0x00007086      0x3e3 build/default/debug/_ext/1688732426/system_tasks.o
 .debug_line    0x00007469       0xf9 build/default/debug/_ext/1688732426/system_interrupt_a.o
 .debug_line    0x00007562      0x150 build/default/debug/_ext/1688732426/rtos_hooks.o
 .debug_line    0x000076b2       0x97 c:/program files (x86)/microchip/xc32/v1.40/bin/bin/../../lib/gcc/pic32mx/4.8.3/../../../../pic32mx/lib\libpic32.a(default-bootstrap-exception-handler.o)
 .debug_line    0x00007749       0x84 c:/program files (x86)/microchip/xc32/v1.40/bin/bin/../../lib/gcc/pic32mx/4.8.3/../../../../pic32mx/lib\libpic32.a(default-on-reset.o)
 .debug_line    0x000077cd       0x88 c:/program files (x86)/microchip/xc32/v1.40/bin/bin/../../lib/gcc/pic32mx/4.8.3/../../../../pic32mx/lib\libpic32.a(default-on-bootstrap.o)
 .debug_line    0x00007855       0x96 c:/program files (x86)/microchip/xc32/v1.40/bin/bin/../../lib/gcc/pic32mx/4.8.3/../../../../pic32mx/lib\libpic32.a(defaultinterrupt.o)

.debug_frame    0x00000000     0x1808
 *(.debug_frame)
 .debug_frame   0x00000000       0x20 c:/program files (x86)/microchip/xc32/v1.40/bin/bin/../../lib/gcc/pic32mx/4.8.3/../../../../pic32mx/lib\software-debug-break.o
 .debug_frame   0x00000020       0xcc build/default/debug/_ext/1360937237/app.o
 .debug_frame   0x000000ec       0x28 build/default/debug/_ext/1360937237/main.o
 .debug_frame   0x00000114       0xa8 build/default/debug/_ext/1360937237/debugging_task.o
 .debug_frame   0x000001bc       0xbc build/default/debug/_ext/1360937237/messaging_task.o
 .debug_frame   0x00000278       0x38 build/default/debug/_ext/1360937237/sensor_read.o
 .debug_frame   0x000002b0       0x38 build/default/debug/_ext/1360937237/simulation.o
 .debug_frame   0x000002e8       0x20 build/default/debug/_ext/1360937237/timer.o
 .debug_frame   0x00000308      0x150 build/default/debug/_ext/1257146006/osal_freertos.o
 .debug_frame   0x00000458       0xe8 build/default/debug/_ext/1489608848/sys_devcon.o
 .debug_frame   0x00000540       0x28 build/default/debug/_ext/1489608848/sys_devcon_pic32mx.o
 .debug_frame   0x00000568       0x90 build/default/debug/_ext/1878130666/sys_int_pic32.o
 .debug_frame   0x000005f8      0x1d0 build/default/debug/_ext/1176652345/sys_ports.o
 .debug_frame   0x000007c8       0x60 build/default/debug/_ext/1159356593/list.o
 .debug_frame   0x00000828      0x230 build/default/debug/_ext/1159356593/queue.o
 .debug_frame   0x00000a58      0x4d4 build/default/debug/_ext/1159356593/tasks.o
 .debug_frame   0x00000f2c      0x134 build/default/debug/_ext/1159356593/timers.o
 .debug_frame   0x00001060      0x108 build/default/debug/_ext/1159356593/event_groups.o
 .debug_frame   0x00001168       0x5c build/default/debug/_ext/855783052/heap_1.o
 .debug_frame   0x000011c4       0xc0 build/default/debug/_ext/597539335/port.o
 .debug_frame   0x00001284       0x5c build/default/debug/_ext/1360937237/motor_control.o
 .debug_frame   0x000012e0       0xd0 build/default/debug/_ext/1047219354/drv_oc_static.o
 .debug_frame   0x000013b0      0x130 build/default/debug/_ext/1407244131/drv_tmr_static.o
 .debug_frame   0x000014e0       0x58 build/default/debug/_ext/1345626252/drv_usart_static.o
 .debug_frame   0x00001538       0x58 build/default/debug/_ext/639803181/sys_clk_static.o
 .debug_frame   0x00001590       0x20 build/default/debug/_ext/822048611/sys_ports_static.o
 .debug_frame   0x000015b0       0x28 build/default/debug/_ext/1688732426/system_init.o
 .debug_frame   0x000015d8       0x6c build/default/debug/_ext/1688732426/system_interrupt.o
 .debug_frame   0x00001644       0x28 build/default/debug/_ext/1688732426/system_exceptions.o
 .debug_frame   0x0000166c       0xd0 build/default/debug/_ext/1688732426/system_tasks.o
 .debug_frame   0x0000173c       0x40 build/default/debug/_ext/1688732426/rtos_hooks.o
 .debug_frame   0x0000177c       0x2c c:/program files (x86)/microchip/xc32/v1.40/bin/bin/../../lib/gcc/pic32mx/4.8.3/../../../../pic32mx/lib\libpic32.a(default-bootstrap-exception-handler.o)
 .debug_frame   0x000017a8       0x20 c:/program files (x86)/microchip/xc32/v1.40/bin/bin/../../lib/gcc/pic32mx/4.8.3/../../../../pic32mx/lib\libpic32.a(default-on-reset.o)
 .debug_frame   0x000017c8       0x20 c:/program files (x86)/microchip/xc32/v1.40/bin/bin/../../lib/gcc/pic32mx/4.8.3/../../../../pic32mx/lib\libpic32.a(default-on-bootstrap.o)
 .debug_frame   0x000017e8       0x20 c:/program files (x86)/microchip/xc32/v1.40/bin/bin/../../lib/gcc/pic32mx/4.8.3/../../../../pic32mx/lib\libpic32.a(defaultinterrupt.o)

.debug_str      0x00000000      0x77f
 *(.debug_str)
 .debug_str     0x00000000        0x0 c:/program files (x86)/microchip/xc32/v1.40/bin/bin/../../lib/gcc/pic32mx/4.8.3/../../../../pic32mx/lib\software-debug-break.o
 .debug_str     0x00000000        0xf build/default/debug/_ext/1360937237/app.o
 .debug_str     0x0000000f        0x0 build/default/debug/_ext/1360937237/main.o
 .debug_str     0x0000000f        0x0 build/default/debug/_ext/1360937237/debugging_task.o
 .debug_str     0x0000000f        0xa build/default/debug/_ext/1360937237/messaging_task.o
 .debug_str     0x00000019       0x1d build/default/debug/_ext/1360937237/sensor_read.o
 .debug_str     0x00000036       0x17 build/default/debug/_ext/1360937237/simulation.o
 .debug_str     0x0000004d        0x0 build/default/debug/_ext/1360937237/timer.o
 .debug_str     0x0000004d       0x40 build/default/debug/_ext/1257146006/osal_freertos.o
 .debug_str     0x0000008d       0x16 build/default/debug/_ext/1489608848/sys_devcon.o
 .debug_str     0x000000a3        0x6 build/default/debug/_ext/1489608848/sys_devcon_pic32mx.o
 .debug_str     0x000000a9       0x2d build/default/debug/_ext/1878130666/sys_int_pic32.o
 .debug_str     0x000000d6       0x98 build/default/debug/_ext/1176652345/sys_ports.o
 .debug_str     0x0000016e        0x0 build/default/debug/_ext/1159356593/croutine.o
 .debug_str     0x0000016e       0x2b build/default/debug/_ext/1159356593/list.o
 .debug_str     0x00000199       0xf1 build/default/debug/_ext/1159356593/queue.o
 .debug_str     0x0000028a      0x174 build/default/debug/_ext/1159356593/tasks.o
 .debug_str     0x000003fe       0xbf build/default/debug/_ext/1159356593/timers.o
 .debug_str     0x000004bd       0xe6 build/default/debug/_ext/1159356593/event_groups.o
 .debug_str     0x000005a3       0x1d build/default/debug/_ext/855783052/heap_1.o
 .debug_str     0x000005c0       0x37 build/default/debug/_ext/597539335/port.o
 .debug_str     0x000005f7        0xb build/default/debug/_ext/1360937237/motor_control.o
 .debug_str     0x00000602       0x1a build/default/debug/_ext/1047219354/drv_oc_static.o
 .debug_str     0x0000061c       0x41 build/default/debug/_ext/1407244131/drv_tmr_static.o
 .debug_str     0x0000065d       0x88 build/default/debug/_ext/1345626252/drv_usart_static.o
 .debug_str     0x000006e5       0x39 build/default/debug/_ext/639803181/sys_clk_static.o
 .debug_str     0x0000071e       0x15 build/default/debug/_ext/822048611/sys_ports_static.o
 .debug_str     0x00000733        0xb build/default/debug/_ext/1688732426/system_init.o
 .debug_str     0x0000073e       0x38 build/default/debug/_ext/1688732426/system_interrupt.o
 .debug_str     0x00000776        0x0 build/default/debug/_ext/1688732426/system_exceptions.o
 .debug_str     0x00000776        0x0 build/default/debug/_ext/1688732426/system_tasks.o
 .debug_str     0x00000776        0x9 build/default/debug/_ext/1688732426/rtos_hooks.o
 .debug_str     0x0000077f        0x0 c:/program files (x86)/microchip/xc32/v1.40/bin/bin/../../lib/gcc/pic32mx/4.8.3/../../../../pic32mx/lib\libpic32.a(default-bootstrap-exception-handler.o)
 .debug_str     0x0000077f        0x0 c:/program files (x86)/microchip/xc32/v1.40/bin/bin/../../lib/gcc/pic32mx/4.8.3/../../../../pic32mx/lib\libpic32.a(default-on-reset.o)
 .debug_str     0x0000077f        0x0 c:/program files (x86)/microchip/xc32/v1.40/bin/bin/../../lib/gcc/pic32mx/4.8.3/../../../../pic32mx/lib\libpic32.a(default-on-bootstrap.o)
 .debug_str     0x0000077f        0x0 c:/program files (x86)/microchip/xc32/v1.40/bin/bin/../../lib/gcc/pic32mx/4.8.3/../../../../pic32mx/lib\libpic32.a(defaultinterrupt.o)

.debug_loc      0x00000000     0x67df
 *(.debug_loc)
 .debug_loc     0x00000000       0xd5 build/default/debug/_ext/1360937237/app.o
 .debug_loc     0x000000d5       0x20 build/default/debug/_ext/1360937237/main.o
 .debug_loc     0x000000f5      0x254 build/default/debug/_ext/1360937237/debugging_task.o
 .debug_loc     0x00000349      0x21c build/default/debug/_ext/1360937237/messaging_task.o
 .debug_loc     0x00000565      0x775 build/default/debug/_ext/1360937237/sensor_read.o
 .debug_loc     0x00000cda       0x20 build/default/debug/_ext/1360937237/simulation.o
 .debug_loc     0x00000cfa      0x5ac build/default/debug/_ext/1257146006/osal_freertos.o
 .debug_loc     0x000012a6      0x150 build/default/debug/_ext/1489608848/sys_devcon.o
 .debug_loc     0x000013f6      0x100 build/default/debug/_ext/1489608848/sys_devcon_pic32mx.o
 .debug_loc     0x000014f6      0x10d build/default/debug/_ext/1878130666/sys_int_pic32.o
 .debug_loc     0x00001603      0xee1 build/default/debug/_ext/1176652345/sys_ports.o
 .debug_loc     0x000024e4       0x31 build/default/debug/_ext/1159356593/list.o
 .debug_loc     0x00002515      0xf5e build/default/debug/_ext/1159356593/queue.o
 .debug_loc     0x00003473     0x195d build/default/debug/_ext/1159356593/tasks.o
 .debug_loc     0x00004dd0      0x901 build/default/debug/_ext/1159356593/timers.o
 .debug_loc     0x000056d1      0xa0a build/default/debug/_ext/1159356593/event_groups.o
 .debug_loc     0x000060db       0x69 build/default/debug/_ext/855783052/heap_1.o
 .debug_loc     0x00006144      0x1aa build/default/debug/_ext/597539335/port.o
 .debug_loc     0x000062ee       0xfd build/default/debug/_ext/1360937237/motor_control.o
 .debug_loc     0x000063eb       0x63 build/default/debug/_ext/1407244131/drv_tmr_static.o
 .debug_loc     0x0000644e       0x5a build/default/debug/_ext/1345626252/drv_usart_static.o
 .debug_loc     0x000064a8       0x41 build/default/debug/_ext/639803181/sys_clk_static.o
 .debug_loc     0x000064e9       0x41 build/default/debug/_ext/1688732426/system_init.o
 .debug_loc     0x0000652a      0x121 build/default/debug/_ext/1688732426/system_interrupt.o
 .debug_loc     0x0000664b       0x20 build/default/debug/_ext/1688732426/system_exceptions.o
 .debug_loc     0x0000666b      0x100 build/default/debug/_ext/1688732426/system_tasks.o
 .debug_loc     0x0000676b       0x74 build/default/debug/_ext/1688732426/rtos_hooks.o

.debug_macinfo
 *(.debug_macinfo)

.debug_weaknames
 *(.debug_weaknames)

.debug_funcnames
 *(.debug_funcnames)

.debug_typenames
 *(.debug_typenames)

.debug_varnames
 *(.debug_varnames)

.debug_pubtypes
 *(.debug_pubtypes)

.debug_ranges   0x00000000      0xae8
 *(.debug_ranges)
 .debug_ranges  0x00000000       0x10 c:/program files (x86)/microchip/xc32/v1.40/bin/bin/../../lib/gcc/pic32mx/4.8.3/../../../../pic32mx/lib\software-debug-break.o
 .debug_ranges  0x00000010       0x58 build/default/debug/_ext/1360937237/app.o
 .debug_ranges  0x00000068       0x10 build/default/debug/_ext/1360937237/main.o
 .debug_ranges  0x00000078       0x38 build/default/debug/_ext/1360937237/debugging_task.o
 .debug_ranges  0x000000b0       0x60 build/default/debug/_ext/1360937237/messaging_task.o
 .debug_ranges  0x00000110       0x30 build/default/debug/_ext/1360937237/sensor_read.o
 .debug_ranges  0x00000140       0x18 build/default/debug/_ext/1360937237/simulation.o
 .debug_ranges  0x00000158       0x10 build/default/debug/_ext/1360937237/timer.o
 .debug_ranges  0x00000168       0x78 build/default/debug/_ext/1257146006/osal_freertos.o
 .debug_ranges  0x000001e0       0x68 build/default/debug/_ext/1489608848/sys_devcon.o
 .debug_ranges  0x00000248       0x10 build/default/debug/_ext/1489608848/sys_devcon_pic32mx.o
 .debug_ranges  0x00000258       0x50 build/default/debug/_ext/1878130666/sys_int_pic32.o
 .debug_ranges  0x000002a8       0xe8 build/default/debug/_ext/1176652345/sys_ports.o
 .debug_ranges  0x00000390       0x30 build/default/debug/_ext/1159356593/list.o
 .debug_ranges  0x000003c0       0xa8 build/default/debug/_ext/1159356593/queue.o
 .debug_ranges  0x00000468      0x1a8 build/default/debug/_ext/1159356593/tasks.o
 .debug_ranges  0x00000610       0xe8 build/default/debug/_ext/1159356593/timers.o
 .debug_ranges  0x000006f8       0x98 build/default/debug/_ext/1159356593/event_groups.o
 .debug_ranges  0x00000790       0x28 build/default/debug/_ext/855783052/heap_1.o
 .debug_ranges  0x000007b8       0x48 build/default/debug/_ext/597539335/port.o
 .debug_ranges  0x00000800       0x38 build/default/debug/_ext/1360937237/motor_control.o
 .debug_ranges  0x00000838       0x68 build/default/debug/_ext/1047219354/drv_oc_static.o
 .debug_ranges  0x000008a0       0x98 build/default/debug/_ext/1407244131/drv_tmr_static.o
 .debug_ranges  0x00000938       0x28 build/default/debug/_ext/1345626252/drv_usart_static.o
 .debug_ranges  0x00000960       0x28 build/default/debug/_ext/639803181/sys_clk_static.o
 .debug_ranges  0x00000988       0x10 build/default/debug/_ext/822048611/sys_ports_static.o
 .debug_ranges  0x00000998       0x10 build/default/debug/_ext/1688732426/system_init.o
 .debug_ranges  0x000009a8       0x40 build/default/debug/_ext/1688732426/system_interrupt.o
 .debug_ranges  0x000009e8       0x10 build/default/debug/_ext/1688732426/system_exceptions.o
 .debug_ranges  0x000009f8       0x48 build/default/debug/_ext/1688732426/system_tasks.o
 .debug_ranges  0x00000a40       0x50 build/default/debug/_ext/1688732426/system_interrupt_a.o
 .debug_ranges  0x00000a90       0x18 build/default/debug/_ext/1688732426/rtos_hooks.o
 .debug_ranges  0x00000aa8       0x10 c:/program files (x86)/microchip/xc32/v1.40/bin/bin/../../lib/gcc/pic32mx/4.8.3/../../../../pic32mx/lib\libpic32.a(default-bootstrap-exception-handler.o)
 .debug_ranges  0x00000ab8       0x10 c:/program files (x86)/microchip/xc32/v1.40/bin/bin/../../lib/gcc/pic32mx/4.8.3/../../../../pic32mx/lib\libpic32.a(default-on-reset.o)
 .debug_ranges  0x00000ac8       0x10 c:/program files (x86)/microchip/xc32/v1.40/bin/bin/../../lib/gcc/pic32mx/4.8.3/../../../../pic32mx/lib\libpic32.a(default-on-bootstrap.o)
 .debug_ranges  0x00000ad8       0x10 c:/program files (x86)/microchip/xc32/v1.40/bin/bin/../../lib/gcc/pic32mx/4.8.3/../../../../pic32mx/lib\libpic32.a(defaultinterrupt.o)

.gnu.attributes
                0x00000000       0x10
 *(.gnu.attributes)
 .gnu.attributes
                0x00000000       0x10 c:/program files (x86)/microchip/xc32/v1.40/bin/bin/../../lib/gcc/pic32mx/4.8.3/../../../../pic32mx/lib\software-debug-break.o
 .gnu.attributes
                0x00000010       0x10 build/default/debug/_ext/1360937237/app.o
 .gnu.attributes
                0x00000020       0x10 build/default/debug/_ext/1360937237/main.o
 .gnu.attributes
                0x00000030       0x10 build/default/debug/_ext/1360937237/debugging_task.o
 .gnu.attributes
                0x00000040       0x10 build/default/debug/_ext/1360937237/messaging_task.o
 .gnu.attributes
                0x00000050       0x10 build/default/debug/_ext/1360937237/sensor_read.o
 .gnu.attributes
                0x00000060       0x10 build/default/debug/_ext/1360937237/simulation.o
 .gnu.attributes
                0x00000070       0x10 build/default/debug/_ext/1360937237/timer.o
 .gnu.attributes
                0x00000080       0x10 build/default/debug/_ext/1257146006/osal_freertos.o
 .gnu.attributes
                0x00000090       0x10 build/default/debug/_ext/1489608848/sys_devcon.o
 .gnu.attributes
                0x000000a0       0x10 build/default/debug/_ext/1489608848/sys_devcon_pic32mx.o
 .gnu.attributes
                0x000000b0       0x10 build/default/debug/_ext/1878130666/sys_int_pic32.o
 .gnu.attributes
                0x000000c0       0x10 build/default/debug/_ext/1176652345/sys_ports.o
 .gnu.attributes
                0x000000d0       0x10 build/default/debug/_ext/1159356593/croutine.o
 .gnu.attributes
                0x000000e0       0x10 build/default/debug/_ext/1159356593/list.o
 .gnu.attributes
                0x000000f0       0x10 build/default/debug/_ext/1159356593/queue.o
 .gnu.attributes
                0x00000100       0x10 build/default/debug/_ext/1159356593/tasks.o
 .gnu.attributes
                0x00000110       0x10 build/default/debug/_ext/1159356593/timers.o
 .gnu.attributes
                0x00000120       0x10 build/default/debug/_ext/1159356593/event_groups.o
 .gnu.attributes
                0x00000130       0x10 build/default/debug/_ext/855783052/heap_1.o
 .gnu.attributes
                0x00000140       0x10 build/default/debug/_ext/597539335/port.o
 .gnu.attributes
                0x00000150       0x10 build/default/debug/_ext/1360937237/motor_control.o
 .gnu.attributes
                0x00000160       0x10 build/default/debug/_ext/1047219354/drv_oc_static.o
 .gnu.attributes
                0x00000170       0x10 build/default/debug/_ext/1407244131/drv_tmr_static.o
 .gnu.attributes
                0x00000180       0x10 build/default/debug/_ext/1345626252/drv_usart_static.o
 .gnu.attributes
                0x00000190       0x10 build/default/debug/_ext/639803181/sys_clk_static.o
 .gnu.attributes
                0x000001a0       0x10 build/default/debug/_ext/822048611/sys_ports_static.o
 .gnu.attributes
                0x000001b0       0x10 build/default/debug/_ext/1688732426/system_init.o
 .gnu.attributes
                0x000001c0       0x10 build/default/debug/_ext/1688732426/system_interrupt.o
 .gnu.attributes
                0x000001d0       0x10 build/default/debug/_ext/1688732426/system_exceptions.o
 .gnu.attributes
                0x000001e0       0x10 build/default/debug/_ext/1688732426/system_tasks.o
 .gnu.attributes
                0x000001f0       0x10 build/default/debug/_ext/1688732426/rtos_hooks.o
 .gnu.attributes
                0x00000200       0x10 c:/program files (x86)/microchip/xc32/v1.40/bin/bin/../../lib/gcc/pic32mx/4.8.3/../../../../pic32mx/lib\libpic32.a(default-bootstrap-exception-handler.o)
 .gnu.attributes
                0x00000210       0x10 c:/program files (x86)/microchip/xc32/v1.40/bin/bin/../../lib/gcc/pic32mx/4.8.3/../../../../pic32mx/lib\libpic32.a(default-on-reset.o)
 .gnu.attributes
                0x00000220       0x10 c:/program files (x86)/microchip/xc32/v1.40/bin/bin/../../lib/gcc/pic32mx/4.8.3/../../../../pic32mx/lib\libpic32.a(default-on-bootstrap.o)
 .gnu.attributes
                0x00000230       0x10 c:/program files (x86)/microchip/xc32/v1.40/bin/bin/../../lib/gcc/pic32mx/4.8.3/../../../../pic32mx/lib\libpic32.a(defaultinterrupt.o)
LOAD c:/program files (x86)/microchip/xc32/v1.40/bin/bin/../../lib/gcc/pic32mx/4.8.3\libgcc.a
START GROUP
LOAD c:/program files (x86)/microchip/xc32/v1.40/bin/bin/../../lib/gcc/pic32mx/4.8.3/../../../../pic32mx/lib\libpic32.a
LOAD c:/program files (x86)/microchip/xc32/v1.40/bin/bin/../../lib/gcc/pic32mx/4.8.3/../../../../pic32mx/lib\libdebug.a
LOAD c:/program files (x86)/microchip/xc32/v1.40/bin/bin/../../lib/gcc/pic32mx/4.8.3/../../../../pic32mx/lib\libpic32.a
LOAD c:/program files (x86)/microchip/xc32/v1.40/bin/bin/../../lib/gcc/pic32mx/4.8.3/../../../../pic32mx/lib\libm.a
LOAD c:/program files (x86)/microchip/xc32/v1.40/bin/bin/../../lib/gcc/pic32mx/4.8.3/../../../../pic32mx/lib\libe.a
LOAD c:/program files (x86)/microchip/xc32/v1.40/bin/bin/../../lib/gcc/pic32mx/4.8.3/../../../../pic32mx/lib\libdsp.a
LOAD c:/program files (x86)/microchip/xc32/v1.40/bin/bin/../../lib/gcc/pic32mx/4.8.3\libgcc.a
LOAD c:/program files (x86)/microchip/xc32/v1.40/bin/bin/../../lib/gcc/pic32mx/4.8.3/../../../../pic32mx/lib\libc.a
LOAD c:/program files (x86)/microchip/xc32/v1.40/bin/bin/../../lib/gcc/pic32mx/4.8.3/../../../../pic32mx/lib\libpic32.a
END GROUP
LOAD c:/program files (x86)/microchip/xc32/v1.40/bin/bin/../../lib/gcc/pic32mx/4.8.3\libgcc.a
OUTPUT(dist/default/debug/Milestone2.X.debug.elf elf32-tradlittlemips)
LOAD stack
LOAD data_init

.reginfo        0x00000000       0x18
 .reginfo       0x00000000       0x18 c:/program files (x86)/microchip/xc32/v1.40/bin/bin/../../lib/gcc/pic32mx/4.8.3/../../../../pic32mx/lib/./proc/32MX795F512L/crt0_mips32r2.o

.stack          0xa000b0e8      0x400
 .stack         0xa000b0e8      0x400 stack

.bss            0xa00003d4     0xac80
 .bss           0xa00003d4     0xa000 build/default/debug/_ext/855783052/heap_1.o
 .bss           0xa000a3d4      0xc80 build/default/debug/_ext/597539335/port.o
                0xa000a3d4                xISRStack

.data           0xa000b054       0x4c
 .data          0xa000b054       0x4c build/default/debug/_ext/1688732426/system_exceptions.o

.bss            0xa000b0a0       0x28
 .bss           0xa000b0a0       0x28 build/default/debug/_ext/1159356593/timers.o

.text           0x9d000000      0x454
 .text          0x9d000000      0x454 build/default/debug/_ext/597539335/port_asm.o
                0x9d000000                vPortTickInterruptHandler
                0x9d0001ac                vPortStartFirstTask
                0x9d000274                vPortYieldISR

.text.MESSAGING_TASK_Tasks
                0x9d000454      0x328
 .text.MESSAGING_TASK_Tasks
                0x9d000454      0x328 build/default/debug/_ext/1360937237/messaging_task.o
                0x9d000454                MESSAGING_TASK_Tasks

.text.prvTimerTask
                0x9d00077c      0x264
 .text.prvTimerTask
                0x9d00077c      0x264 build/default/debug/_ext/1159356593/timers.o

.text.xQueueGenericReceive
                0x9d0009e0      0x24c
 .text.xQueueGenericReceive
                0x9d0009e0      0x24c build/default/debug/_ext/1159356593/queue.o
                0x9d0009e0                xQueueGenericReceive

.text.SENSOR_READ_Tasks
                0x9d000c2c      0x210
 .text.SENSOR_READ_Tasks
                0x9d000c2c      0x210 build/default/debug/_ext/1360937237/sensor_read.o
                0x9d000c2c                SENSOR_READ_Tasks

.text.xQueueGenericSend
                0x9d000e3c      0x208
 .text.xQueueGenericSend
                0x9d000e3c      0x208 build/default/debug/_ext/1159356593/queue.o
                0x9d000e3c                xQueueGenericSend

.text.xTaskGenericCreate
                0x9d001044      0x1c0
 .text.xTaskGenericCreate
                0x9d001044      0x1c0 build/default/debug/_ext/1159356593/tasks.o
                0x9d001044                xTaskGenericCreate

.DrvTmrInstance0_vector_text
                0x9d001204      0x1b4
 .DrvTmrInstance0_vector_text
                0x9d001204      0x1b4 build/default/debug/_ext/1688732426/system_interrupt_a.o

.DrvTmrInstance1_vector_text
                0x9d0013b8      0x1b4
 .DrvTmrInstance1_vector_text
                0x9d0013b8      0x1b4 build/default/debug/_ext/1688732426/system_interrupt_a.o

.DrvTmrInstance2_vector_text
                0x9d00156c      0x1b4
 .DrvTmrInstance2_vector_text
                0x9d00156c      0x1b4 build/default/debug/_ext/1688732426/system_interrupt_a.o

.DrvUsartInstance0_vector_text
                0x9d001720      0x1b4
 .DrvUsartInstance0_vector_text
                0x9d001720      0x1b4 build/default/debug/_ext/1688732426/system_interrupt_a.o

.text.APP_Tasks
                0x9d0018d4      0x1b0
 .text.APP_Tasks
                0x9d0018d4      0x1b0 build/default/debug/_ext/1360937237/app.o
                0x9d0018d4                APP_Tasks

.text.xTaskIncrementTick
                0x9d001a84      0x19c
 .text.xTaskIncrementTick
                0x9d001a84      0x19c build/default/debug/_ext/1159356593/tasks.o
                0x9d001a84                xTaskIncrementTick

.text           0x9d001c20      0x168
 .text          0x9d001c20      0x168 c:/program files (x86)/microchip/xc32/v1.40/bin/bin/../../lib/gcc/pic32mx/4.8.3/../../../../pic32mx/lib\libpic32.a(memcpy.o)
                0x9d001c20                memcpy

.text.SYS_Tasks
                0x9d001d88      0x15c
 .text.SYS_Tasks
                0x9d001d88      0x15c build/default/debug/_ext/1688732426/system_tasks.o
                0x9d001d88                SYS_Tasks

.text.xTaskResumeAll
                0x9d001ee4      0x154
 .text.xTaskResumeAll
                0x9d001ee4      0x154 build/default/debug/_ext/1159356593/tasks.o
                0x9d001ee4                xTaskResumeAll

.text.SIMULATION_Tasks
                0x9d002038      0x150
 .text.SIMULATION_Tasks
                0x9d002038      0x150 build/default/debug/_ext/1360937237/simulation.o
                0x9d002038                SIMULATION_Tasks

.dinit          0x9d002188      0x130
 .dinit         0x9d002188      0x130 data_init

.text.vTaskPriorityInherit
                0x9d0022b8      0x12c
 .text.vTaskPriorityInherit
                0x9d0022b8      0x12c build/default/debug/_ext/1159356593/tasks.o
                0x9d0022b8                vTaskPriorityInherit

.text.vTaskSwitchContext
                0x9d0023e4      0x11c
 .text.vTaskSwitchContext
                0x9d0023e4      0x11c build/default/debug/_ext/1159356593/tasks.o
                0x9d0023e4                vTaskSwitchContext

.text.DRV_USART0_Initialize
                0x9d002500      0x110
 .text.DRV_USART0_Initialize
                0x9d002500      0x110 build/default/debug/_ext/1345626252/drv_usart_static.o
                0x9d002500                DRV_USART0_Initialize

.text.prvUnlockQueue
                0x9d002610      0x104
 .text.prvUnlockQueue
                0x9d002610      0x104 build/default/debug/_ext/1159356593/queue.o

.text.prvSampleTimeNow
                0x9d002714      0x104
 .text.prvSampleTimeNow
                0x9d002714      0x104 build/default/debug/_ext/1159356593/timers.o

.text.prvCopyDataToQueue
                0x9d002818       0xfc
 .text.prvCopyDataToQueue
                0x9d002818       0xfc build/default/debug/_ext/1159356593/queue.o

.text.xTaskPriorityDisinherit
                0x9d002914       0xf8
 .text.xTaskPriorityDisinherit
                0x9d002914       0xf8 build/default/debug/_ext/1159356593/tasks.o
                0x9d002914                xTaskPriorityDisinherit

.text.sendMsgToWIFLY
                0x9d002a0c       0xf0
 .text.sendMsgToWIFLY
                0x9d002a0c       0xf0 build/default/debug/_ext/1360937237/messaging_task.o
                0x9d002a0c                sendMsgToWIFLY

.text.xQueueGenericSendFromISR
                0x9d002afc       0xe8
 .text.xQueueGenericSendFromISR
                0x9d002afc       0xe8 build/default/debug/_ext/1159356593/queue.o
                0x9d002afc                xQueueGenericSendFromISR

.text.IntHandlerDrvUsartInstance0
                0x9d002be4       0xe4
 .text.IntHandlerDrvUsartInstance0
                0x9d002be4       0xe4 build/default/debug/_ext/1688732426/system_interrupt.o
                0x9d002be4                IntHandlerDrvUsartInstance0

.text.SYS_DEVCON_PerformanceConfig
                0x9d002cc8       0xdc
 .text.SYS_DEVCON_PerformanceConfig
                0x9d002cc8       0xdc build/default/debug/_ext/1489608848/sys_devcon_pic32mx.o
                0x9d002cc8                SYS_DEVCON_PerformanceConfig

.rodata         0x9d002da4       0xdc
 .rodata        0x9d002da4       0xdc build/default/debug/_ext/1688732426/system_exceptions.o

.text.general_exception
                0x9d002e80       0xdc
 .text.general_exception
                0x9d002e80       0xdc c:/program files (x86)/microchip/xc32/v1.40/bin/bin/../../lib/gcc/pic32mx/4.8.3/../../../../pic32mx/lib\libpic32.a(general-exception.o)
                0x9d002e80                _general_exception_context

.text.xQueueReceiveFromISR
                0x9d002f5c       0xd4
 .text.xQueueReceiveFromISR
                0x9d002f5c       0xd4 build/default/debug/_ext/1159356593/queue.o