
Optional file libmchp_peripheral.a not found

Optional file libmchp_peripheral_32MX795F512L.a not found
Archive member included because of file (symbol)

c:/program files (x86)/microchip/xc32/v1.40/bin/bin/../../lib/gcc/pic32mx/4.8.3/../../../../pic32mx/lib\libpic32.a(memcpy.o)
                              build/default/debug/_ext/142385888/queue.o (memcpy)
c:/program files (x86)/microchip/xc32/v1.40/bin/bin/../../lib/gcc/pic32mx/4.8.3/../../../../pic32mx/lib\libpic32.a(memset.o)
                              build/default/debug/_ext/142385888/tasks.o (memset)
c:/program files (x86)/microchip/xc32/v1.40/bin/bin/../../lib/gcc/pic32mx/4.8.3/../../../../pic32mx/lib\libpic32.a(default-bootstrap-exception-handler.o)
                              c:/program files (x86)/microchip/xc32/v1.40/bin/bin/../../lib/gcc/pic32mx/4.8.3/../../../../pic32mx/lib/./proc/32MX795F512L/crt0_mips32r2.o (_bootstrap_exception_handler)
c:/program files (x86)/microchip/xc32/v1.40/bin/bin/../../lib/gcc/pic32mx/4.8.3/../../../../pic32mx/lib\libpic32.a(default-on-reset.o)
                              c:/program files (x86)/microchip/xc32/v1.40/bin/bin/../../lib/gcc/pic32mx/4.8.3/../../../../pic32mx/lib/./proc/32MX795F512L/crt0_mips32r2.o (_on_reset)
c:/program files (x86)/microchip/xc32/v1.40/bin/bin/../../lib/gcc/pic32mx/4.8.3/../../../../pic32mx/lib\libpic32.a(default-on-bootstrap.o)
                              c:/program files (x86)/microchip/xc32/v1.40/bin/bin/../../lib/gcc/pic32mx/4.8.3/../../../../pic32mx/lib/./proc/32MX795F512L/crt0_mips32r2.o (_on_bootstrap)
c:/program files (x86)/microchip/xc32/v1.40/bin/bin/../../lib/gcc/pic32mx/4.8.3/../../../../pic32mx/lib\libpic32.a(default-nmi-handler.o)
                              c:/program files (x86)/microchip/xc32/v1.40/bin/bin/../../lib/gcc/pic32mx/4.8.3/../../../../pic32mx/lib/./proc/32MX795F512L/crt0_mips32r2.o (_nmi_handler)
c:/program files (x86)/microchip/xc32/v1.40/bin/bin/../../lib/gcc/pic32mx/4.8.3/../../../../pic32mx/lib\libpic32.a(general-exception.o)
                              c:/program files (x86)/microchip/xc32/v1.40/bin/bin/../../lib/gcc/pic32mx/4.8.3/../../../../pic32mx/lib/./proc/32MX795F512L/crt0_mips32r2.o (_general_exception_context)
c:/program files (x86)/microchip/xc32/v1.40/bin/bin/../../lib/gcc/pic32mx/4.8.3/../../../../pic32mx/lib\libpic32.a(vector0.o)
                              c:/program files (x86)/microchip/xc32/v1.40/bin/bin/../../lib/gcc/pic32mx/4.8.3/../../../../pic32mx/lib/./proc/32MX795F512L\default_isr_vectors.o (__vector_dispatch_0)
c:/program files (x86)/microchip/xc32/v1.40/bin/bin/../../lib/gcc/pic32mx/4.8.3/../../../../pic32mx/lib\libpic32.a(vector2.o)
                              c:/program files (x86)/microchip/xc32/v1.40/bin/bin/../../lib/gcc/pic32mx/4.8.3/../../../../pic32mx/lib/./proc/32MX795F512L\default_isr_vectors.o (__vector_dispatch_2)
c:/program files (x86)/microchip/xc32/v1.40/bin/bin/../../lib/gcc/pic32mx/4.8.3/../../../../pic32mx/lib\libpic32.a(vector3.o)
                              c:/program files (x86)/microchip/xc32/v1.40/bin/bin/../../lib/gcc/pic32mx/4.8.3/../../../../pic32mx/lib/./proc/32MX795F512L\default_isr_vectors.o (__vector_dispatch_3)
c:/program files (x86)/microchip/xc32/v1.40/bin/bin/../../lib/gcc/pic32mx/4.8.3/../../../../pic32mx/lib\libpic32.a(vector5.o)
                              c:/program files (x86)/microchip/xc32/v1.40/bin/bin/../../lib/gcc/pic32mx/4.8.3/../../../../pic32mx/lib/./proc/32MX795F512L\default_isr_vectors.o (__vector_dispatch_5)
c:/program files (x86)/microchip/xc32/v1.40/bin/bin/../../lib/gcc/pic32mx/4.8.3/../../../../pic32mx/lib\libpic32.a(vector6.o)
                              c:/program files (x86)/microchip/xc32/v1.40/bin/bin/../../lib/gcc/pic32mx/4.8.3/../../../../pic32mx/lib/./proc/32MX795F512L\default_isr_vectors.o (__vector_dispatch_6)
c:/program files (x86)/microchip/xc32/v1.40/bin/bin/../../lib/gcc/pic32mx/4.8.3/../../../../pic32mx/lib\libpic32.a(vector7.o)
                              c:/program files (x86)/microchip/xc32/v1.40/bin/bin/../../lib/gcc/pic32mx/4.8.3/../../../../pic32mx/lib/./proc/32MX795F512L\default_isr_vectors.o (__vector_dispatch_7)
c:/program files (x86)/microchip/xc32/v1.40/bin/bin/../../lib/gcc/pic32mx/4.8.3/../../../../pic32mx/lib\libpic32.a(vector8.o)
                              c:/program files (x86)/microchip/xc32/v1.40/bin/bin/../../lib/gcc/pic32mx/4.8.3/../../../../pic32mx/lib/./proc/32MX795F512L\default_isr_vectors.o (__vector_dispatch_8)
c:/program files (x86)/microchip/xc32/v1.40/bin/bin/../../lib/gcc/pic32mx/4.8.3/../../../../pic32mx/lib\libpic32.a(vector9.o)
                              c:/program files (x86)/microchip/xc32/v1.40/bin/bin/../../lib/gcc/pic32mx/4.8.3/../../../../pic32mx/lib/./proc/32MX795F512L\default_isr_vectors.o (__vector_dispatch_9)
c:/program files (x86)/microchip/xc32/v1.40/bin/bin/../../lib/gcc/pic32mx/4.8.3/../../../../pic32mx/lib\libpic32.a(vector10.o)
[...]
Memory Configuration

Name             Origin             Length             Attributes
kseg0_boot_mem   0x9fc00490         0x00000970
kseg1_boot_mem   0xbfc00000         0x00000490
kseg0_program_mem 0x9d000000         0x00080000         xr
exception_mem    0x9fc01000         0x00001000
debug_exec_mem   0xbfc02000         0x00000ff0
config3          0xbfc02ff0         0x00000004
config2          0xbfc02ff4         0x00000004
config1          0xbfc02ff8         0x00000004
config0          0xbfc02ffc         0x00000004
kseg1_data_mem   0xa0000000         0x00020000         w !x
sfrs             0xbf800000         0x00100000
configsfrs       0xbfc02ff0         0x00000010
*default*        0x00000000         0xffffffff

Linker script and memory map


reserve_boot_0x1fc02000_kseg0
                0x9fc02000      0xff0
                0x9fc02000        0x2 SHORT 0x0
                0x00000500                . = 0x500
 *fill*         0x9fc02002      0x4fe 
                0x9fc02500                . = ALIGN (0x4)
                0x9fc02500        0x2 SHORT 0x0
                0x00000ff0                . = 0xff0
 *fill*         0x9fc02502      0xaee 
                0x9fc02ff0                . = ALIGN (0x4)

reserve_boot_0x1fc02000_kseg1
                0xbfc02000      0xff0
                0xbfc02000        0x2 SHORT 0x0
                0x00000500                . = 0x500
 *fill*         0xbfc02002      0x4fe 
                0xbfc02500                . = ALIGN (0x4)
                0xbfc02500        0x2 SHORT 0x0
                0x00000ff0                . = 0xff0
 *fill*         0xbfc02502      0xaee 
                0xbfc02ff0                . = ALIGN (0x4)
LOAD c:/program files (x86)/microchip/xc32/v1.40/bin/bin/../../lib/gcc/pic32mx/4.8.3/../../../../pic32mx/lib/./proc/32MX795F512L/crt0_mips32r2.o
LOAD c:/program files (x86)/microchip/xc32/v1.40/bin/bin/../../lib/gcc/pic32mx/4.8.3/../../../../pic32mx/lib\software-debug-break.o
                0x00000001                _DEBUGGER = 0x1
LOAD build/default/debug/_ext/1360937237/app.o
LOAD build/default/debug/_ext/1360937237/main.o
LOAD build/default/debug/_ext/1360937237/debugging_task.o
LOAD build/default/debug/_ext/1360937237/messaging_task.o
LOAD build/default/debug/_ext/1360937237/timer.o
LOAD build/default/debug/_ext/467624261/osal_freertos.o
LOAD build/default/debug/_ext/509762241/sys_devcon.o
LOAD build/default/debug/_ext/509762241/sys_devcon_pic32mx.o
LOAD build/default/debug/_ext/617995141/sys_int_pic32.o
LOAD build/default/debug/_ext/933165592/sys_ports.o
LOAD build/default/debug/_ext/142385888/croutine.o
LOAD build/default/debug/_ext/142385888/list.o
LOAD build/default/debug/_ext/142385888/queue.o
LOAD build/default/debug/_ext/142385888/tasks.o
LOAD build/default/debug/_ext/142385888/timers.o
LOAD build/default/debug/_ext/142385888/event_groups.o
LOAD build/default/debug/_ext/1936836093/heap_1.o
LOAD build/default/debug/_ext/1035289430/port.o
LOAD build/default/debug/_ext/1035289430/port_asm.o
LOAD build/default/debug/_ext/1345626252/drv_usart_static.o
LOAD build/default/debug/_ext/639803181/sys_clk_static.o
LOAD build/default/debug/_ext/822048611/sys_ports_static.o
LOAD build/default/debug/_ext/1688732426/system_init.o
LOAD build/default/debug/_ext/1688732426/system_interrupt.o
LOAD build/default/debug/_ext/1688732426/system_exceptions.o
LOAD build/default/debug/_ext/1688732426/system_tasks.o
LOAD build/default/debug/_ext/1688732426/system_interrupt_a.o
LOAD build/default/debug/_ext/1688732426/rtos_hooks.o
LOAD ..\..\..\..\..\..\..\..\microchip\harmony\v1_06_02\bin\framework\peripheral\PIC32MX795F512L_peripherals.a
                0x00000001                __MPLAB_BUILD = 0x1
                0x00000001                __MPLAB_DEBUG = 0x1
                0x00000001                __DEBUG = 0x1
                0x00000001                __MPLAB_DEBUGGER_PK3 = 0x1
                0x00000000                _min_heap_size = 0x0
LOAD c:/program files (x86)/microchip/xc32/v1.40/bin/bin/../../lib/gcc/pic32mx/4.8.3/../../../../pic32mx/lib/./proc/32MX795F512L\default_isr_vectors.o
LOAD c:/program files (x86)/microchip/xc32/v1.40/bin/bin/../../lib/gcc/pic32mx/4.8.3/../../../../pic32mx/lib\pic32_software_reset.o
                0x00000400                PROVIDE (_min_stack_size, 0x400)
LOAD c:/program files (x86)/microchip/xc32/v1.40/bin/bin/../../lib/gcc/pic32mx/4.8.3/../../../../pic32mx/lib/./proc/32MX795F512L\processor.o
START GROUP
LOAD libmchp_peripheral.a
END GROUP
START GROUP
LOAD libmchp_peripheral_32MX795F512L.a
END GROUP
                0x00000001                PROVIDE (_vector_spacing, 0x1)
                0x9fc01000                _ebase_address = 0x9fc01000
                0xbfc00000                _RESET_ADDR = 0xbfc00000
                0xbfc00380                _BEV_EXCPT_ADDR = 0xbfc00380
                0xbfc00480                _DBG_EXCPT_ADDR = 0xbfc00480
                0xbfc02000                _DBG_CODE_ADDR = 0xbfc02000
                0x00000ff0                _DBG_CODE_SIZE = 0xff0
                0x9fc01180                _GEN_EXCPT_ADDR = (_ebase_address + 0x180)

.config_BFC02FF0
                0xbfc02ff0        0x4
 *(.config_BFC02FF0)
 .config_BFC02FF0
                0xbfc02ff0        0x4 build/default/debug/_ext/1688732426/system_init.o

.config_BFC02FF4
                0xbfc02ff4        0x4
 *(.config_BFC02FF4)
 .config_BFC02FF4
                0xbfc02ff4        0x4 build/default/debug/_ext/1688732426/system_init.o

.config_BFC02FF8
                0xbfc02ff8        0x4
 *(.config_BFC02FF8)
 .config_BFC02FF8
                0xbfc02ff8        0x4 build/default/debug/_ext/1688732426/system_init.o

.config_BFC02FFC
                0xbfc02ffc        0x4
 *(.config_BFC02FFC)
 .config_BFC02FFC
                0xbfc02ffc        0x4 build/default/debug/_ext/1688732426/system_init.o
                0xbfc02000                PROVIDE (_DBG_CODE_ADDR, 0xbfc02000)
                0x00000ff0                PROVIDE (_DBG_CODE_SIZE, 0xff0)

.reset          0xbfc00000      0x1f4
 *(.reset)
 .reset         0xbfc00000        0x8 c:/program files (x86)/microchip/xc32/v1.40/bin/bin/../../lib/gcc/pic32mx/4.8.3/../../../../pic32mx/lib/./proc/32MX795F512L/crt0_mips32r2.o
                0xbfc00000                _reset
 *(.reset.startup)
 .reset.startup
                0xbfc00008      0x1ec c:/program files (x86)/microchip/xc32/v1.40/bin/bin/../../lib/gcc/pic32mx/4.8.3/../../../../pic32mx/lib/./proc/32MX795F512L/crt0_mips32r2.o

.bev_excpt      0xbfc00380       0x10
 *(.bev_handler)
 .bev_handler   0xbfc00380       0x10 c:/program files (x86)/microchip/xc32/v1.40/bin/bin/../../lib/gcc/pic32mx/4.8.3/../../../../pic32mx/lib/./proc/32MX795F512L/crt0_mips32r2.o

.dbg_excpt      0xbfc00480        0x8
                0xbfc00480                . = (. + DEFINED (_DEBUGGER)?0x8:0x0)
 *fill*         0xbfc00480        0x8 

.dbg_code       0xbfc02000      0xff0
                0xbfc02000                . = (. + DEFINED (_DEBUGGER)?_DBG_CODE_SIZE:0x0)
 *fill*         0xbfc02000      0xff0 

.app_excpt      0x9fc01180       0x10
 *(.gen_handler)
 .gen_handler   0x9fc01180       0x10 c:/program files (x86)/microchip/xc32/v1.40/bin/bin/../../lib/gcc/pic32mx/4.8.3/../../../../pic32mx/lib/./proc/32MX795F512L/crt0_mips32r2.o

.vector_0       0x9fc01200        0x8
 *(.vector_0)
 .vector_0      0x9fc01200        0x8 c:/program files (x86)/microchip/xc32/v1.40/bin/bin/../../lib/gcc/pic32mx/4.8.3/../../../../pic32mx/lib\libpic32.a(vector0.o)
                0x9fc01200                __vector_dispatch_0
                0x00000001                ASSERT (((_vector_spacing == 0x0) || (SIZEOF (.vector_0) <= (_vector_spacing << 0x5))), function at exception vector 0 too large)

.vector_1       0x9fc01220        0x8
 *(.vector_1)
 .vector_1      0x9fc01220        0x8 build/default/debug/_ext/1035289430/port.o
                0x9fc01220                __vector_dispatch_1
                0x00000001                ASSERT (((_vector_spacing == 0x0) || (SIZEOF (.vector_1) <= (_vector_spacing << 0x5))), function at exception vector 1 too large)

.vector_2       0x9fc01240        0x8
 *(.vector_2)
 .vector_2      0x9fc01240        0x8 c:/program files (x86)/microchip/xc32/v1.40/bin/bin/../../lib/gcc/pic32mx/4.8.3/../../../../pic32mx/lib\libpic32.a(vector2.o)
                0x9fc01240                __vector_dispatch_2
                0x00000001                ASSERT (((_vector_spacing == 0x0) || (SIZEOF (.vector_2) <= (_vector_spacing << 0x5))), function at exception vector 2 too large)

.vector_3       0x9fc01260        0x8
 *(.vector_3)
 .vector_3      0x9fc01260        0x8 c:/program files (x86)/microchip/xc32/v1.40/bin/bin/../../lib/gcc/pic32mx/4.8.3/../../../../pic32mx/lib\libpic32.a(vector3.o)
                0x9fc01260                __vector_dispatch_3
                0x00000001                ASSERT (((_vector_spacing == 0x0) || (SIZEOF (.vector_3) <= (_vector_spacing << 0x5))), function at exception vector 3 too large)

.vector_4       0x9fc01280        0x8
 *(.vector_4)
 .vector_4      0x9fc01280        0x8 build/default/debug/_ext/1035289430/port.o
                0x9fc01280                __vector_dispatch_4
                0x00000001                ASSERT (((_vector_spacing == 0x0) || (SIZEOF (.vector_4) <= (_vector_spacing << 0x5))), function at exception vector 4 too large)

.vector_5       0x9fc012a0        0x8
 *(.vector_5)
 .vector_5      0x9fc012a0        0x8 c:/program files (x86)/microchip/xc32/v1.40/bin/bin/../../lib/gcc/pic32mx/4.8.3/../../../../pic32mx/lib\libpic32.a(vector5.o)
                0x9fc012a0                __vector_dispatch_5
                0x00000001                ASSERT (((_vector_spacing == 0x0) || (SIZEOF (.vector_5) <= (_vector_spacing << 0x5))), function at exception vector 5 too large)

.vector_6       0x9fc012c0        0x8
 *(.vector_6)
 .vector_6      0x9fc012c0        0x8 c:/program files (x86)/microchip/xc32/v1.40/bin/bin/../../lib/gcc/pic32mx/4.8.3/../../../../pic32mx/lib\libpic32.a(vector6.o)
                0x9fc012c0                __vector_dispatch_6
                0x00000001                ASSERT (((_vector_spacing == 0x0) || (SIZEOF (.vector_6) <= (_vector_spacing << 0x5))), function at exception vector 6 too large)

.vector_7       0x9fc012e0        0x8
 *(.vector_7)
 .vector_7      0x9fc012e0        0x8 c:/program files (x86)/microchip/xc32/v1.40/bin/bin/../../lib/gcc/pic32mx/4.8.3/../../../../pic32mx/lib\libpic32.a(vector7.o)
                0x9fc012e0                __vector_dispatch_7
                0x00000001                ASSERT (((_vector_spacing == 0x0) || (SIZEOF (.vector_7) <= (_vector_spacing << 0x5))), function at exception vector 7 too large)

.vector_8       0x9fc01300        0x8
 *(.vector_8)
 .vector_8      0x9fc01300        0x8 c:/program files (x86)/microchip/xc32/v1.40/bin/bin/../../lib/gcc/pic32mx/4.8.3/../../../../pic32mx/lib\libpic32.a(vector8.o)
                0x9fc01300                __vector_dispatch_8
                0x00000001                ASSERT (((_vector_spacing == 0x0) || (SIZEOF (.vector_8) <= (_vector_spacing << 0x5))), function at exception vector 8 too large)

.vector_9       0x9fc01320        0x8
 *(.vector_9)
 .vector_9      0x9fc01320        0x8 c:/program files (x86)/microchip/xc32/v1.40/bin/bin/../../lib/gcc/pic32mx/4.8.3/../../../../pic32mx/lib\libpic32.a(vector9.o)
                0x9fc01320                __vector_dispatch_9
                0x00000001                ASSERT (((_vector_spacing == 0x0) || (SIZEOF (.vector_9) <= (_vector_spacing << 0x5))), function at exception vector 9 too large)

.vector_10      0x9fc01340        0x8
 *(.vector_10)
 .vector_10     0x9fc01340        0x8 c:/program files (x86)/microchip/xc32/v1.40/bin/bin/../../lib/gcc/pic32mx/4.8.3/../../../../pic32mx/lib\libpic32.a(vector10.o)
                0x9fc01340                __vector_dispatch_10
                0x00000001                ASSERT (((_vector_spacing == 0x0) || (SIZEOF (.vector_10) <= (_vector_spacing << 0x5))), function at exception vector 10 too large)

.vector_11      0x9fc01360        0x8
 *(.vector_11)
 .vector_11     0x9fc01360        0x8 c:/program files (x86)/microchip/xc32/v1.40/bin/bin/../../lib/gcc/pic32mx/4.8.3/../../../../pic32mx/lib\libpic32.a(vector11.o)
                0x9fc01360                __vector_dispatch_11
                0x00000001                ASSERT (((_vector_spacing == 0x0) || (SIZEOF (.vector_11) <= (_vector_spacing << 0x5))), function at exception vector 11 too large)

.vector_12      0x9fc01380        0x8
 *(.vector_12)
 .vector_12     0x9fc01380        0x8 c:/program files (x86)/microchip/xc32/v1.40/bin/bin/../../lib/gcc/pic32mx/4.8.3/../../../../pic32mx/lib\libpic32.a(vector12.o)
                0x9fc01380                __vector_dispatch_12
                0x00000001                ASSERT (((_vector_spacing == 0x0) || (SIZEOF (.vector_12) <= (_vector_spacing << 0x5))), function at exception vector 12 too large)

.vector_13      0x9fc013a0        0x8
 *(.vector_13)
 .vector_13     0x9fc013a0        0x8 c:/program files (x86)/microchip/xc32/v1.40/bin/bin/../../lib/gcc/pic32mx/4.8.3/../../../../pic32mx/lib\libpic32.a(vector13.o)
                0x9fc013a0                __vector_dispatch_13
                0x00000001                ASSERT (((_vector_spacing == 0x0) || (SIZEOF (.vector_13) <= (_vector_spacing << 0x5))), function at exception vector 13 too large)

.vector_14      0x9fc013c0        0x8
 *(.vector_14)
 .vector_14     0x9fc013c0        0x8 c:/program files (x86)/microchip/xc32/v1.40/bin/bin/../../lib/gcc/pic32mx/4.8.3/../../../../pic32mx/lib\libpic32.a(vector14.o)
                0x9fc013c0                __vector_dispatch_14
                0x00000001                ASSERT (((_vector_spacing == 0x0) || (SIZEOF (.vector_14) <= (_vector_spacing << 0x5))), function at exception vector 14 too large)

.vector_15      0x9fc013e0        0x8
 *(.vector_15)
 .vector_15     0x9fc013e0        0x8 c:/program files (x86)/microchip/xc32/v1.40/bin/bin/../../lib/gcc/pic32mx/4.8.3/../../../../pic32mx/lib\libpic32.a(vector15.o)
                0x9fc013e0                __vector_dispatch_15
                0x00000001                ASSERT (((_vector_spacing == 0x0) || (SIZEOF (.vector_15) <= (_vector_spacing << 0x5))), function at exception vector 15 too large)

.vector_16      0x9fc01400        0x8
 *(.vector_16)
 .vector_16     0x9fc01400        0x8 c:/program files (x86)/microchip/xc32/v1.40/bin/bin/../../lib/gcc/pic32mx/4.8.3/../../../../pic32mx/lib\libpic32.a(vector16.o)
                0x9fc01400                __vector_dispatch_16
                0x00000001                ASSERT (((_vector_spacing == 0x0) || (SIZEOF (.vector_16) <= (_vector_spacing << 0x5))), function at exception vector 16 too large)

.vector_17      0x9fc01420        0x8
 *(.vector_17)
 .vector_17     0x9fc01420        0x8 c:/program files (x86)/microchip/xc32/v1.40/bin/bin/../../lib/gcc/pic32mx/4.8.3/../../../../pic32mx/lib\libpic32.a(vector17.o)
                0x9fc01420                __vector_dispatch_17
                0x00000001                ASSERT (((_vector_spacing == 0x0) || (SIZEOF (.vector_17) <= (_vector_spacing << 0x5))), function at exception vector 17 too large)

.vector_18      0x9fc01440        0x8
 *(.vector_18)
 .vector_18     0x9fc01440        0x8 c:/program files (x86)/microchip/xc32/v1.40/bin/bin/../../lib/gcc/pic32mx/4.8.3/../../../../pic32mx/lib\libpic32.a(vector18.o)
                0x9fc01440                __vector_dispatch_18
                0x00000001                ASSERT (((_vector_spacing == 0x0) || (SIZEOF (.vector_18) <= (_vector_spacing << 0x5))), function at exception vector 18 too large)

.vector_19      0x9fc01460        0x8
 *(.vector_19)
 .vector_19     0x9fc01460        0x8 c:/program files (x86)/microchip/xc32/v1.40/bin/bin/../../lib/gcc/pic32mx/4.8.3/../../../../pic32mx/lib\libpic32.a(vector19.o)
                0x9fc01460                __vector_dispatch_19
                0x00000001                ASSERT (((_vector_spacing == 0x0) || (SIZEOF (.vector_19) <= (_vector_spacing << 0x5))), function at exception vector 19 too large)

.vector_20      0x9fc01480        0x8
 *(.vector_20)
 .vector_20     0x9fc01480        0x8 c:/program files (x86)/microchip/xc32/v1.40/bin/bin/../../lib/gcc/pic32mx/4.8.3/../../../../pic32mx/lib\libpic32.a(vector20.o)
                0x9fc01480                __vector_dispatch_20
                0x00000001                ASSERT (((_vector_spacing == 0x0) || (SIZEOF (.vector_20) <= (_vector_spacing << 0x5))), function at exception vector 20 too large)

.vector_21      0x9fc014a0        0x8
 *(.vector_21)
 .vector_21     0x9fc014a0        0x8 c:/program files (x86)/microchip/xc32/v1.40/bin/bin/../../lib/gcc/pic32mx/4.8.3/../../../../pic32mx/lib\libpic32.a(vector21.o)
                0x9fc014a0                __vector_dispatch_21
                0x00000001                ASSERT (((_vector_spacing == 0x0) || (SIZEOF (.vector_21) <= (_vector_spacing << 0x5))), function at exception vector 21 too large)

.vector_22      0x9fc014c0        0x8
 *(.vector_22)
 .vector_22     0x9fc014c0        0x8 c:/program files (x86)/microchip/xc32/v1.40/bin/bin/../../lib/gcc/pic32mx/4.8.3/../../../../pic32mx/lib\libpic32.a(vector22.o)
                0x9fc014c0                __vector_dispatch_22
                0x00000001                ASSERT (((_vector_spacing == 0x0) || (SIZEOF (.vector_22) <= (_vector_spacing << 0x5))), function at exception vector 22 too large)

.vector_23      0x9fc014e0        0x8
 *(.vector_23)
 .vector_23     0x9fc014e0        0x8 c:/program files (x86)/microchip/xc32/v1.40/bin/bin/../../lib/gcc/pic32mx/4.8.3/../../../../pic32mx/lib\libpic32.a(vector23.o)
                0x9fc014e0                __vector_dispatch_23
                0x00000001                ASSERT (((_vector_spacing == 0x0) || (SIZEOF (.vector_23) <= (_vector_spacing << 0x5))), function at exception vector 23 too large)

.vector_24      0x9fc01500       0x10
 *(.vector_24)
 .vector_24     0x9fc01500       0x10 build/default/debug/_ext/1688732426/system_interrupt_a.o
                0x9fc01500                __vector_dispatch_24
                0x00000001                ASSERT (((_vector_spacing == 0x0) || (SIZEOF (.vector_24) <= (_vector_spacing << 0x5))), function at exception vector 24 too large)

.vector_25      0x9fc01520        0x8
 *(.vector_25)
 .vector_25     0x9fc01520        0x8 c:/program files (x86)/microchip/xc32/v1.40/bin/bin/../../lib/gcc/pic32mx/4.8.3/../../../../pic32mx/lib\libpic32.a(vector25.o)
                0x9fc01520                __vector_dispatch_25
                0x00000001                ASSERT (((_vector_spacing == 0x0) || (SIZEOF (.vector_25) <= (_vector_spacing << 0x5))), function at exception vector 25 too large)

.vector_26      0x9fc01540        0x8
 *(.vector_26)
 .vector_26     0x9fc01540        0x8 c:/program files (x86)/microchip/xc32/v1.40/bin/bin/../../lib/gcc/pic32mx/4.8.3/../../../../pic32mx/lib\libpic32.a(vector26.o)
                0x9fc01540                __vector_dispatch_26
                0x00000001                ASSERT (((_vector_spacing == 0x0) || (SIZEOF (.vector_26) <= (_vector_spacing << 0x5))), function at exception vector 26 too large)

.vector_27      0x9fc01560        0x8
 *(.vector_27)
 .vector_27     0x9fc01560        0x8 c:/program files (x86)/microchip/xc32/v1.40/bin/bin/../../lib/gcc/pic32mx/4.8.3/../../../../pic32mx/lib\libpic32.a(vector27.o)
                0x9fc01560                __vector_dispatch_27
                0x00000001                ASSERT (((_vector_spacing == 0x0) || (SIZEOF (.vector_27) <= (_vector_spacing << 0x5))), function at exception vector 27 too large)

.vector_28      0x9fc01580        0x8
 *(.vector_28)
 .vector_28     0x9fc01580        0x8 c:/program files (x86)/microchip/xc32/v1.40/bin/bin/../../lib/gcc/pic32mx/4.8.3/../../../../pic32mx/lib\libpic32.a(vector28.o)
                0x9fc01580                __vector_dispatch_28
                0x00000001                ASSERT (((_vector_spacing == 0x0) || (SIZEOF (.vector_28) <= (_vector_spacing << 0x5))), function at exception vector 28 too large)

.vector_29      0x9fc015a0        0x8
 *(.vector_29)
 .vector_29     0x9fc015a0        0x8 c:/program files (x86)/microchip/xc32/v1.40/bin/bin/../../lib/gcc/pic32mx/4.8.3/../../../../pic32mx/lib\libpic32.a(vector29.o)
                0x9fc015a0                __vector_dispatch_29
                0x00000001                ASSERT (((_vector_spacing == 0x0) || (SIZEOF (.vector_29) <= (_vector_spacing << 0x5))), function at exception vector 29 too large)

.vector_30      0x9fc015c0        0x8
 *(.vector_30)
 .vector_30     0x9fc015c0        0x8 c:/program files (x86)/microchip/xc32/v1.40/bin/bin/../../lib/gcc/pic32mx/4.8.3/../../../../pic32mx/lib\libpic32.a(vector30.o)
                0x9fc015c0                __vector_dispatch_30
                0x00000001                ASSERT (((_vector_spacing == 0x0) || (SIZEOF (.vector_30) <= (_vector_spacing << 0x5))), function at exception vector 30 too large)

.vector_31      0x9fc015e0        0x8
 *(.vector_31)
 .vector_31     0x9fc015e0        0x8 c:/program files (x86)/microchip/xc32/v1.40/bin/bin/../../lib/gcc/pic32mx/4.8.3/../../../../pic32mx/lib\libpic32.a(vector31.o)
                0x9fc015e0                __vector_dispatch_31
                0x00000001                ASSERT (((_vector_spacing == 0x0) || (SIZEOF (.vector_31) <= (_vector_spacing << 0x5))), function at exception vector 31 too large)

.vector_32      0x9fc01600        0x8
 *(.vector_32)
 .vector_32     0x9fc01600        0x8 c:/program files (x86)/microchip/xc32/v1.40/bin/bin/../../lib/gcc/pic32mx/4.8.3/../../../../pic32mx/lib\libpic32.a(vector32.o)
                0x9fc01600                __vector_dispatch_32
                0x00000001                ASSERT (((_vector_spacing == 0x0) || (SIZEOF (.vector_32) <= (_vector_spacing << 0x5))), function at exception vector 32 too large)

.vector_33      0x9fc01620        0x8
 *(.vector_33)
 .vector_33     0x9fc01620        0x8 c:/program files (x86)/microchip/xc32/v1.40/bin/bin/../../lib/gcc/pic32mx/4.8.3/../../../../pic32mx/lib\libpic32.a(vector33.o)
                0x9fc01620                __vector_dispatch_33
                0x00000001                ASSERT (((_vector_spacing == 0x0) || (SIZEOF (.vector_33) <= (_vector_spacing << 0x5))), function at exception vector 33 too large)

.vector_34      0x9fc01640        0x8
 *(.vector_34)
 .vector_34     0x9fc01640        0x8 c:/program files (x86)/microchip/xc32/v1.40/bin/bin/../../lib/gcc/pic32mx/4.8.3/../../../../pic32mx/lib\libpic32.a(vector34.o)
                0x9fc01640                __vector_dispatch_34
                0x00000001                ASSERT (((_vector_spacing == 0x0) || (SIZEOF (.vector_34) <= (_vector_spacing << 0x5))), function at exception vector 34 too large)

.vector_35      0x9fc01660        0x8
 *(.vector_35)
 .vector_35     0x9fc01660        0x8 c:/program files (x86)/microchip/xc32/v1.40/bin/bin/../../lib/gcc/pic32mx/4.8.3/../../../../pic32mx/lib\libpic32.a(vector35.o)
                0x9fc01660                __vector_dispatch_35
                0x00000001                ASSERT (((_vector_spacing == 0x0) || (SIZEOF (.vector_35) <= (_vector_spacing << 0x5))), function at exception vector 35 too large)

.vector_36      0x9fc01680        0x8
 *(.vector_36)
 .vector_36     0x9fc01680        0x8 c:/program files (x86)/microchip/xc32/v1.40/bin/bin/../../lib/gcc/pic32mx/4.8.3/../../../../pic32mx/lib\libpic32.a(vector36.o)
                0x9fc01680                __vector_dispatch_36
                0x00000001                ASSERT (((_vector_spacing == 0x0) || (SIZEOF (.vector_36) <= (_vector_spacing << 0x5))), function at exception vector 36 too large)

.vector_37      0x9fc016a0        0x8
 *(.vector_37)
 .vector_37     0x9fc016a0        0x8 c:/program files (x86)/microchip/xc32/v1.40/bin/bin/../../lib/gcc/pic32mx/4.8.3/../../../../pic32mx/lib\libpic32.a(vector37.o)
                0x9fc016a0                __vector_dispatch_37
                0x00000001                ASSERT (((_vector_spacing == 0x0) || (SIZEOF (.vector_37) <= (_vector_spacing << 0x5))), function at exception vector 37 too large)

.vector_38      0x9fc016c0        0x8
 *(.vector_38)
 .vector_38     0x9fc016c0        0x8 c:/program files (x86)/microchip/xc32/v1.40/bin/bin/../../lib/gcc/pic32mx/4.8.3/../../../../pic32mx/lib\libpic32.a(vector38.o)
                0x9fc016c0                __vector_dispatch_38
                0x00000001                ASSERT (((_vector_spacing == 0x0) || (SIZEOF (.vector_38) <= (_vector_spacing << 0x5))), function at exception vector 38 too large)

.vector_39      0x9fc016e0        0x8
 *(.vector_39)
 .vector_39     0x9fc016e0        0x8 c:/program files (x86)/microchip/xc32/v1.40/bin/bin/../../lib/gcc/pic32mx/4.8.3/../../../../pic32mx/lib\libpic32.a(vector39.o)
                0x9fc016e0                __vector_dispatch_39
                0x00000001                ASSERT (((_vector_spacing == 0x0) || (SIZEOF (.vector_39) <= (_vector_spacing << 0x5))), function at exception vector 39 too large)

.vector_40      0x9fc01700        0x8
 *(.vector_40)
 .vector_40     0x9fc01700        0x8 c:/program files (x86)/microchip/xc32/v1.40/bin/bin/../../lib/gcc/pic32mx/4.8.3/../../../../pic32mx/lib\libpic32.a(vector40.o)
                0x9fc01700                __vector_dispatch_40
                0x00000001                ASSERT (((_vector_spacing == 0x0) || (SIZEOF (.vector_40) <= (_vector_spacing << 0x5))), function at exception vector 40 too large)

.vector_41      0x9fc01720        0x8
 *(.vector_41)
 .vector_41     0x9fc01720        0x8 c:/program files (x86)/microchip/xc32/v1.40/bin/bin/../../lib/gcc/pic32mx/4.8.3/../../../../pic32mx/lib\libpic32.a(vector41.o)
                0x9fc01720                __vector_dispatch_41
                0x00000001                ASSERT (((_vector_spacing == 0x0) || (SIZEOF (.vector_41) <= (_vector_spacing << 0x5))), function at exception vector 41 too large)

.vector_42      0x9fc01740        0x8
 *(.vector_42)
 .vector_42     0x9fc01740        0x8 c:/program files (x86)/microchip/xc32/v1.40/bin/bin/../../lib/gcc/pic32mx/4.8.3/../../../../pic32mx/lib\libpic32.a(vector42.o)
                0x9fc01740                __vector_dispatch_42
                0x00000001                ASSERT (((_vector_spacing == 0x0) || (SIZEOF (.vector_42) <= (_vector_spacing << 0x5))), function at exception vector 42 too large)

.vector_43      0x9fc01760        0x8
 *(.vector_43)
 .vector_43     0x9fc01760        0x8 c:/program files (x86)/microchip/xc32/v1.40/bin/bin/../../lib/gcc/pic32mx/4.8.3/../../../../pic32mx/lib\libpic32.a(vector43.o)
                0x9fc01760                __vector_dispatch_43
                0x00000001                ASSERT (((_vector_spacing == 0x0) || (SIZEOF (.vector_43) <= (_vector_spacing << 0x5))), function at exception vector 43 too large)

.vector_44      0x9fc01780        0x8
 *(.vector_44)
 .vector_44     0x9fc01780        0x8 c:/program files (x86)/microchip/xc32/v1.40/bin/bin/../../lib/gcc/pic32mx/4.8.3/../../../../pic32mx/lib\libpic32.a(vector44.o)
                0x9fc01780                __vector_dispatch_44
                0x00000001                ASSERT (((_vector_spacing == 0x0) || (SIZEOF (.vector_44) <= (_vector_spacing << 0x5))), function at exception vector 44 too large)

.vector_45      0x9fc017a0        0x8
 *(.vector_45)
 .vector_45     0x9fc017a0        0x8 c:/program files (x86)/microchip/xc32/v1.40/bin/bin/../../lib/gcc/pic32mx/4.8.3/../../../../pic32mx/lib\libpic32.a(vector45.o)
                0x9fc017a0                __vector_dispatch_45
                0x00000001                ASSERT (((_vector_spacing == 0x0) || (SIZEOF (.vector_45) <= (_vector_spacing << 0x5))), function at exception vector 45 too large)

.vector_46      0x9fc017c0        0x8
 *(.vector_46)
 .vector_46     0x9fc017c0        0x8 c:/program files (x86)/microchip/xc32/v1.40/bin/bin/../../lib/gcc/pic32mx/4.8.3/../../../../pic32mx/lib\libpic32.a(vector46.o)
                0x9fc017c0                __vector_dispatch_46
                0x00000001                ASSERT (((_vector_spacing == 0x0) || (SIZEOF (.vector_46) <= (_vector_spacing << 0x5))), function at exception vector 46 too large)

.vector_47      0x9fc017e0        0x8
 *(.vector_47)
 .vector_47     0x9fc017e0        0x8 c:/program files (x86)/microchip/xc32/v1.40/bin/bin/../../lib/gcc/pic32mx/4.8.3/../../../../pic32mx/lib\libpic32.a(vector47.o)
                0x9fc017e0                __vector_dispatch_47
                0x00000001                ASSERT (((_vector_spacing == 0x0) || (SIZEOF (.vector_47) <= (_vector_spacing << 0x5))), function at exception vector 47 too large)

.vector_48      0x9fc01800        0x8
 *(.vector_48)
 .vector_48     0x9fc01800        0x8 c:/program files (x86)/microchip/xc32/v1.40/bin/bin/../../lib/gcc/pic32mx/4.8.3/../../../../pic32mx/lib\libpic32.a(vector48.o)
                0x9fc01800                __vector_dispatch_48
                0x00000001                ASSERT (((_vector_spacing == 0x0) || (SIZEOF (.vector_48) <= (_vector_spacing << 0x5))), function at exception vector 48 too large)

.vector_49      0x9fc01820        0x8
 *(.vector_49)
 .vector_49     0x9fc01820        0x8 c:/program files (x86)/microchip/xc32/v1.40/bin/bin/../../lib/gcc/pic32mx/4.8.3/../../../../pic32mx/lib\libpic32.a(vector49.o)
                0x9fc01820                __vector_dispatch_49
                0x00000001                ASSERT (((_vector_spacing == 0x0) || (SIZEOF (.vector_49) <= (_vector_spacing << 0x5))), function at exception vector 49 too large)

.vector_50      0x9fc01840        0x8
 *(.vector_50)
 .vector_50     0x9fc01840        0x8 c:/program files (x86)/microchip/xc32/v1.40/bin/bin/../../lib/gcc/pic32mx/4.8.3/../../../../pic32mx/lib\libpic32.a(vector50.o)
                0x9fc01840                __vector_dispatch_50
                0x00000001                ASSERT (((_vector_spacing == 0x0) || (SIZEOF (.vector_50) <= (_vector_spacing << 0x5))), function at exception vector 50 too large)

.vector_51      0x9fc01860        0x8
 *(.vector_51)
 .vector_51     0x9fc01860        0x8 c:/program files (x86)/microchip/xc32/v1.40/bin/bin/../../lib/gcc/pic32mx/4.8.3/../../../../pic32mx/lib\libpic32.a(vector51.o)
                0x9fc01860                __vector_dispatch_51
                0x00000001                ASSERT (((_vector_spacing == 0x0) || (SIZEOF (.vector_51) <= (_vector_spacing << 0x5))), function at exception vector 51 too large)

.vector_52      0x9fc01880        0x0
 *(.vector_52)
                0x00000001                ASSERT (((_vector_spacing == 0x0) || (SIZEOF (.vector_52) <= (_vector_spacing << 0x5))), function at exception vector 52 too large)

.vector_53      0x9fc018a0        0x0
 *(.vector_53)
                0x00000001                ASSERT (((_vector_spacing == 0x0) || (SIZEOF (.vector_53) <= (_vector_spacing << 0x5))), function at exception vector 53 too large)

.vector_54      0x9fc018c0        0x0
 *(.vector_54)
                0x00000001                ASSERT (((_vector_spacing == 0x0) || (SIZEOF (.vector_54) <= (_vector_spacing << 0x5))), function at exception vector 54 too large)

.vector_55      0x9fc018e0        0x0
 *(.vector_55)
                0x00000001                ASSERT (((_vector_spacing == 0x0) || (SIZEOF (.vector_55) <= (_vector_spacing << 0x5))), function at exception vector 55 too large)

.vector_56      0x9fc01900        0x0
 *(.vector_56)
                0x00000001                ASSERT (((_vector_spacing == 0x0) || (SIZEOF (.vector_56) <= (_vector_spacing << 0x5))), function at exception vector 56 too large)

.vector_57      0x9fc01920        0x0
 *(.vector_57)
                0x00000001                ASSERT (((_vector_spacing == 0x0) || (SIZEOF (.vector_57) <= (_vector_spacing << 0x5))), function at exception vector 57 too large)

.vector_58      0x9fc01940        0x0
 *(.vector_58)
                0x00000001                ASSERT (((_vector_spacing == 0x0) || (SIZEOF (.vector_58) <= (_vector_spacing << 0x5))), function at exception vector 58 too large)

.vector_59      0x9fc01960        0x0
 *(.vector_59)
                0x00000001                ASSERT (((_vector_spacing == 0x0) || (SIZEOF (.vector_59) <= (_vector_spacing << 0x5))), function at exception vector 59 too large)

.vector_60      0x9fc01980        0x0
 *(.vector_60)
                0x00000001                ASSERT (((_vector_spacing == 0x0) || (SIZEOF (.vector_60) <= (_vector_spacing << 0x5))), function at exception vector 60 too large)

.vector_61      0x9fc019a0        0x0
 *(.vector_61)
                0x00000001                ASSERT (((_vector_spacing == 0x0) || (SIZEOF (.vector_61) <= (_vector_spacing << 0x5))), function at exception vector 61 too large)

.vector_62      0x9fc019c0        0x0
 *(.vector_62)
                0x00000001                ASSERT (((_vector_spacing == 0x0) || (SIZEOF (.vector_62) <= (_vector_spacing << 0x5))), function at exception vector 62 too large)

.vector_63      0x9fc019e0        0x0
 *(.vector_63)
                0x00000001                ASSERT (((_vector_spacing == 0x0) || (SIZEOF (.vector_63) <= (_vector_spacing << 0x5))), function at exception vector 63 too large)

.startup
 *(.startup)

.text           0x9d000000        0x0
 *(.stub .gnu.linkonce.t.*)
 *(.text.*personality*)
 *(.mips16.fn.*)
 *(.mips16.call.*)
 *(.gnu.warning)
                0x9d000000                . = ALIGN (0x4)

.init           0x9d000000        0x0
 *crti.o(.init)
 *crtbegin.o(.init)
 *(EXCLUDE_FILE(*crtn.o *crtend?.o *crtend.o) .init)
 *crtend.o(.init)
 *crtn.o(.init)
                0x9d000000                . = ALIGN (0x4)

.fini           0x9d000000        0x0
 *(.fini)
                0x9d000000                . = ALIGN (0x4)

.preinit_array  0x9d000000        0x0
                0x9d000000                PROVIDE (__preinit_array_start, .)
 *(.preinit_array)
                0x9d000000                PROVIDE (__preinit_array_end, .)
                0x9d000000                . = ALIGN (0x4)

.init_array     0x9d000000        0x0
                0x9d000000                PROVIDE (__init_array_start, .)
 *(SORT(.init_array.*))
 *(.init_array)
                0x9d000000                PROVIDE (__init_array_end, .)
                0x9d000000                . = ALIGN (0x4)

.fini_array     0x9d000000        0x0
                0x9d000000                PROVIDE (__fini_array_start, .)
 *(SORT(.fini_array.*))
 *(.fini_array)
                0x9d000000                PROVIDE (__fini_array_end, .)
                0x9d000000                . = ALIGN (0x4)

.ctors          0x9d000000        0x0
 *crtbegin.o(.ctors)
 *crtbegin?.o(.ctors)
 *(EXCLUDE_FILE(*crtend?.o *crtend.o) .ctors)
 *(SORT(.ctors.*))
 *(.ctors)
                0x9d000000                . = ALIGN (0x4)

.dtors          0x9d000000        0x0
 *crtbegin.o(.dtors)
 *crtbegin?.o(.dtors)
 *(EXCLUDE_FILE(*crtend?.o *crtend.o) .dtors)
 *(SORT(.dtors.*))
 *(.dtors)
                0x9d000000                . = ALIGN (0x4)

.rodata         0x9d000000        0x0
 *(.gnu.linkonce.r.*)
 *(.rodata1)
                0x9d000000                . = ALIGN (0x4)

.sdata2         0x9fc00490        0x0
 *(.sdata2 .sdata2.* .gnu.linkonce.s2.*)
                0x9fc00490                . = ALIGN (0x4)

.sbss2          0x9fc00490        0x0
 *(.sbss2 .sbss2.* .gnu.linkonce.sb2.*)
                0x9fc00490                . = ALIGN (0x4)

.eh_frame_hdr
 *(.eh_frame_hdr)
                0x9fc00490                . = ALIGN (0x4)

.eh_frame
 *(.eh_frame)
                0x9fc00490                . = ALIGN (0x4)

.gcc_except_table
 *(.gcc_except_table .gcc_except_table.*)
                0x9fc00490                . = ALIGN (0x4)

.dbg_data       0xa0000000      0x200
                0xa0000000                . = (. + DEFINED (_DEBUGGER)?0x200:0x0)
 *fill*         0xa0000000      0x200 

.jcr            0xa0000200        0x0
 *(.jcr)
                0xa0000200                . = ALIGN (0x4)

.eh_frame
 *(.eh_frame)
                0xa0000200                . = ALIGN (0x4)

.gcc_except_table
 *(.gcc_except_table .gcc_except_table.*)
                0xa0000200                . = ALIGN (0x4)

.persist        0xa0000200        0x0
                0xa0000200                _persist_begin = .
 *(.persist .persist.*)
 *(.pbss .pbss.*)
                0xa0000200                . = ALIGN (0x4)
                0xa0000200                _persist_end = .

.data           0xa0000200        0x0
 *(.gnu.linkonce.d.*)
 *(.data1)
                0xa0000200                . = ALIGN (0x4)
                0xa0000200                . = .
                0xa00081f0                _gp = (ALIGN (0x10) + 0x7ff0)

.got            0xa0000200        0x0
 *(.got.plt)
 *(.got)
                0xa0000200                . = ALIGN (0x4)

.sdata          0xa0000200        0x8
                0xa0000200                _sdata_begin = .
 *(.sdata .sdata.* .gnu.linkonce.s.*)
 .sdata         0xa0000200        0x4 build/default/debug/_ext/142385888/tasks.o
                0xa0000200                xNextTaskUnblockTime
 .sdata         0xa0000204        0x4 build/default/debug/_ext/1035289430/port.o
                0xa0000204                uxInterruptNesting
                0xa0000208                . = ALIGN (0x4)
                0xa0000208                _sdata_end = .

.lit8
 *(.lit8)

.lit4
 *(.lit4)
                0xa0000208                . = ALIGN (0x4)
                0xa0000208                _data_end = .
                0xa0000208                _bss_begin = .

.sbss           0xa0000208       0x7c
                0xa0000208                _sbss_begin = .
 *(.dynsbss)
 *(.sbss .sbss.* .gnu.linkonce.sb.*)
 .sbss          0xa0000208        0x4 build/default/debug/_ext/1360937237/timer.o
                0xa0000208                ticks
 .sbss          0xa000020c       0x2c build/default/debug/_ext/142385888/tasks.o
                0xa000020c                pxCurrentTCB
                0xa0000210                uxTasksDeleted
                0xa0000214                uxCurrentNumberOfTasks
                0xa0000218                xTickCount
                0xa000021c                uxTopReadyPriority
                0xa0000220                xSchedulerRunning
                0xa0000224                uxPendedTicks
                0xa0000228                xYieldPending
                0xa000022c                xNumOfOverflows
                0xa0000230                uxTaskNumber
                0xa0000234                uxSchedulerSuspended
 .sbss          0xa0000238       0x10 build/default/debug/_ext/142385888/timers.o
 .sbss          0xa0000248        0x8 build/default/debug/_ext/1936836093/heap_1.o
 .sbss          0xa0000250        0x4 build/default/debug/_ext/1035289430/port.o
                0xa0000250                uxSavedTaskStackPointer
 .sbss          0xa0000254        0xc build/default/debug/_ext/1688732426/system_exceptions.o
 *(.scommon)
 .scommon       0xa0000260        0x8 build/default/debug/_ext/1360937237/app.o
                0xa0000260                d
                0xa0000264                step
 .scommon       0xa0000268        0x8 build/default/debug/_ext/1360937237/debugging_task.o
                0xa0000268                debugging_taskData
 .scommon       0xa0000270        0x0 build/default/debug/_ext/1360937237/messaging_task.o
 .scommon       0xa0000270        0x0 build/default/debug/_ext/1360937237/timer.o
 .scommon       0xa0000270        0x8 build/default/debug/_ext/509762241/sys_devcon.o
                0xa0000270                sysDevconObj
 .scommon       0xa0000278        0x8 build/default/debug/_ext/142385888/tasks.o
                0xa0000278                pxDelayedTaskList
                0xa000027c                pxOverflowDelayedTaskList
 .scommon       0xa0000280        0x0 build/default/debug/_ext/1345626252/drv_usart_static.o
 .scommon       0xa0000280        0x0 build/default/debug/_ext/639803181/sys_clk_static.o
 .scommon       0xa0000280        0x4 build/default/debug/_ext/1688732426/system_init.o
                0xa0000280                sysObj
 .scommon       0xa0000284        0x0 build/default/debug/_ext/1688732426/system_interrupt.o
 .scommon       0xa0000284        0x0 build/default/debug/_ext/1688732426/system_exceptions.o
 .scommon       0xa0000284        0x0 build/default/debug/_ext/1688732426/system_tasks.o
                0xa0000284                _sbss_end = .
                0xa0000284                . = ALIGN (0x4)

.bss            0xa0000284      0x114
 *(.dynbss)
 *(COMMON)
 COMMON         0xa0000284       0x22 build/default/debug/_ext/1360937237/app.o
                0xa0000284                appData
                0xa000029c                msgFormat
 *fill*         0xa00002a6        0x2 
 COMMON         0xa00002a8       0x28 build/default/debug/_ext/1360937237/messaging_task.o
                0xa00002a8                msg_taskData
                0xa00002b4                msg_Format
 COMMON         0xa00002d0       0xc8 build/default/debug/_ext/142385888/tasks.o
                0xa00002d0                pxReadyTasksLists
                0xa0000334                xPendingReadyList
                0xa0000348                xTasksWaitingTermination
                0xa000035c                xSuspendedTaskList
                0xa0000370                xDelayedTaskList2
                0xa0000384                xDelayedTaskList1
                0xa0000398                . = ALIGN ((. != 0x0)?0x4:0x1)
                0xa0000398                . = ALIGN (0x4)
                0xa0000398                _end = .
                0xa0000398                _bss_end = .
                0x00020000                _bmxdudba_address = 0x20000
                0x00020000                _bmxdupba_address = 0x20000

/DISCARD/
 *(.pdr)
 *(.rel.dyn)
 *(.note.GNU-stack)
 *(.note.GNU-stack)
 *(.gnu_debuglink)
 *(.gnu.lto_*)
 *(.discard)

.gptab.sdata
 *(.gptab.data)
 *(.gptab.sdata)

.gptab.sbss
 *(.gptab.bss)
 *(.gptab.sbss)

.mdebug.abi32   0xa0000398        0x0
 *(.mdebug.abi32)
 .mdebug.abi32  0xa0000398        0x0 c:/program files (x86)/microchip/xc32/v1.40/bin/bin/../../lib/gcc/pic32mx/4.8.3/../../../../pic32mx/lib\software-debug-break.o
 .mdebug.abi32  0xa0000398        0x0 build/default/debug/_ext/1360937237/app.o
 .mdebug.abi32  0xa0000398        0x0 build/default/debug/_ext/1360937237/main.o
 .mdebug.abi32  0xa0000398        0x0 build/default/debug/_ext/1360937237/debugging_task.o
 .mdebug.abi32  0xa0000398        0x0 build/default/debug/_ext/1360937237/messaging_task.o
 .mdebug.abi32  0xa0000398        0x0 build/default/debug/_ext/1360937237/timer.o
 .mdebug.abi32  0xa0000398        0x0 build/default/debug/_ext/467624261/osal_freertos.o
 .mdebug.abi32  0xa0000398        0x0 build/default/debug/_ext/509762241/sys_devcon.o
 .mdebug.abi32  0xa0000398        0x0 build/default/debug/_ext/509762241/sys_devcon_pic32mx.o
 .mdebug.abi32  0xa0000398        0x0 build/default/debug/_ext/617995141/sys_int_pic32.o
 .mdebug.abi32  0xa0000398        0x0 build/default/debug/_ext/933165592/sys_ports.o
 .mdebug.abi32  0xa0000398        0x0 build/default/debug/_ext/142385888/croutine.o
 .mdebug.abi32  0xa0000398        0x0 build/default/debug/_ext/142385888/list.o
 .mdebug.abi32  0xa0000398        0x0 build/default/debug/_ext/142385888/queue.o
 .mdebug.abi32  0xa0000398        0x0 build/default/debug/_ext/142385888/tasks.o
 .mdebug.abi32  0xa0000398        0x0 build/default/debug/_ext/142385888/timers.o
 .mdebug.abi32  0xa0000398        0x0 build/default/debug/_ext/142385888/event_groups.o
 .mdebug.abi32  0xa0000398        0x0 build/default/debug/_ext/1936836093/heap_1.o
 .mdebug.abi32  0xa0000398        0x0 build/default/debug/_ext/1035289430/port.o
 .mdebug.abi32  0xa0000398        0x0 build/default/debug/_ext/1345626252/drv_usart_static.o
 .mdebug.abi32  0xa0000398        0x0 build/default/debug/_ext/639803181/sys_clk_static.o
 .mdebug.abi32  0xa0000398        0x0 build/default/debug/_ext/822048611/sys_ports_static.o
 .mdebug.abi32  0xa0000398        0x0 build/default/debug/_ext/1688732426/system_init.o
 .mdebug.abi32  0xa0000398        0x0 build/default/debug/_ext/1688732426/system_interrupt.o
 .mdebug.abi32  0xa0000398        0x0 build/default/debug/_ext/1688732426/system_exceptions.o
 .mdebug.abi32  0xa0000398        0x0 build/default/debug/_ext/1688732426/system_tasks.o
 .mdebug.abi32  0xa0000398        0x0 build/default/debug/_ext/1688732426/rtos_hooks.o
 .mdebug.abi32  0xa0000398        0x0 c:/program files (x86)/microchip/xc32/v1.40/bin/bin/../../lib/gcc/pic32mx/4.8.3/../../../../pic32mx/lib\libpic32.a(default-bootstrap-exception-handler.o)
 .mdebug.abi32  0xa0000398        0x0 c:/program files (x86)/microchip/xc32/v1.40/bin/bin/../../lib/gcc/pic32mx/4.8.3/../../../../pic32mx/lib\libpic32.a(default-on-reset.o)
 .mdebug.abi32  0xa0000398        0x0 c:/program files (x86)/microchip/xc32/v1.40/bin/bin/../../lib/gcc/pic32mx/4.8.3/../../../../pic32mx/lib\libpic32.a(default-on-bootstrap.o)
 .mdebug.abi32  0xa0000398        0x0 c:/program files (x86)/microchip/xc32/v1.40/bin/bin/../../lib/gcc/pic32mx/4.8.3/../../../../pic32mx/lib\libpic32.a(defaultinterrupt.o)

.mdebug.abiN32
 *(.mdebug.abiN32)

.mdebug.abi64
 *(.mdebug.abi64)

.mdebug.abiO64
 *(.mdebug.abiO64)

.mdebug.eabi32
 *(.mdebug.eabi32)

.mdebug.eabi64
 *(.mdebug.eabi64)

.gcc_compiled_long32
 *(.gcc_compiled_long32)

.gcc_compiled_long64
 *(.gcc_compiled_long64)

.stab
 *(.stab)

.stabstr
 *(.stabstr)

.stab.excl
 *(.stab.excl)

.stab.exclstr
 *(.stab.exclstr)

.stab.index
 *(.stab.index)

.stab.indexstr
 *(.stab.indexstr)

.comment        0x00000000       0x6c
 *(.comment)
 .comment       0x00000000       0x3c c:/program files (x86)/microchip/xc32/v1.40/bin/bin/../../lib/gcc/pic32mx/4.8.3/../../../../pic32mx/lib\software-debug-break.o
                                 0x3d (size before relaxing)
 .comment       0x00000000       0x3d build/default/debug/_ext/1360937237/app.o
 .comment       0x00000000       0x3d build/default/debug/_ext/1360937237/main.o
 .comment       0x00000000       0x3d build/default/debug/_ext/1360937237/debugging_task.o
 .comment       0x00000000       0x3d build/default/debug/_ext/1360937237/messaging_task.o
 .comment       0x00000000       0x3d build/default/debug/_ext/1360937237/timer.o
 .comment       0x00000000       0x3d build/default/debug/_ext/467624261/osal_freertos.o
 .comment       0x00000000       0x3d build/default/debug/_ext/509762241/sys_devcon.o
 .comment       0x00000000       0x3d build/default/debug/_ext/509762241/sys_devcon_pic32mx.o
 .comment       0x00000000       0x3d build/default/debug/_ext/617995141/sys_int_pic32.o
 .comment       0x00000000       0x3d build/default/debug/_ext/933165592/sys_ports.o
 .comment       0x00000000       0x3d build/default/debug/_ext/142385888/croutine.o
 .comment       0x00000000       0x3d build/default/debug/_ext/142385888/list.o
 .comment       0x00000000       0x3d build/default/debug/_ext/142385888/queue.o
 .comment       0x00000000       0x3d build/default/debug/_ext/142385888/tasks.o
 .comment       0x00000000       0x3d build/default/debug/_ext/142385888/timers.o
 .comment       0x00000000       0x3d build/default/debug/_ext/142385888/event_groups.o
 .comment       0x00000000       0x3d build/default/debug/_ext/1936836093/heap_1.o
 .comment       0x00000000       0x3d build/default/debug/_ext/1035289430/port.o
 .comment       0x00000000       0x3d build/default/debug/_ext/1345626252/drv_usart_static.o
 .comment       0x00000000       0x3d build/default/debug/_ext/639803181/sys_clk_static.o
 .comment       0x00000000       0x3d build/default/debug/_ext/822048611/sys_ports_static.o
 .comment       0x00000000       0x3d build/default/debug/_ext/1688732426/system_init.o
 .comment       0x00000000       0x3d build/default/debug/_ext/1688732426/system_interrupt.o
 .comment       0x00000000       0x3d build/default/debug/_ext/1688732426/system_exceptions.o
 .comment       0x00000000       0x3d build/default/debug/_ext/1688732426/system_tasks.o
 .comment       0x00000000       0x3d build/default/debug/_ext/1688732426/rtos_hooks.o
 .comment       0x0000003c       0x18 c:/program files (x86)/microchip/xc32/v1.40/bin/bin/../../lib/gcc/pic32mx/4.8.3/../../../../pic32mx/lib\libpic32.a(memset.o)
                                 0x19 (size before relaxing)
 .comment       0x00000000       0x3d c:/program files (x86)/microchip/xc32/v1.40/bin/bin/../../lib/gcc/pic32mx/4.8.3/../../../../pic32mx/lib\libpic32.a(default-bootstrap-exception-handler.o)
 .comment       0x00000000       0x3d c:/program files (x86)/microchip/xc32/v1.40/bin/bin/../../lib/gcc/pic32mx/4.8.3/../../../../pic32mx/lib\libpic32.a(default-on-reset.o)
 .comment       0x00000000       0x3d c:/program files (x86)/microchip/xc32/v1.40/bin/bin/../../lib/gcc/pic32mx/4.8.3/../../../../pic32mx/lib\libpic32.a(default-on-bootstrap.o)
 .comment       0x00000054       0x18 c:/program files (x86)/microchip/xc32/v1.40/bin/bin/../../lib/gcc/pic32mx/4.8.3/../../../../pic32mx/lib\libpic32.a(memcmp.o)
                                 0x19 (size before relaxing)
 .comment       0x00000000       0x3d c:/program files (x86)/microchip/xc32/v1.40/bin/bin/../../lib/gcc/pic32mx/4.8.3/../../../../pic32mx/lib\libpic32.a(defaultinterrupt.o)

.debug
 *(.debug)

.line
 *(.line)

.debug_srcinfo
 *(.debug_srcinfo)

.debug_sfnames
 *(.debug_sfnames)

.debug_aranges  0x00000000      0x9b8
 *(.debug_aranges)
 .debug_aranges
                0x00000000       0x20 c:/program files (x86)/microchip/xc32/v1.40/bin/bin/../../lib/gcc/pic32mx/4.8.3/../../../../pic32mx/lib\software-debug-break.o
 .debug_aranges
                0x00000020       0x30 build/default/debug/_ext/1360937237/app.o
 .debug_aranges
                0x00000050       0x20 build/default/debug/_ext/1360937237/main.o
 .debug_aranges
                0x00000070       0x48 build/default/debug/_ext/1360937237/debugging_task.o
 .debug_aranges
                0x000000b8       0x50 build/default/debug/_ext/1360937237/messaging_task.o
 .debug_aranges
                0x00000108       0x20 build/default/debug/_ext/1360937237/timer.o
 .debug_aranges
                0x00000128       0x88 build/default/debug/_ext/467624261/osal_freertos.o
 .debug_aranges
                0x000001b0       0x78 build/default/debug/_ext/509762241/sys_devcon.o
 .debug_aranges
                0x00000228       0x20 build/default/debug/_ext/509762241/sys_devcon_pic32mx.o
 .debug_aranges
                0x00000248       0x48 build/default/debug/_ext/617995141/sys_int_pic32.o
 .debug_aranges
                0x00000290       0xf8 build/default/debug/_ext/933165592/sys_ports.o
 .debug_aranges
                0x00000388       0x18 build/default/debug/_ext/142385888/croutine.o
 .debug_aranges
                0x000003a0       0x40 build/default/debug/_ext/142385888/list.o
 .debug_aranges
                0x000003e0       0xb8 build/default/debug/_ext/142385888/queue.o
 .debug_aranges
                0x00000498      0x1a0 build/default/debug/_ext/142385888/tasks.o
 .debug_aranges
                0x00000638       0x70 build/default/debug/_ext/142385888/timers.o
 .debug_aranges
                0x000006a8       0x60 build/default/debug/_ext/142385888/event_groups.o
 .debug_aranges
                0x00000708       0x38 build/default/debug/_ext/1936836093/heap_1.o
 .debug_aranges
                0x00000740       0x58 build/default/debug/_ext/1035289430/port.o
 .debug_aranges
                0x00000798       0x20 build/default/debug/_ext/1035289430/port_asm.o
 .debug_aranges
                0x000007b8       0x38 build/default/debug/_ext/1345626252/drv_usart_static.o
 .debug_aranges
                0x000007f0       0x38 build/default/debug/_ext/639803181/sys_clk_static.o
 .debug_aranges
                0x00000828       0x20 build/default/debug/_ext/822048611/sys_ports_static.o
 .debug_aranges
                0x00000848       0x20 build/default/debug/_ext/1688732426/system_init.o
 .debug_aranges
                0x00000868       0x20 build/default/debug/_ext/1688732426/system_interrupt.o
 .debug_aranges
                0x00000888       0x20 build/default/debug/_ext/1688732426/system_exceptions.o
 .debug_aranges
                0x000008a8       0x40 build/default/debug/_ext/1688732426/system_tasks.o
 .debug_aranges
                0x000008e8       0x28 build/default/debug/_ext/1688732426/system_interrupt_a.o
 .debug_aranges
                0x00000910       0x28 build/default/debug/_ext/1688732426/rtos_hooks.o
 .debug_aranges
                0x00000938       0x20 c:/program files (x86)/microchip/xc32/v1.40/bin/bin/../../lib/gcc/pic32mx/4.8.3/../../../../pic32mx/lib\libpic32.a(default-bootstrap-exception-handler.o)
 .debug_aranges
                0x00000958       0x20 c:/program files (x86)/microchip/xc32/v1.40/bin/bin/../../lib/gcc/pic32mx/4.8.3/../../../../pic32mx/lib\libpic32.a(default-on-reset.o)
 .debug_aranges
                0x00000978       0x20 c:/program files (x86)/microchip/xc32/v1.40/bin/bin/../../lib/gcc/pic32mx/4.8.3/../../../../pic32mx/lib\libpic32.a(default-on-bootstrap.o)
 .debug_aranges
                0x00000998       0x20 c:/program files (x86)/microchip/xc32/v1.40/bin/bin/../../lib/gcc/pic32mx/4.8.3/../../../../pic32mx/lib\libpic32.a(defaultinterrupt.o)

.debug_pubnames
 *(.debug_pubnames)

.debug_info     0x00000000    0x1c362
 *(.debug_info .gnu.linkonce.wi.*)
 .debug_info    0x00000000       0xd3 c:/program files (x86)/microchip/xc32/v1.40/bin/bin/../../lib/gcc/pic32mx/4.8.3/../../../../pic32mx/lib\software-debug-break.o
 .debug_info    0x000000d3      0xcf0 build/default/debug/_ext/1360937237/app.o
 .debug_info    0x00000dc3      0x1bd build/default/debug/_ext/1360937237/main.o
 .debug_info    0x00000f80      0xd8d build/default/debug/_ext/1360937237/debugging_task.o
 .debug_info    0x00001d0d     0x189d build/default/debug/_ext/1360937237/messaging_task.o
 .debug_info    0x000035aa      0x6b5 build/default/debug/_ext/1360937237/timer.o
 .debug_info    0x00003c5f      0xae0 build/default/debug/_ext/467624261/osal_freertos.o
 .debug_info    0x0000473f     0x10c3 build/default/debug/_ext/509762241/sys_devcon.o
 .debug_info    0x00005802      0xd8d build/default/debug/_ext/509762241/sys_devcon_pic32mx.o
 .debug_info    0x0000658f     0x15fc build/default/debug/_ext/617995141/sys_int_pic32.o
 .debug_info    0x00007b8b     0x3291 build/default/debug/_ext/933165592/sys_ports.o
 .debug_info    0x0000ae1c      0x1a7 build/default/debug/_ext/142385888/croutine.o
 .debug_info    0x0000afc3      0x4b0 build/default/debug/_ext/142385888/list.o
 .debug_info    0x0000b473     0x187f build/default/debug/_ext/142385888/queue.o
 .debug_info    0x0000ccf2     0x2a2d build/default/debug/_ext/142385888/tasks.o
 .debug_info    0x0000f71f     0x1544 build/default/debug/_ext/142385888/timers.o
 .debug_info    0x00010c63      0xd8b build/default/debug/_ext/142385888/event_groups.o
 .debug_info    0x000119ee      0x3b0 build/default/debug/_ext/1936836093/heap_1.o
 .debug_info    0x00011d9e     0x11e4 build/default/debug/_ext/1035289430/port.o
 .debug_info    0x00012f82       0xf5 build/default/debug/_ext/1035289430/port_asm.o
 .debug_info    0x00013077     0x3325 build/default/debug/_ext/1345626252/drv_usart_static.o
 .debug_info    0x0001639c     0x1013 build/default/debug/_ext/639803181/sys_clk_static.o
 .debug_info    0x000173af     0x1282 build/default/debug/_ext/822048611/sys_ports_static.o
 .debug_info    0x00018631      0xc33 build/default/debug/_ext/1688732426/system_init.o
 .debug_info    0x00019264     0x18a1 build/default/debug/_ext/1688732426/system_interrupt.o
 .debug_info    0x0001ab05      0x716 build/default/debug/_ext/1688732426/system_exceptions.o
 .debug_info    0x0001b21b      0xaf7 build/default/debug/_ext/1688732426/system_tasks.o
 .debug_info    0x0001bd12       0xad build/default/debug/_ext/1688732426/system_interrupt_a.o
 .debug_info    0x0001bdbf      0x267 build/default/debug/_ext/1688732426/rtos_hooks.o
 .debug_info    0x0001c026       0xe3 c:/program files (x86)/microchip/xc32/v1.40/bin/bin/../../lib/gcc/pic32mx/4.8.3/../../../../pic32mx/lib\libpic32.a(default-bootstrap-exception-handler.o)
 .debug_info    0x0001c109       0xbd c:/program files (x86)/microchip/xc32/v1.40/bin/bin/../../lib/gcc/pic32mx/4.8.3/../../../../pic32mx/lib\libpic32.a(default-on-reset.o)
 .debug_info    0x0001c1c6       0xc5 c:/program files (x86)/microchip/xc32/v1.40/bin/bin/../../lib/gcc/pic32mx/4.8.3/../../../../pic32mx/lib\libpic32.a(default-on-bootstrap.o)
 .debug_info    0x0001c28b       0xd7 c:/program files (x86)/microchip/xc32/v1.40/bin/bin/../../lib/gcc/pic32mx/4.8.3/../../../../pic32mx/lib\libpic32.a(defaultinterrupt.o)

.debug_abbrev   0x00000000     0x2e72
 *(.debug_abbrev)
 .debug_abbrev  0x00000000       0x28 c:/program files (x86)/microchip/xc32/v1.40/bin/bin/../../lib/gcc/pic32mx/4.8.3/../../../../pic32mx/lib\software-debug-break.o
 .debug_abbrev  0x00000028      0x1c8 build/default/debug/_ext/1360937237/app.o
 .debug_abbrev  0x000001f0       0x93 build/default/debug/_ext/1360937237/main.o
 .debug_abbrev  0x00000283      0x1d8 build/default/debug/_ext/1360937237/debugging_task.o
 .debug_abbrev  0x0000045b      0x23b build/default/debug/_ext/1360937237/messaging_task.o
 .debug_abbrev  0x00000696       0x87 build/default/debug/_ext/1360937237/timer.o
 .debug_abbrev  0x0000071d      0x1fe build/default/debug/_ext/467624261/osal_freertos.o
 .debug_abbrev  0x0000091b      0x2a1 build/default/debug/_ext/509762241/sys_devcon.o
 .debug_abbrev  0x00000bbc      0x16d build/default/debug/_ext/509762241/sys_devcon_pic32mx.o
 .debug_abbrev  0x00000d29      0x1ea build/default/debug/_ext/617995141/sys_int_pic32.o
 .debug_abbrev  0x00000f13      0x219 build/default/debug/_ext/933165592/sys_ports.o
 .debug_abbrev  0x0000112c       0x1b build/default/debug/_ext/142385888/croutine.o
 .debug_abbrev  0x00001147       0xf1 build/default/debug/_ext/142385888/list.o
 .debug_abbrev  0x00001238      0x2e0 build/default/debug/_ext/142385888/queue.o
 .debug_abbrev  0x00001518      0x2f9 build/default/debug/_ext/142385888/tasks.o
 .debug_abbrev  0x00001811      0x353 build/default/debug/_ext/142385888/timers.o
 .debug_abbrev  0x00001b64      0x29a build/default/debug/_ext/142385888/event_groups.o
 .debug_abbrev  0x00001dfe      0x13f build/default/debug/_ext/1936836093/heap_1.o
 .debug_abbrev  0x00001f3d      0x2cf build/default/debug/_ext/1035289430/port.o
 .debug_abbrev  0x0000220c       0x14 build/default/debug/_ext/1035289430/port_asm.o
 .debug_abbrev  0x00002220      0x220 build/default/debug/_ext/1345626252/drv_usart_static.o
 .debug_abbrev  0x00002440      0x209 build/default/debug/_ext/639803181/sys_clk_static.o
 .debug_abbrev  0x00002649      0x138 build/default/debug/_ext/822048611/sys_ports_static.o
 .debug_abbrev  0x00002781      0x1dd build/default/debug/_ext/1688732426/system_init.o
 .debug_abbrev  0x0000295e      0x1e5 build/default/debug/_ext/1688732426/system_interrupt.o
 .debug_abbrev  0x00002b43       0x8c build/default/debug/_ext/1688732426/system_exceptions.o
 .debug_abbrev  0x00002bcf      0x15a build/default/debug/_ext/1688732426/system_tasks.o
 .debug_abbrev  0x00002d29       0x12 build/default/debug/_ext/1688732426/system_interrupt_a.o
 .debug_abbrev  0x00002d3b       0x97 build/default/debug/_ext/1688732426/rtos_hooks.o
 .debug_abbrev  0x00002dd2       0x28 c:/program files (x86)/microchip/xc32/v1.40/bin/bin/../../lib/gcc/pic32mx/4.8.3/../../../../pic32mx/lib\libpic32.a(default-bootstrap-exception-handler.o)
 .debug_abbrev  0x00002dfa       0x28 c:/program files (x86)/microchip/xc32/v1.40/bin/bin/../../lib/gcc/pic32mx/4.8.3/../../../../pic32mx/lib\libpic32.a(default-on-reset.o)
 .debug_abbrev  0x00002e22       0x28 c:/program files (x86)/microchip/xc32/v1.40/bin/bin/../../lib/gcc/pic32mx/4.8.3/../../../../pic32mx/lib\libpic32.a(default-on-bootstrap.o)
 .debug_abbrev  0x00002e4a       0x28 c:/program files (x86)/microchip/xc32/v1.40/bin/bin/../../lib/gcc/pic32mx/4.8.3/../../../../pic32mx/lib\libpic32.a(defaultinterrupt.o)

.debug_line     0x00000000     0x6120
 *(.debug_line)
 .debug_line    0x00000000       0x8a c:/program files (x86)/microchip/xc32/v1.40/bin/bin/../../lib/gcc/pic32mx/4.8.3/../../../../pic32mx/lib\software-debug-break.o
 .debug_line    0x0000008a      0x26f build/default/debug/_ext/1360937237/app.o
 .debug_line    0x000002f9       0xcc build/default/debug/_ext/1360937237/main.o
 .debug_line    0x000003c5      0x3e9 build/default/debug/_ext/1360937237/debugging_task.o
 .debug_line    0x000007ae      0x406 build/default/debug/_ext/1360937237/messaging_task.o
 .debug_line    0x00000bb4      0x135 build/default/debug/_ext/1360937237/timer.o
 .debug_line    0x00000ce9      0x2c4 build/default/debug/_ext/467624261/osal_freertos.o
 .debug_line    0x00000fad      0x5e7 build/default/debug/_ext/509762241/sys_devcon.o
 .debug_line    0x00001594      0x48f build/default/debug/_ext/509762241/sys_devcon_pic32mx.o
 .debug_line    0x00001a23      0x39e build/default/debug/_ext/617995141/sys_int_pic32.o
 .debug_line    0x00001dc1      0x88b build/default/debug/_ext/933165592/sys_ports.o
 .debug_line    0x0000264c       0x1d build/default/debug/_ext/142385888/croutine.o
 .debug_line    0x00002669      0x1e5 build/default/debug/_ext/142385888/list.o
 .debug_line    0x0000284e      0x4ab build/default/debug/_ext/142385888/queue.o
 .debug_line    0x00002cf9      0x84f build/default/debug/_ext/142385888/tasks.o
 .debug_line    0x00003548      0x396 build/default/debug/_ext/142385888/timers.o
 .debug_line    0x000038de      0x32a build/default/debug/_ext/142385888/event_groups.o
 .debug_line    0x00003c08      0x21f build/default/debug/_ext/1936836093/heap_1.o
 .debug_line    0x00003e27      0x240 build/default/debug/_ext/1035289430/port.o
 .debug_line    0x00004067      0x129 build/default/debug/_ext/1035289430/port_asm.o
 .debug_line    0x00004190      0x6b5 build/default/debug/_ext/1345626252/drv_usart_static.o
 .debug_line    0x00004845      0x3f1 build/default/debug/_ext/639803181/sys_clk_static.o
 .debug_line    0x00004c36      0x3c1 build/default/debug/_ext/822048611/sys_ports_static.o
 .debug_line    0x00004ff7      0x421 build/default/debug/_ext/1688732426/system_init.o
 .debug_line    0x00005418      0x426 build/default/debug/_ext/1688732426/system_interrupt.o
 .debug_line    0x0000583e      0x156 build/default/debug/_ext/1688732426/system_exceptions.o
 .debug_line    0x00005994      0x381 build/default/debug/_ext/1688732426/system_tasks.o
 .debug_line    0x00005d15       0x7b build/default/debug/_ext/1688732426/system_interrupt_a.o
 .debug_line    0x00005d90      0x157 build/default/debug/_ext/1688732426/rtos_hooks.o
 .debug_line    0x00005ee7       0x97 c:/program files (x86)/microchip/xc32/v1.40/bin/bin/../../lib/gcc/pic32mx/4.8.3/../../../../pic32mx/lib\libpic32.a(default-bootstrap-exception-handler.o)
 .debug_line    0x00005f7e       0x84 c:/program files (x86)/microchip/xc32/v1.40/bin/bin/../../lib/gcc/pic32mx/4.8.3/../../../../pic32mx/lib\libpic32.a(default-on-reset.o)
 .debug_line    0x00006002       0x88 c:/program files (x86)/microchip/xc32/v1.40/bin/bin/../../lib/gcc/pic32mx/4.8.3/../../../../pic32mx/lib\libpic32.a(default-on-bootstrap.o)
 .debug_line    0x0000608a       0x96 c:/program files (x86)/microchip/xc32/v1.40/bin/bin/../../lib/gcc/pic32mx/4.8.3/../../../../pic32mx/lib\libpic32.a(defaultinterrupt.o)

.debug_frame    0x00000000     0x1448
 *(.debug_frame)
 .debug_frame   0x00000000       0x20 c:/program files (x86)/microchip/xc32/v1.40/bin/bin/../../lib/gcc/pic32mx/4.8.3/../../../../pic32mx/lib\software-debug-break.o
 .debug_frame   0x00000020       0x60 build/default/debug/_ext/1360937237/app.o
 .debug_frame   0x00000080       0x28 build/default/debug/_ext/1360937237/main.o
 .debug_frame   0x000000a8       0xa8 build/default/debug/_ext/1360937237/debugging_task.o
 .debug_frame   0x00000150       0xc0 build/default/debug/_ext/1360937237/messaging_task.o
 .debug_frame   0x00000210       0x20 build/default/debug/_ext/1360937237/timer.o
 .debug_frame   0x00000230      0x150 build/default/debug/_ext/467624261/osal_freertos.o
 .debug_frame   0x00000380       0xe8 build/default/debug/_ext/509762241/sys_devcon.o
 .debug_frame   0x00000468       0x28 build/default/debug/_ext/509762241/sys_devcon_pic32mx.o
 .debug_frame   0x00000490       0x90 build/default/debug/_ext/617995141/sys_int_pic32.o
 .debug_frame   0x00000520      0x1d0 build/default/debug/_ext/933165592/sys_ports.o
 .debug_frame   0x000006f0       0x60 build/default/debug/_ext/142385888/list.o
 .debug_frame   0x00000750      0x230 build/default/debug/_ext/142385888/queue.o
 .debug_frame   0x00000980      0x4d4 build/default/debug/_ext/142385888/tasks.o
 .debug_frame   0x00000e54      0x134 build/default/debug/_ext/142385888/timers.o
 .debug_frame   0x00000f88      0x108 build/default/debug/_ext/142385888/event_groups.o
 .debug_frame   0x00001090       0x5c build/default/debug/_ext/1936836093/heap_1.o
 .debug_frame   0x000010ec       0xc0 build/default/debug/_ext/1035289430/port.o
 .debug_frame   0x000011ac       0x58 build/default/debug/_ext/1345626252/drv_usart_static.o
 .debug_frame   0x00001204       0x58 build/default/debug/_ext/639803181/sys_clk_static.o
 .debug_frame   0x0000125c       0x20 build/default/debug/_ext/822048611/sys_ports_static.o
 .debug_frame   0x0000127c       0x28 build/default/debug/_ext/1688732426/system_init.o
 .debug_frame   0x000012a4       0x28 build/default/debug/_ext/1688732426/system_interrupt.o
 .debug_frame   0x000012cc       0x28 build/default/debug/_ext/1688732426/system_exceptions.o
 .debug_frame   0x000012f4       0x88 build/default/debug/_ext/1688732426/system_tasks.o
 .debug_frame   0x0000137c       0x40 build/default/debug/_ext/1688732426/rtos_hooks.o
 .debug_frame   0x000013bc       0x2c c:/program files (x86)/microchip/xc32/v1.40/bin/bin/../../lib/gcc/pic32mx/4.8.3/../../../../pic32mx/lib\libpic32.a(default-bootstrap-exception-handler.o)
 .debug_frame   0x000013e8       0x20 c:/program files (x86)/microchip/xc32/v1.40/bin/bin/../../lib/gcc/pic32mx/4.8.3/../../../../pic32mx/lib\libpic32.a(default-on-reset.o)
 .debug_frame   0x00001408       0x20 c:/program files (x86)/microchip/xc32/v1.40/bin/bin/../../lib/gcc/pic32mx/4.8.3/../../../../pic32mx/lib\libpic32.a(default-on-bootstrap.o)
 .debug_frame   0x00001428       0x20 c:/program files (x86)/microchip/xc32/v1.40/bin/bin/../../lib/gcc/pic32mx/4.8.3/../../../../pic32mx/lib\libpic32.a(defaultinterrupt.o)

.debug_str      0x00000000      0x6d2
 *(.debug_str)
 .debug_str     0x00000000        0x0 c:/program files (x86)/microchip/xc32/v1.40/bin/bin/../../lib/gcc/pic32mx/4.8.3/../../../../pic32mx/lib\software-debug-break.o
 .debug_str     0x00000000        0xf build/default/debug/_ext/1360937237/app.o
 .debug_str     0x0000000f        0x0 build/default/debug/_ext/1360937237/main.o
 .debug_str     0x0000000f        0x0 build/default/debug/_ext/1360937237/debugging_task.o
 .debug_str     0x0000000f        0xa build/default/debug/_ext/1360937237/messaging_task.o
 .debug_str     0x00000019        0x0 build/default/debug/_ext/1360937237/timer.o
 .debug_str     0x00000019       0x40 build/default/debug/_ext/467624261/osal_freertos.o
 .debug_str     0x00000059       0x16 build/default/debug/_ext/509762241/sys_devcon.o
 .debug_str     0x0000006f        0x6 build/default/debug/_ext/509762241/sys_devcon_pic32mx.o
 .debug_str     0x00000075       0x2d build/default/debug/_ext/617995141/sys_int_pic32.o
 .debug_str     0x000000a2       0x98 build/default/debug/_ext/933165592/sys_ports.o
 .debug_str     0x0000013a        0x0 build/default/debug/_ext/142385888/croutine.o
 .debug_str     0x0000013a       0x2b build/default/debug/_ext/142385888/list.o
 .debug_str     0x00000165       0xf1 build/default/debug/_ext/142385888/queue.o
 .debug_str     0x00000256      0x174 build/default/debug/_ext/142385888/tasks.o
 .debug_str     0x000003ca       0xbf build/default/debug/_ext/142385888/timers.o
 .debug_str     0x00000489       0xe6 build/default/debug/_ext/142385888/event_groups.o
 .debug_str     0x0000056f       0x1d build/default/debug/_ext/1936836093/heap_1.o
 .debug_str     0x0000058c       0x37 build/default/debug/_ext/1035289430/port.o
 .debug_str     0x000005c3       0x88 build/default/debug/_ext/1345626252/drv_usart_static.o
 .debug_str     0x0000064b       0x39 build/default/debug/_ext/639803181/sys_clk_static.o
 .debug_str     0x00000684       0x15 build/default/debug/_ext/822048611/sys_ports_static.o
 .debug_str     0x00000699        0xb build/default/debug/_ext/1688732426/system_init.o
 .debug_str     0x000006a4       0x25 build/default/debug/_ext/1688732426/system_interrupt.o
 .debug_str     0x000006c9        0x0 build/default/debug/_ext/1688732426/system_exceptions.o
 .debug_str     0x000006c9        0x0 build/default/debug/_ext/1688732426/system_tasks.o
 .debug_str     0x000006c9        0x9 build/default/debug/_ext/1688732426/rtos_hooks.o
 .debug_str     0x000006d2        0x0 c:/program files (x86)/microchip/xc32/v1.40/bin/bin/../../lib/gcc/pic32mx/4.8.3/../../../../pic32mx/lib\libpic32.a(default-bootstrap-exception-handler.o)
 .debug_str     0x000006d2        0x0 c:/program files (x86)/microchip/xc32/v1.40/bin/bin/../../lib/gcc/pic32mx/4.8.3/../../../../pic32mx/lib\libpic32.a(default-on-reset.o)
 .debug_str     0x000006d2        0x0 c:/program files (x86)/microchip/xc32/v1.40/bin/bin/../../lib/gcc/pic32mx/4.8.3/../../../../pic32mx/lib\libpic32.a(default-on-bootstrap.o)
 .debug_str     0x000006d2        0x0 c:/program files (x86)/microchip/xc32/v1.40/bin/bin/../../lib/gcc/pic32mx/4.8.3/../../../../pic32mx/lib\libpic32.a(defaultinterrupt.o)

.debug_loc      0x00000000     0x5dbd
 *(.debug_loc)
 .debug_loc     0x00000000       0xf3 build/default/debug/_ext/1360937237/app.o
 .debug_loc     0x000000f3       0x20 build/default/debug/_ext/1360937237/main.o
 .debug_loc     0x00000113      0x254 build/default/debug/_ext/1360937237/debugging_task.o
 .debug_loc     0x00000367      0x1b1 build/default/debug/_ext/1360937237/messaging_task.o
 .debug_loc     0x00000518      0x58c build/default/debug/_ext/467624261/osal_freertos.o
 .debug_loc     0x00000aa4      0x150 build/default/debug/_ext/509762241/sys_devcon.o
 .debug_loc     0x00000bf4      0x100 build/default/debug/_ext/509762241/sys_devcon_pic32mx.o
 .debug_loc     0x00000cf4      0x10d build/default/debug/_ext/617995141/sys_int_pic32.o
 .debug_loc     0x00000e01      0xee1 build/default/debug/_ext/933165592/sys_ports.o
 .debug_loc     0x00001ce2       0x31 build/default/debug/_ext/142385888/list.o
 .debug_loc     0x00001d13      0xf5e build/default/debug/_ext/142385888/queue.o
 .debug_loc     0x00002c71     0x195d build/default/debug/_ext/142385888/tasks.o
 .debug_loc     0x000045ce      0x901 build/default/debug/_ext/142385888/timers.o
 .debug_loc     0x00004ecf      0xa0a build/default/debug/_ext/142385888/event_groups.o
 .debug_loc     0x000058d9       0x69 build/default/debug/_ext/1936836093/heap_1.o
 .debug_loc     0x00005942      0x1aa build/default/debug/_ext/1035289430/port.o
 .debug_loc     0x00005aec       0x5a build/default/debug/_ext/1345626252/drv_usart_static.o
 .debug_loc     0x00005b46       0x41 build/default/debug/_ext/639803181/sys_clk_static.o
 .debug_loc     0x00005b87       0x41 build/default/debug/_ext/1688732426/system_init.o
 .debug_loc     0x00005bc8       0xc1 build/default/debug/_ext/1688732426/system_interrupt.o
 .debug_loc     0x00005c89       0x20 build/default/debug/_ext/1688732426/system_exceptions.o
 .debug_loc     0x00005ca9       0xa0 build/default/debug/_ext/1688732426/system_tasks.o
 .debug_loc     0x00005d49       0x74 build/default/debug/_ext/1688732426/rtos_hooks.o

.debug_macinfo
 *(.debug_macinfo)

.debug_weaknames
 *(.debug_weaknames)

.debug_funcnames
 *(.debug_funcnames)

.debug_typenames
 *(.debug_typenames)

.debug_varnames
 *(.debug_varnames)

.debug_pubtypes
 *(.debug_pubtypes)

.debug_ranges   0x00000000      0x8b8
 *(.debug_ranges)
 .debug_ranges  0x00000000       0x10 c:/program files (x86)/microchip/xc32/v1.40/bin/bin/../../lib/gcc/pic32mx/4.8.3/../../../../pic32mx/lib\software-debug-break.o
 .debug_ranges  0x00000010       0x20 build/default/debug/_ext/1360937237/app.o
 .debug_ranges  0x00000030       0x10 build/default/debug/_ext/1360937237/main.o
 .debug_ranges  0x00000040       0x38 build/default/debug/_ext/1360937237/debugging_task.o
 .debug_ranges  0x00000078       0x60 build/default/debug/_ext/1360937237/messaging_task.o
 .debug_ranges  0x000000d8       0x10 build/default/debug/_ext/1360937237/timer.o
 .debug_ranges  0x000000e8       0x78 build/default/debug/_ext/467624261/osal_freertos.o
 .debug_ranges  0x00000160       0x68 build/default/debug/_ext/509762241/sys_devcon.o
 .debug_ranges  0x000001c8       0x10 build/default/debug/_ext/509762241/sys_devcon_pic32mx.o
 .debug_ranges  0x000001d8       0x50 build/default/debug/_ext/617995141/sys_int_pic32.o
 .debug_ranges  0x00000228       0xe8 build/default/debug/_ext/933165592/sys_ports.o
 .debug_ranges  0x00000310       0x30 build/default/debug/_ext/142385888/list.o
 .debug_ranges  0x00000340       0xa8 build/default/debug/_ext/142385888/queue.o
 .debug_ranges  0x000003e8      0x1a8 build/default/debug/_ext/142385888/tasks.o
 .debug_ranges  0x00000590       0xe8 build/default/debug/_ext/142385888/timers.o
 .debug_ranges  0x00000678       0x98 build/default/debug/_ext/142385888/event_groups.o
 .debug_ranges  0x00000710       0x28 build/default/debug/_ext/1936836093/heap_1.o
 .debug_ranges  0x00000738       0x48 build/default/debug/_ext/1035289430/port.o
 .debug_ranges  0x00000780       0x28 build/default/debug/_ext/1345626252/drv_usart_static.o
 .debug_ranges  0x000007a8       0x28 build/default/debug/_ext/639803181/sys_clk_static.o
 .debug_ranges  0x000007d0       0x10 build/default/debug/_ext/822048611/sys_ports_static.o
 .debug_ranges  0x000007e0       0x10 build/default/debug/_ext/1688732426/system_init.o
 .debug_ranges  0x000007f0       0x10 build/default/debug/_ext/1688732426/system_interrupt.o
 .debug_ranges  0x00000800       0x10 build/default/debug/_ext/1688732426/system_exceptions.o
 .debug_ranges  0x00000810       0x30 build/default/debug/_ext/1688732426/system_tasks.o
 .debug_ranges  0x00000840       0x20 build/default/debug/_ext/1688732426/system_interrupt_a.o
 .debug_ranges  0x00000860       0x18 build/default/debug/_ext/1688732426/rtos_hooks.o
 .debug_ranges  0x00000878       0x10 c:/program files (x86)/microchip/xc32/v1.40/bin/bin/../../lib/gcc/pic32mx/4.8.3/../../../../pic32mx/lib\libpic32.a(default-bootstrap-exception-handler.o)
 .debug_ranges  0x00000888       0x10 c:/program files (x86)/microchip/xc32/v1.40/bin/bin/../../lib/gcc/pic32mx/4.8.3/../../../../pic32mx/lib\libpic32.a(default-on-reset.o)
 .debug_ranges  0x00000898       0x10 c:/program files (x86)/microchip/xc32/v1.40/bin/bin/../../lib/gcc/pic32mx/4.8.3/../../../../pic32mx/lib\libpic32.a(default-on-bootstrap.o)
 .debug_ranges  0x000008a8       0x10 c:/program files (x86)/microchip/xc32/v1.40/bin/bin/../../lib/gcc/pic32mx/4.8.3/../../../../pic32mx/lib\libpic32.a(defaultinterrupt.o)

.gnu.attributes
                0x00000000       0x10
 *(.gnu.attributes)
 .gnu.attributes
                0x00000000       0x10 c:/program files (x86)/microchip/xc32/v1.40/bin/bin/../../lib/gcc/pic32mx/4.8.3/../../../../pic32mx/lib\software-debug-break.o
 .gnu.attributes
                0x00000010       0x10 build/default/debug/_ext/1360937237/app.o
 .gnu.attributes
                0x00000020       0x10 build/default/debug/_ext/1360937237/main.o
 .gnu.attributes
                0x00000030       0x10 build/default/debug/_ext/1360937237/debugging_task.o
 .gnu.attributes
                0x00000040       0x10 build/default/debug/_ext/1360937237/messaging_task.o
 .gnu.attributes
                0x00000050       0x10 build/default/debug/_ext/1360937237/timer.o
 .gnu.attributes
                0x00000060       0x10 build/default/debug/_ext/467624261/osal_freertos.o
 .gnu.attributes
                0x00000070       0x10 build/default/debug/_ext/509762241/sys_devcon.o
 .gnu.attributes
                0x00000080       0x10 build/default/debug/_ext/509762241/sys_devcon_pic32mx.o
 .gnu.attributes
                0x00000090       0x10 build/default/debug/_ext/617995141/sys_int_pic32.o
 .gnu.attributes
                0x000000a0       0x10 build/default/debug/_ext/933165592/sys_ports.o
 .gnu.attributes
                0x000000b0       0x10 build/default/debug/_ext/142385888/croutine.o
 .gnu.attributes
                0x000000c0       0x10 build/default/debug/_ext/142385888/list.o
 .gnu.attributes
                0x000000d0       0x10 build/default/debug/_ext/142385888/queue.o
 .gnu.attributes
                0x000000e0       0x10 build/default/debug/_ext/142385888/tasks.o
 .gnu.attributes
                0x000000f0       0x10 build/default/debug/_ext/142385888/timers.o
 .gnu.attributes
                0x00000100       0x10 build/default/debug/_ext/142385888/event_groups.o
 .gnu.attributes
                0x00000110       0x10 build/default/debug/_ext/1936836093/heap_1.o
 .gnu.attributes
                0x00000120       0x10 build/default/debug/_ext/1035289430/port.o
 .gnu.attributes
                0x00000130       0x10 build/default/debug/_ext/1345626252/drv_usart_static.o
 .gnu.attributes
                0x00000140       0x10 build/default/debug/_ext/639803181/sys_clk_static.o
 .gnu.attributes
                0x00000150       0x10 build/default/debug/_ext/822048611/sys_ports_static.o
 .gnu.attributes
                0x00000160       0x10 build/default/debug/_ext/1688732426/system_init.o
 .gnu.attributes
                0x00000170       0x10 build/default/debug/_ext/1688732426/system_interrupt.o
 .gnu.attributes
                0x00000180       0x10 build/default/debug/_ext/1688732426/system_exceptions.o
 .gnu.attributes
                0x00000190       0x10 build/default/debug/_ext/1688732426/system_tasks.o
 .gnu.attributes
                0x000001a0       0x10 build/default/debug/_ext/1688732426/rtos_hooks.o
 .gnu.attributes
                0x000001b0       0x10 c:/program files (x86)/microchip/xc32/v1.40/bin/bin/../../lib/gcc/pic32mx/4.8.3/../../../../pic32mx/lib\libpic32.a(default-bootstrap-exception-handler.o)
 .gnu.attributes
                0x000001c0       0x10 c:/program files (x86)/microchip/xc32/v1.40/bin/bin/../../lib/gcc/pic32mx/4.8.3/../../../../pic32mx/lib\libpic32.a(default-on-reset.o)
 .gnu.attributes
                0x000001d0       0x10 c:/program files (x86)/microchip/xc32/v1.40/bin/bin/../../lib/gcc/pic32mx/4.8.3/../../../../pic32mx/lib\libpic32.a(default-on-bootstrap.o)
 .gnu.attributes
                0x000001e0       0x10 c:/program files (x86)/microchip/xc32/v1.40/bin/bin/../../lib/gcc/pic32mx/4.8.3/../../../../pic32mx/lib\libpic32.a(defaultinterrupt.o)
LOAD c:/program files (x86)/microchip/xc32/v1.40/bin/bin/../../lib/gcc/pic32mx/4.8.3\libgcc.a
START GROUP
LOAD c:/program files (x86)/microchip/xc32/v1.40/bin/bin/../../lib/gcc/pic32mx/4.8.3/../../../../pic32mx/lib\libpic32.a
LOAD c:/program files (x86)/microchip/xc32/v1.40/bin/bin/../../lib/gcc/pic32mx/4.8.3/../../../../pic32mx/lib\libdebug.a
LOAD c:/program files (x86)/microchip/xc32/v1.40/bin/bin/../../lib/gcc/pic32mx/4.8.3/../../../../pic32mx/lib\libpic32.a
LOAD c:/program files (x86)/microchip/xc32/v1.40/bin/bin/../../lib/gcc/pic32mx/4.8.3/../../../../pic32mx/lib\libm.a
LOAD c:/program files (x86)/microchip/xc32/v1.40/bin/bin/../../lib/gcc/pic32mx/4.8.3/../../../../pic32mx/lib\libe.a
LOAD c:/program files (x86)/microchip/xc32/v1.40/bin/bin/../../lib/gcc/pic32mx/4.8.3/../../../../pic32mx/lib\libdsp.a
LOAD c:/program files (x86)/microchip/xc32/v1.40/bin/bin/../../lib/gcc/pic32mx/4.8.3\libgcc.a
LOAD c:/program files (x86)/microchip/xc32/v1.40/bin/bin/../../lib/gcc/pic32mx/4.8.3/../../../../pic32mx/lib\libc.a
LOAD c:/program files (x86)/microchip/xc32/v1.40/bin/bin/../../lib/gcc/pic32mx/4.8.3/../../../../pic32mx/lib\libpic32.a
END GROUP
LOAD c:/program files (x86)/microchip/xc32/v1.40/bin/bin/../../lib/gcc/pic32mx/4.8.3\libgcc.a
OUTPUT(dist/default/debug/Milestone2.X.debug.elf elf32-tradlittlemips)
LOAD stack
LOAD data_init

.reginfo        0x00000000       0x18
 .reginfo       0x00000000       0x18 c:/program files (x86)/microchip/xc32/v1.40/bin/bin/../../lib/gcc/pic32mx/4.8.3/../../../../pic32mx/lib/./proc/32MX795F512L/crt0_mips32r2.o

.stack          0xa000b0a8      0x400
 .stack         0xa000b0a8      0x400 stack

.bss            0xa0000398     0xac80
 .bss           0xa0000398     0xa000 build/default/debug/_ext/1936836093/heap_1.o
 .bss           0xa000a398      0xc80 build/default/debug/_ext/1035289430/port.o
                0xa000a398                xISRStack

.data           0xa000b018       0x4c
 .data          0xa000b018       0x4c build/default/debug/_ext/1688732426/system_exceptions.o

.bss            0xa000b064       0x28
 .bss           0xa000b064       0x28 build/default/debug/_ext/142385888/timers.o

.text           0x9d000000      0x454
 .text          0x9d000000      0x454 build/default/debug/_ext/1035289430/port_asm.o
                0x9d000000                vPortTickInterruptHandler
                0x9d0001ac                vPortStartFirstTask
                0x9d000274                vPortYieldISR

.text.MESSAGING_TASK_Tasks
                0x9d000454      0x2c0
 .text.MESSAGING_TASK_Tasks
                0x9d000454      0x2c0 build/default/debug/_ext/1360937237/messaging_task.o
                0x9d000454                MESSAGING_TASK_Tasks

.text.prvTimerTask
                0x9d000714      0x264
 .text.prvTimerTask
                0x9d000714      0x264 build/default/debug/_ext/142385888/timers.o

.text.xQueueGenericReceive
                0x9d000978      0x24c
 .text.xQueueGenericReceive
                0x9d000978      0x24c build/default/debug/_ext/142385888/queue.o
                0x9d000978                xQueueGenericReceive

.text.xQueueGenericSend
                0x9d000bc4      0x208
 .text.xQueueGenericSend
                0x9d000bc4      0x208 build/default/debug/_ext/142385888/queue.o
                0x9d000bc4                xQueueGenericSend

.text.xTaskGenericCreate
                0x9d000dcc      0x1c0
 .text.xTaskGenericCreate
                0x9d000dcc      0x1c0 build/default/debug/_ext/142385888/tasks.o
                0x9d000dcc                xTaskGenericCreate

.DrvUsartInstance0_vector_text
                0x9d000f8c      0x1b4
 .DrvUsartInstance0_vector_text
                0x9d000f8c      0x1b4 build/default/debug/_ext/1688732426/system_interrupt_a.o

.text.xTaskIncrementTick
                0x9d001140      0x19c
 .text.xTaskIncrementTick
                0x9d001140      0x19c build/default/debug/_ext/142385888/tasks.o
                0x9d001140                xTaskIncrementTick

.text           0x9d0012dc      0x168
 .text          0x9d0012dc      0x168 c:/program files (x86)/microchip/xc32/v1.40/bin/bin/../../lib/gcc/pic32mx/4.8.3/../../../../pic32mx/lib\libpic32.a(memcpy.o)
                0x9d0012dc                memcpy

.text.xTaskResumeAll
                0x9d001444      0x154
 .text.xTaskResumeAll
                0x9d001444      0x154 build/default/debug/_ext/142385888/tasks.o
                0x9d001444                xTaskResumeAll

.text.vTaskPriorityInherit
                0x9d001598      0x12c
 .text.vTaskPriorityInherit
                0x9d001598      0x12c build/default/debug/_ext/142385888/tasks.o
                0x9d001598                vTaskPriorityInherit

.text.vTaskSwitchContext
                0x9d0016c4      0x11c
 .text.vTaskSwitchContext
                0x9d0016c4      0x11c build/default/debug/_ext/142385888/tasks.o
                0x9d0016c4                vTaskSwitchContext

.dinit          0x9d0017e0      0x110
 .dinit         0x9d0017e0      0x110 data_init

.text.DRV_USART0_Initialize
                0x9d0018f0      0x10c
 .text.DRV_USART0_Initialize
                0x9d0018f0      0x10c build/default/debug/_ext/1345626252/drv_usart_static.o
                0x9d0018f0                DRV_USART0_Initialize

.text.prvUnlockQueue
                0x9d0019fc      0x104
 .text.prvUnlockQueue
                0x9d0019fc      0x104 build/default/debug/_ext/142385888/queue.o

.text.prvSampleTimeNow
                0x9d001b00      0x104
 .text.prvSampleTimeNow
                0x9d001b00      0x104 build/default/debug/_ext/142385888/timers.o

.text.prvCopyDataToQueue
                0x9d001c04       0xfc
 .text.prvCopyDataToQueue
                0x9d001c04       0xfc build/default/debug/_ext/142385888/queue.o

.text.xTaskPriorityDisinherit
                0x9d001d00       0xf8
 .text.xTaskPriorityDisinherit
                0x9d001d00       0xf8 build/default/debug/_ext/142385888/tasks.o
                0x9d001d00                xTaskPriorityDisinherit

.text.APP_Initialize
                0x9d001df8       0xe8
 .text.APP_Initialize
                0x9d001df8       0xe8 build/default/debug/_ext/1360937237/app.o
                0x9d001df8                APP_Initialize

.text.xQueueGenericSendFromISR
                0x9d001ee0       0xe8
 .text.xQueueGenericSendFromISR
                0x9d001ee0       0xe8 build/default/debug/_ext/142385888/queue.o
                0x9d001ee0                xQueueGenericSendFromISR

.text.SYS_DEVCON_PerformanceConfig
                0x9d001fc8       0xdc
 .text.SYS_DEVCON_PerformanceConfig
                0x9d001fc8       0xdc build/default/debug/_ext/509762241/sys_devcon_pic32mx.o
                0x9d001fc8                SYS_DEVCON_PerformanceConfig

.rodata         0x9d0020a4       0xdc
 .rodata        0x9d0020a4       0xdc build/default/debug/_ext/1688732426/system_exceptions.o

.text.general_exception
                0x9d002180       0xdc
 .text.general_exception
                0x9d002180       0xdc c:/program files (x86)/microchip/xc32/v1.40/bin/bin/../../lib/gcc/pic32mx/4.8.3/../../../../pic32mx/lib\libpic32.a(general-exception.o)
                0x9d002180                _general_exception_context

.text.SYS_Tasks
                0x9d00225c       0xd8
 .text.SYS_Tasks
                0x9d00225c       0xd8 build/default/debug/_ext/1688732426/system_tasks.o
                0x9d00225c                SYS_Tasks

.text.xQueueReceiveFromISR
                0x9d002334       0xd4
 .text.xQueueReceiveFromISR
                0x9d002334       0xd4 build/default/debug/_ext/142385888/queue.o
                0x9d002334                xQueueReceiveFromISR

.text.xQueueGenericReset
                0x9d002408       0xc4
 .text.xQueueGenericReset
                0x9d002408       0xc4 build/default/debug/_ext/142385888/queue.o
                0x9d002408                xQueueGenericReset

.text.APP_Tasks
                0x9d0024cc       0xc0
 .text.APP_Tasks
                0x9d0024cc       0xc0 build/default/debug/_ext/1360937237/app.o
                0x9d0024cc                APP_Tasks

.text.xTaskRemoveFromEventList
                0x9d00258c       0xbc
 .text.xTaskRemoveFromEventList
                0x9d00258c       0xbc build/default/debug/_ext/142385888/tasks.o
                0x9d00258c                xTaskRemoveFromEventList

.text.pvPortMalloc
                0x9d002648       0xbc
 .text.pvPortMalloc
                0x9d002648       0xbc build/default/debug/_ext/1936836093/heap_1.o
                0x9d002648                pvPortMalloc

.text.prvInitialiseTCBVariables
                0x9d002704       0xb4
 .text.prvInitialiseTCBVariables
                0x9d002704       0xb4 build/default/debug/_ext/142385888/tasks.o
                0x9d002704                prvInitialiseTCBVariables

.text.IntHandlerDrvUsartInstance0
                0x9d0027b8       0xac
 .text.IntHandlerDrvUsartInstance0
                0x9d0027b8       0xac build/default/debug/_ext/1688732426/system_interrupt.o
                0x9d0027b8                IntHandlerDrvUsartInstance0

.text           0x9d002864       0xa8
 .text          0x9d002864       0xa8 c:/program files (x86)/microchip/xc32/v1.40/bin/bin/../../lib/gcc/pic32mx/4.8.3/../../../../pic32mx/lib\libpic32.a(memset.o)
                0x9d002864                memset

.text.xTaskCheckForTimeOut
                0x9d00290c       0xa0
 .text.xTaskCheckForTimeOut
                0x9d00290c       0xa0 build/default/debug/_ext/142385888/tasks.o
                0x9d00290c                xTaskCheckForTimeOut

.text.MESSAGING_TASK_Initialize
                0x9d0029ac       0x9c
 .text.MESSAGING_TASK_Initialize
                0x9d0029ac       0x9c build/default/debug/_ext/1360937237/messaging_task.o
                0x9d0029ac                MESSAGING_TASK_Initialize

.text.xTimerCreate
                0x9d002a48       0x98
 .text.xTimerCreate
                0x9d002a48       0x98 build/default/debug/_ext/142385888/timers.o
                0x9d002a48                xTimerCreate

.text           0x9d002ae0       0x98
 .text          0x9d002ae0       0x98 c:/program files (x86)/microchip/xc32/v1.40/bin/bin/../../lib/gcc/pic32mx/4.8.3/../../../../pic32mx/lib\libpic32.a(memcmp.o)
                0x9d002ae0                memcmp

.text.xQueueGenericCreate
                0x9d002b78       0x94
 .text.xQueueGenericCreate
                0x9d002b78       0x94 build/default/debug/_ext/142385888/queue.o
                0x9d002b78                xQueueGenericCreate

.text.vTaskPlaceOnEventList
                0x9d002c0c       0x94
 .text.vTaskPlaceOnEventList
                0x9d002c0c       0x94 build/default/debug/_ext/142385888/tasks.o
                0x9d002c0c                vTaskPlaceOnEventList

.text.xTimerGenericCommand
                0x9d002ca0       0x94
 .text.xTimerGenericCommand
                0x9d002ca0       0x94 build/default/debug/_ext/142385888/timers.o
                0x9d002ca0                xTimerGenericCommand

.text.vTaskStartScheduler
                0x9d002d34       0x90
 .text.vTaskStartScheduler
                0x9d002d34       0x90 build/default/debug/_ext/142385888/tasks.o
                0x9d002d34                vTaskStartScheduler

.text.prvInitialiseTaskLists
                0x9d002dc4       0x90
 .text.prvInitialiseTaskLists
                0x9d002dc4       0x90 build/default/debug/_ext/142385888/tasks.o
                0x9d002dc4                prvInitialiseTaskLists

.text.prvCheckTasksWaitingTermination
                0x9d002e54       0x90
 .text.prvCheckTasksWaitingTermination
                0x9d002e54       0x90 build/default/debug/_ext/142385888/tasks.o
                0x9d002e54                prvCheckTasksWaitingTermination

.text.SYS_PORTS_Initialize
                0x9d002ee4       0x88
 .text.SYS_PORTS_Initialize
                0x9d002ee4       0x88 build/default/debug/_ext/822048611/sys_ports_static.o
                0x9d002ee4                SYS_PORTS_Initialize

.text.prvAllocateTCBAndStack
                0x9d002f6c       0x84
 .text.prvAllocateTCBAndStack
                0x9d002f6c       0x84 build/default/debug/_ext/142385888/tasks.o
                0x9d002f6c                prvAllocateTCBAndStack

.text.vQueueWaitForMessageRestricted
                0x9d002ff0       0x74
 .text.vQueueWaitForMessageRestricted
                0x9d002ff0       0x74 build/default/debug/_ext/142385888/queue.o
                0x9d002ff0                vQueueWaitForMessageRestricted

.text.prvInsertTimerInActiveList
                0x9d003064       0x74
 .text.prvInsertTimerInActiveList
                0x9d003064       0x74 build/default/debug/_ext/142385888/timers.o

.text.prvCheckForValidListAndQueue
                0x9d0030d8       0x74
 .text.prvCheckForValidListAndQueue
                0x9d0030d8       0x74 build/default/debug/_ext/142385888/timers.o

.text.SYS_Initialize
                0x9d00314c       0x74
 .text.SYS_Initialize
                0x9d00314c       0x74 build/default/debug/_ext/1688732426/system_init.o
                0x9d00314c                SYS_Initialize

.text.prvAddCurrentTaskToDelayedList
                0x9d0031c0       0x70
 .text.prvAddCurrentTaskToDelayedList
                0x9d0031c0       0x70 build/default/debug/_ext/142385888/tasks.o
                0x9d0031c0                prvAddCurrentTaskToDelayedList

.text.vTaskPlaceOnEventListRestricted
                0x9d003230       0x6c
 .text.vTaskPlaceOnEventListRestricted
                0x9d003230       0x6c build/default/debug/_ext/142385888/tasks.o
                0x9d003230                vTaskPlaceOnEventListRestricted

.text.vApplicationSetupTickTimerInterrupt
                0x9d00329c       0x6c
 .text.vApplicationSetupTickTimerInterrupt
                0x9d00329c       0x6c build/default/debug/_ext/1035289430/port.o
                0x9d00329c                vApplicationSetupTickTimerInterrupt

.text.vTaskExitCritical
                0x9d003308       0x68
 .text.vTaskExitCritical